******************************************************************************
                  TI ARM Linker PC v18.12.3                    
******************************************************************************
>> Linked Mon Mar 23 13:23:36 2020

OUTPUT FILE NAME:   <rfEasyLinkListenBeforeTalk_CC1352P_2_LAUNCHXL_tirtos_ccs.out>
ENTRY POINT SYMBOL: "ResetISR"  address: 00006029


MEMORY CONFIGURATION

         name            origin    length      used     unused   attr    fill
----------------------  --------  ---------  --------  --------  ----  --------
  FLASH                 00000000   00058000  00008a7e  0004f582  R  X
  GPRAM                 11000000   00002000  00000000  00002000  RW X
  SRAM                  20000000   00014000  00002e73  0001118d  RW X


SEGMENT ALLOCATION MAP

run origin  load origin   length   init length attrs members
----------  ----------- ---------- ----------- ----- -------
00000000    00000000    00008a28   00008a28    r-x
  00000000    00000000    0000003c   0000003c    r-- .resetVecs
  0000003c    0000003c    00007d4c   00007d4c    r-x .text
  00007d88    00007d88    000008e6   000008e6    r-- .const
  00008670    00008670    000003b8   000003b8    r-- .cinit
00057fa8    00057fa8    00000058   00000058    r--
  00057fa8    00057fa8    00000058   00000058    r-- .ccfg
20000100    20000100    0000119a   00000000    rw-
  20000100    20000100    00000004   00000000    rw- .data:xdcRomConstPtr
  20000104    20000104    00000004   00000000    rw- .data:xdcRomExternFuncPtr
  20000108    20000108    00000004   00000000    rw- .data:xdcRomStatePtr
  20000110    20000110    0000118a   00000000    rw- .bss
20001830    20001830    00000010   00000000    rw-
  20001830    20001830    00000010   00000000    rw- .TI.bound:dmaSpi0RxControlTableEntry
20001840    20001840    00000010   00000000    rw-
  20001840    20001840    00000010   00000000    rw- .TI.bound:dmaSpi0TxControlTableEntry
20001900    20001900    00000010   00000000    rw-
  20001900    20001900    00000010   00000000    rw- .TI.bound:dmaSpi1RxControlTableEntry
20001910    20001910    00000010   00000000    rw-
  20001910    20001910    00000010   00000000    rw- .TI.bound:dmaSpi1TxControlTableEntry
20001a30    20001a30    00000010   00000000    rw-
  20001a30    20001a30    00000010   00000000    rw- .TI.bound:dmaSpi0RxAltControlTableEntry
20001a40    20001a40    00000010   00000000    rw-
  20001a40    20001a40    00000010   00000000    rw- .TI.bound:dmaSpi0TxAltControlTableEntry
20001b00    20001b00    00000010   00000000    rw-
  20001b00    20001b00    00000010   00000000    rw- .TI.bound:dmaSpi1RxAltControlTableEntry
20001b10    20001b10    00000010   00000000    rw-
  20001b10    20001b10    00000010   00000000    rw- .TI.bound:dmaSpi1TxAltControlTableEntry
20001b20    20001b20    00001000   00000000    r--
  20001b20    20001b20    00001000   00000000    r-- .priheap
20002b20    20002b20    00000785   00000000    rw-
  20002b20    20002b20    00000785   00000000    rw- .data
20013c00    20013c00    00000400   00000000    rw-
  20013c00    20013c00    00000400   00000000    rw- .stack


SECTION ALLOCATION MAP

 output                                  attributes/
section   page    origin      length       input sections
--------  ----  ----------  ----------   ----------------
.binit     0    00000000    00000000     

.cinit     0    00008670    000003b8     
                  00008670    000002df     (.cinit..data.load) [load image, compression = lzss]
                  0000894f    00000001     --HOLE-- [fill = 0]
                  00008950    0000000c     (__TI_handler_table)
                  0000895c    00000004     --HOLE-- [fill = 0]
                  00008960    00000008     (.cinit..TI.bound:dmaSpi0RxAltControlTableEntry.load) [load image, compression = zero_init]
                  00008968    00000008     (.cinit..TI.bound:dmaSpi0RxControlTableEntry.load) [load image, compression = zero_init]
                  00008970    00000008     (.cinit..TI.bound:dmaSpi0TxAltControlTableEntry.load) [load image, compression = zero_init]
                  00008978    00000008     (.cinit..TI.bound:dmaSpi0TxControlTableEntry.load) [load image, compression = zero_init]
                  00008980    00000008     (.cinit..TI.bound:dmaSpi1RxAltControlTableEntry.load) [load image, compression = zero_init]
                  00008988    00000008     (.cinit..TI.bound:dmaSpi1RxControlTableEntry.load) [load image, compression = zero_init]
                  00008990    00000008     (.cinit..TI.bound:dmaSpi1TxAltControlTableEntry.load) [load image, compression = zero_init]
                  00008998    00000008     (.cinit..TI.bound:dmaSpi1TxControlTableEntry.load) [load image, compression = zero_init]
                  000089a0    00000008     (.cinit..bss.load) [load image, compression = zero_init]
                  000089a8    00000008     (.cinit..data:xdcRomConstPtr.load) [load image, compression = lzss]
                  000089b0    00000008     (.cinit..data:xdcRomExternFuncPtr.load) [load image, compression = lzss]
                  000089b8    00000008     (.cinit..data:xdcRomStatePtr.load) [load image, compression = lzss]
                  000089c0    00000068     (__TI_cinit_table)

.init_array 
*          0    00000000    00000000     UNINITIALIZED

.ccfg      0    00057fa8    00000058     
                  00057fa8    00000058     ti_devices_config.obj (.ccfg:retain)

.bss       0    20000110    0000118a     UNINITIALIZED
                  20000110    00000450     rf_multiMode_cc13x2.aem4f : RFCC26X2_multiMode.c.cc13x2.ccs.o (.bss:$O1$$)
                  20000560    00000400     rfEasylinkListenBeforeTalk.obj (.bss:lbtTaskStack)
                  20000960    00000200     release_pem4f.oem4f (.bss:taskStackSection)
                  20000b60    000000d8     (.common:ti_sysbios_family_arm_m3_Hwi_dispatchTable)
                  20000c38    000000d4     (.common:spiCC26X2DMAObjects)
                  20000d0c    00000004     drivers_cc13x2.aem4f : PINCC26XX.oem4f (.bss)
                  20000d10    000000a8     EasyLink.obj (.bss:rfObject)
                  20000db8    0000008c     EasyLink.obj (.bss:txBuffer)
                  20000e44    0000007c     (.common:pinHandleTable)
                  20000ec0    00000050     (.common:lbtTask)
                  20000f10    0000004c     (.common:trngCC26XXObjects)
                  20000f5c    0000003c     rfEasylinkListenBeforeTalk.obj (.bss:lbtTaskParams)
                  20000f98    00000034     drivers_cc13x2.aem4f : PINCC26XX.oem4f (.bss:pinSwi)
                  20000fcc    00000030     EasyLink.obj (.bss:EasyLink_cmdPropRadioSetup)
                  20000ffc    00000030     EasyLink.obj (.bss:EasyLink_cmdPropRxAdv)
                  2000102c    00000020     EasyLink.obj (.bss:EasyLink_cmdPropTxAdv)
                  2000104c    00000020     drivers_cc13x2.aem4f : GPIOCC26XX.oem4f (.bss:gpioCallbackInfo)
                  2000106c    00000020                          : PINCC26XX.oem4f (.bss:pinGpioConfigTable)
                  2000108c    00000020     EasyLink.obj (.bss:rfParams)
                  200010ac    00000020     pressure_sensor.obj (.bss:spiParams)
                  200010cc    00000020     (.common:udmaCC26XXObject)
                  200010ec    0000001c     driverlib.lib : osc.obj (.bss:$O1$$)
                  20001108    0000001c     EasyLink.obj (.bss:EasyLink_cmdPropCs)
                  20001124    0000001c     drivers_cc13x2.aem4f : TRNGCC26XX.oem4f (.bss:TRNGCC26XX_hwi)
                  20001140    0000001c                          : TRNGCC26XX.oem4f (.bss:entropyPool)
                  2000115c    0000001c                          : PINCC26XX.oem4f (.bss:pinHwi)
                  20001178    0000001c                          : PINCC26XX.oem4f (.bss:pinSemaphore)
                  20001194    0000001c     EasyLink.obj (.bss:schParams_prop)
                  200011b0    00000018     EasyLink.obj (.bss)
                  200011c8    00000018     EasyLink.obj (.bss:EasyLink_cmdFs)
                  200011e0    00000018     pressure_sensor.obj (.bss:spiTransaction)
                  200011f8    00000014     rf_multiMode_cc13x2.aem4f : RFCC26X2_multiMode.c.cc13x2.ccs.o (.bss:RF_ratSyncCmd)
                  2000120c    00000010     EasyLink.obj (.bss:EasyLink_RF_prop)
                  2000121c    00000010     EasyLink.obj (.bss:EasyLink_params)
                  2000122c    00000010     rfEasylinkListenBeforeTalk.obj (.bss:entropyKey)
                  2000123c    0000000c     drivers_cc13x2.aem4f : GPIOCC26XX.oem4f (.bss:gpioPinState)
                  20001248    0000000c     rfEasylinkListenBeforeTalk.obj (.bss:pinState)
                  20001254    0000000c     rfEasylinkListenBeforeTalk.obj (.bss)
                  20001260    0000000c     EasyLink.obj (.bss:rxStatistics)
                  2000126c    00000008     EasyLink.obj (.bss:dataQueue)
                  20001274    00000008     drivers_cc13x2.aem4f : GPIOCC26XX.oem4f (.bss)
                  2000127c    00000004     pressure_sensor.obj (.bss)
                  20001280    00000004     pressure_sensor.obj (.bss:receiveBuffer)
                  20001284    00000004     pressure_sensor.obj (.bss:transmitBuffer)
                  20001288    00000004     (.common:ClockP_tickPeriod)
                  2000128c    00000004     (.common:PowerCC26XX_swiKey)
                  20001290    00000004     (.common:PowerCC26XX_taskKey)
                  20001294    00000004     (.common:entropyBuffer)
                  20001298    00000001     rf_multiMode_cc13x2.aem4f : RFCC26X2_multiMode.c.cc13x2.ccs.o (.bss)
                  20001299    00000001     (.common:driverlib_release_0_55938)

.data      0    20002b20    00000785     UNINITIALIZED
                  20002b20    00000110     drivers_cc13x2.aem4f : PowerCC26X2.oem4f (.data:PowerCC26X2_module)
                  20002c30    0000010c     release_pem4f.oem4f (.data:ROM_stateStruct)
                  20002d3c    00000088     rom_sysbios.aem4f : rom_sysbios.obj (.data:$O1$$)
                  20002dc4    00000082     ti_radio_config.obj (.data:txPowerTable_slr5kbps2gfsk_0)
                  20002e46    00000002     drivers_cc13x2.aem4f : TRNGCC26XX.oem4f (.data)
                  20002e48    00000054     release_pem4f.oem4f (.data:ti_sysbios_gates_GateMutex_Object__table__V)
                  20002e9c    0000004c     release_pem4f.oem4f (.data:ti_sysbios_knl_Task_Object__table__V)
                  20002ee8    00000048     release_pem4f.oem4f (.data:ti_sysbios_family_arm_cc26xx_Timer_Object__table__V)
                  20002f30    00000040     EasyLink.obj (.data:addrFilterTable)
                  20002f70    00000030     ti_radio_config.obj (.data:RF_cmdPropRadioDivSetup_slr5kbps2gfsk_0)
                  20002fa0    00000030     ti_radio_config.obj (.data:RF_cmdPropRxAdv_slr5kbps2gfsk_0)
                  20002fd0    00000030     release_pem4f.oem4f (.data:ti_sysbios_knl_Swi_Module_State_0_readyQ__A)
                  20003000    00000030     release_pem4f.oem4f (.data:ti_sysbios_knl_Swi_Object__table__V)
                  20003030    00000030     release_pem4f.oem4f (.data:ti_sysbios_knl_Task_Module_State_0_readyQ__A)
                  20003060    00000024     ti_easylink_config.obj (.data:EasyLink_supportedPhys)
                  20003084    00000024     ti_drivers_config.obj (.data:gpioCallbackFunctions)
                  200030a8    00000024     ti_drivers_config.obj (.data:gpioPinConfigs)
                  200030cc    00000004     drivers_cc13x2.aem4f : GPIOCC26XX.oem4f (.data:gpioPinTable)
                  200030d0    00000020                          : TRNGCC26XX.oem4f (.data:entropyPoolBuffer)
                  200030f0    00000020     release_pem4f.oem4f (.data:ti_sysbios_knl_Clock_Object__table__V)
                  20003110    00000020     release_pem4f.oem4f (.data:xdc_runtime_Error_IgnoreBlock)
                  20003130    0000001c     ti_radio_config.obj (.data:pOverrides_slr5kbps2gfsk_0)
                  2000314c    0000001b     EasyLink.obj (.data)
                  20003167    00000001     drivers_cc13x2.aem4f : SPI.oem4f (.data)
                  20003168    00000018     ti_radio_config.obj (.data:RF_cmdFs_slr5kbps2gfsk_0)
                  20003180    00000018     ti_radio_config.obj (.data:RF_cmdPropTx_slr5kbps2gfsk_0)
                  20003198    00000018     release_pem4f.oem4f (.data:ti_sysbios_family_arm_m3_Hwi_Object__table__V)
                  200031b0    00000018     release_pem4f.oem4f (.data:ti_sysbios_heaps_HeapMem_Object__table__V)
                  200031c8    00000014     ti_radio_config.obj (.data:pOverrides_slr5kbps2gfsk_0Tx20)
                  200031dc    00000014     ti_radio_config.obj (.data:pOverrides_slr5kbps2gfsk_0TxStd)
                  200031f0    00000010     ti_radio_config.obj (.data:RF_prop_slr5kbps2gfsk_0)
                  20003200    0000000c     rfEasylinkListenBeforeTalk.obj (.data:pinTable)
                  2000320c    00000008     rtsv7M4_T_le_v4SPD16_eabi.lib : _lock.c.obj (.data:$O1$$)
                  20003214    00000008     drivers_cc13x2.aem4f : PINCC26XX.oem4f (.data)
                  2000321c    00000008                          : TRNGCC26XX.oem4f (.data:jobList)
                  20003224    00000008     release_pem4f.oem4f (.data:ti_sysbios_family_arm_m3_Hwi_Module__root__V)
                  2000322c    00000008     release_pem4f.oem4f (.data:ti_sysbios_gates_GateHwi_Module__root__V)
                  20003234    00000008     release_pem4f.oem4f (.data:ti_sysbios_gates_GateMutex_Module__root__V)
                  2000323c    00000008     release_pem4f.oem4f (.data:ti_sysbios_hal_Hwi_Module__root__V)
                  20003244    00000008     release_pem4f.oem4f (.data:ti_sysbios_heaps_HeapMem_Module__root__V)
                  2000324c    00000008     release_pem4f.oem4f (.data:ti_sysbios_knl_Clock_Module__root__V)
                  20003254    00000008     release_pem4f.oem4f (.data:ti_sysbios_knl_Event_Module__root__V)
                  2000325c    00000008     release_pem4f.oem4f (.data:ti_sysbios_knl_Mailbox_Module__root__V)
                  20003264    00000008     release_pem4f.oem4f (.data:ti_sysbios_knl_Queue_Module__root__V)
                  2000326c    00000008     release_pem4f.oem4f (.data:ti_sysbios_knl_Semaphore_Module__root__V)
                  20003274    00000008     release_pem4f.oem4f (.data:ti_sysbios_knl_Swi_Module__root__V)
                  2000327c    00000008     release_pem4f.oem4f (.data:ti_sysbios_knl_Task_Module__root__V)
                  20003284    00000008     release_pem4f.oem4f (.data:xdc_runtime_System_Module_State_0_atexitHandlers__A)
                  2000328c    00000005     drivers_cc13x2.aem4f : GPIOCC26XX.oem4f (.data)
                  20003291    00000001     rfEasylinkListenBeforeTalk.obj (.data)
                  20003292    00000002     release_pem4f.oem4f (.data:ti_sysbios_family_arm_m3_Hwi_Module_State_0_excActive__A)
                  20003294    00000004     rtsv7M4_T_le_v4SPD16_eabi.lib : stkdepth_vars.c.obj (.data)
                  20003298    00000004     release_pem4f.oem4f (.data:ti_sysbios_family_arm_m3_Hwi_Module_State_0_excContext__A)
                  2000329c    00000004     release_pem4f.oem4f (.data:ti_sysbios_family_arm_m3_Hwi_Module_State_0_excStack__A)
                  200032a0    00000004     release_pem4f.oem4f (.data:ti_sysbios_knl_Task_Module_State_0_idleTask__A)
                  200032a4    00000001     rf_multiMode_cc13x2.aem4f : rf_patch_cpe_prop.c.cc13x2.ccs.o (.data)

.stack     0    20013c00    00000400     UNINITIALIZED
                  20013c00    00000400     --HOLE--

.priheap   0    20001b20    00001000     UNINITIALIZED
                  20001b20    00001000     --HOLE--

.data:xdcRomConstPtr 
*          0    20000100    00000004     UNINITIALIZED
                  20000100    00000004     release_pem4f.oem4f (.data:xdcRomConstPtr)

.data:xdcRomExternFuncPtr 
*          0    20000104    00000004     UNINITIALIZED
                  20000104    00000004     release_pem4f.oem4f (.data:xdcRomExternFuncPtr)

.data:xdcRomStatePtr 
*          0    20000108    00000004     UNINITIALIZED
                  20000108    00000004     release_pem4f.oem4f (.data:xdcRomStatePtr)

.bootVecs 
*          0    00000000    00000008     DSECT
                  00000000    00000008     boot.aem4f : boot.oem4f (.bootVecs)

.resetVecs 
*          0    00000000    0000003c     
                  00000000    0000003c     release_pem4f.oem4f (.resetVecs)

.vecs      0    20000000    000000d8     NOLOAD SECTION
                  20000000    000000d8     release_pem4f.oem4f (.vecs)

xdc.meta   0    00000000    000000ff     COPY SECTION
                  00000000    000000ff     release_pem4f.oem4f (xdc.meta)

xdc.noload 
*          0    00000000    00000000     COPY SECTION

.TI.bound:dmaSpi0RxControlTableEntry 
*          0    20001830    00000010     UNINITIALIZED
                  20001830    00000010     drivers_cc13x2.aem4f : SPICC26X2DMA.oem4f (.TI.bound:dmaSpi0RxControlTableEntry)

.TI.bound:dmaSpi0TxControlTableEntry 
*          0    20001840    00000010     UNINITIALIZED
                  20001840    00000010     drivers_cc13x2.aem4f : SPICC26X2DMA.oem4f (.TI.bound:dmaSpi0TxControlTableEntry)

.TI.bound:dmaSpi1RxControlTableEntry 
*          0    20001900    00000010     UNINITIALIZED
                  20001900    00000010     drivers_cc13x2.aem4f : SPICC26X2DMA.oem4f (.TI.bound:dmaSpi1RxControlTableEntry)

.TI.bound:dmaSpi1TxControlTableEntry 
*          0    20001910    00000010     UNINITIALIZED
                  20001910    00000010     drivers_cc13x2.aem4f : SPICC26X2DMA.oem4f (.TI.bound:dmaSpi1TxControlTableEntry)

.TI.bound:dmaSpi0RxAltControlTableEntry 
*          0    20001a30    00000010     UNINITIALIZED
                  20001a30    00000010     drivers_cc13x2.aem4f : SPICC26X2DMA.oem4f (.TI.bound:dmaSpi0RxAltControlTableEntry)

.TI.bound:dmaSpi0TxAltControlTableEntry 
*          0    20001a40    00000010     UNINITIALIZED
                  20001a40    00000010     drivers_cc13x2.aem4f : SPICC26X2DMA.oem4f (.TI.bound:dmaSpi0TxAltControlTableEntry)

.TI.bound:dmaSpi1RxAltControlTableEntry 
*          0    20001b00    00000010     UNINITIALIZED
                  20001b00    00000010     drivers_cc13x2.aem4f : SPICC26X2DMA.oem4f (.TI.bound:dmaSpi1RxAltControlTableEntry)

.TI.bound:dmaSpi1TxAltControlTableEntry 
*          0    20001b10    00000010     UNINITIALIZED
                  20001b10    00000010     drivers_cc13x2.aem4f : SPICC26X2DMA.oem4f (.TI.bound:dmaSpi1TxAltControlTableEntry)

.text      0    0000003c    00007d4c     
                  0000003c    000006a8     EasyLink.obj (.text:EasyLink_init)
                  000006e4    00000494     rf_multiMode_cc13x2.aem4f : RFCC26X2_multiMode.c.cc13x2.ccs.o (.text:RF_fsmActiveState)
                  00000b78    000002ec     drivers_cc13x2.aem4f : SPICC26X2DMA.oem4f (.text:SPICC26X2DMA_transfer)
                  00000e64    000002a8     EasyLink.obj (.text:EasyLink_transmitCcaAsync)
                  0000110c    0000025c     drivers_cc13x2.aem4f : SPICC26X2DMA.oem4f (.text:SPICC26X2DMA_hwiFxn)
                  00001368    0000024c     EasyLink.obj (.text:ccaDoneCallback)
                  000015b4    00000204     rf_multiMode_cc13x2.aem4f : RFCC26X2_multiMode.c.cc13x2.ccs.o (.text:RF_scheduleCmd)
                  000017b8    00000200                               : RFCC26X2_multiMode.c.cc13x2.ccs.o (.text:RF_open)
                  000019b8    000001c4     drivers_cc13x2.aem4f : PINCC26XX.oem4f (.text:PIN_init)
                  00001b7c    000001c4     rfEasylinkListenBeforeTalk.obj (.text:rfEasyLinkLbtFnx)
                  00001d40    000001b6     rtsv7M4_T_le_v4SPD16_eabi.lib : fd_add_t2.asm.obj (.text)
                  00001ef6    00000002     rf_multiMode_cc13x2.aem4f : rfc.c.cc13x2.ccs.o (.text:NOROM_RFCCpePatchReset)
                  00001ef8    000001a8     drivers_cc13x2.aem4f : PowerCC26X2.oem4f (.text:Power_sleep)
                  000020a0    00000190     rf_multiMode_cc13x2.aem4f : RFCC26X2_multiMode.c.cc13x2.ccs.o (.text:RF_dispatchNextCmd)
                  00002230    00000190     drivers_cc13x2.aem4f : PowerCC26X2_calibrateRCOSC.oem4f (.text:calibrateRcoscHf1)
                  000023c0    0000018c                          : PowerCC26X2.oem4f (.text:Power_init)
                  0000254c    0000018c                          : PowerCC26X2_calibrateRCOSC.oem4f (.text:runCalibrateFsm)
                  000026d8    00000188     release_pem4f.oem4f (.text:xdc_runtime_System_printfExtend__I)
                  00002860    00000174     drivers_cc13x2.aem4f : SPICC26X2DMA.oem4f (.text:configNextTransfer)
                  000029d4    00000170                          : SPICC26X2DMA.oem4f (.text:SPICC26X2DMA_transferCancel)
                  00002b44    00000150                          : SPICC26X2DMA.oem4f (.text:SPICC26X2DMA_open)
                  00002c94    00000148     rf_multiMode_cc13x2.aem4f : RFCC26X2_multiMode.c.cc13x2.ccs.o (.text:RF_fsmSetupState)
                  00002ddc    00000140     drivers_cc13x2.aem4f : SPICC26X2DMA.oem4f (.text:initIO)
                  00002f1c    00000134     rf_multiMode_cc13x2.aem4f : RFCC26X2_multiMode.c.cc13x2.ccs.o (.text:RF_abortCmd)
                  00003050    00000130                               : RFCC26X2_multiMode.c.cc13x2.ccs.o (.text:RF_initRadioSetup)
                  00003180    0000011c                               : RFCC26X2_multiMode.c.cc13x2.ccs.o (.text:RF_radioOpDoneCb)
                  0000329c    00000112                               : RFCC26X2_multiMode.c.cc13x2.ccs.o (.text:RF_decodeOverridePointers)
                  000033ae    00000002                               : RFCC26X2_multiMode.c.cc13x2.ccs.o (.text:RF_defaultCallback)
                  000033b0    00000110     drivers_cc13x2.aem4f : GPIOCC26XX.oem4f (.text:GPIO_setConfig)
                  000034c0    00000110     rf_multiMode_cc13x2.aem4f : RFCC26X2_multiMode.c.cc13x2.ccs.o (.text:RF_close)
                  000035d0    00000100     drivers_cc13x2.aem4f : PowerCC26X2.oem4f (.text:configureXOSCHF)
                  000036d0    000000fc     driverlib.lib : sys_ctrl.obj (.text:NOROM_SysCtrlStandby)
                  000037cc    000000fc     rf_multiMode_cc13x2.aem4f : RFCC26X2_multiMode.c.cc13x2.ccs.o (.text:RF_hwiCpe0Active)
                  000038c8    000000fc     rtsv7M4_T_le_v4SPD16_eabi.lib : fd_mul_t2.asm.obj (.text)
                  000039c4    000000f8     drivers_cc13x2.aem4f : PINCC26XX.oem4f (.text:PINCC26XX_setIoCfg)
                  00003abc    000000f4                          : SPICC26X2DMA.oem4f (.text:SPICC26X2DMA_control)
                  00003bb0    000000f0     rf_multiMode_cc13x2.aem4f : RFCC26X2_multiMode.c.cc13x2.ccs.o (.text:RF_fsmPowerUpState)
                  00003ca0    000000d8                               : RFCC26X2_multiMode.c.cc13x2.ccs.o (.text:RF_postCmd)
                  00003d78    000000d4                               : RFCC26X2_multiMode.c.cc13x2.ccs.o (.text:RF_pendCmd)
                  00003e4c    000000d2                               : RFCC26X2_multiMode.c.cc13x2.ccs.o (.text:RF_updatePaConfiguration)
                  00003f1e    00000002     rtsv7M4_T_le_v4SPD16_eabi.lib : _lock.c.obj (.text:_nop)
                  00003f20    000000d0     rf_multiMode_cc13x2.aem4f : RFCC26X2_multiMode.c.cc13x2.ccs.o (.text:RF_swiHw)
                  00003ff0    000000c8     drivers_cc13x2.aem4f : PowerCC26X2.oem4f (.text:Power_releaseDependency)
                  000040b8    000000c8     rfEasylinkListenBeforeTalk.obj (.text:main)
                  00004180    000000c4     drivers_cc13x2.aem4f : GPIOCC26XX.oem4f (.text:GPIO_init)
                  00004244    000000c4                          : PowerCC26X2.oem4f (.text:Power_setDependency)
                  00004308    000000b4     dpl_cc13x2.aem4f : PowerCC26X2_tirtos.oem4f (.text:PowerCC26XX_standbyPolicy)
                  000043bc    000000b4     drivers_cc13x2.aem4f : TRNGCC26XX.oem4f (.text:TRNG_generateEntropy)
                  00004470    000000ac                          : PINCC26XX.oem4f (.text:PIN_open)
                  0000451c    000000ac     driverlib.lib : setup.obj (.text:TrimAfterColdResetWakeupFromShutDown)
                  000045c8    000000ac     rfEasylinkListenBeforeTalk.obj (.text:lbtDoneCb)
                  00004674    000000a4     rf_multiMode_cc13x2.aem4f : RFCC26X2_multiMode.c.cc13x2.ccs.o (.text:RF_ratRestartChannels)
                  00004718    000000a0     auto_init.aem4f : auto_init.oem4f (.text)
                  000047b8    0000009c     rf_multiMode_cc13x2.aem4f : RFCC26X2_multiMode.c.cc13x2.ccs.o (.text:RF_calculateDispatchTime)
                  00004854    0000009c     rtsv7M4_T_le_v4SPD16_eabi.lib : memcpy_t2.asm.obj (.text)
                  000048f0    00000098     driverlib.lib : setup.obj (.text:NOROM_SetupTrimDevice)
                  00004988    00000096     rtsv7M4_T_le_v4SPD16_eabi.lib : ull_div_t2.asm.obj (.text)
                  00004a1e    00000002     drivers_cc13x2.aem4f : PowerCC26X2.oem4f (.text:emptyClockFunc)
                  00004a20    00000094                          : TRNGCC26XX.oem4f (.text:TRNGCC26XX_hwiFxn)
                  00004ab4    00000094     pressure_sensor.obj (.text:pressure_read)
                  00004b48    00000090     rf_multiMode_cc13x2.aem4f : RFCC26X2_multiMode.c.cc13x2.ccs.o (.text:RF_discardPendCmd)
                  00004bd8    00000088     driverlib.lib : osc.obj (.text:NOROM_OSCHF_AttemptToSwitchToXosc)
                  00004c60    00000088     rf_multiMode_cc13x2.aem4f : RFCC26X2_multiMode.c.cc13x2.ccs.o (.text:RF_cmdDispatchTime)
                  00004ce8    00000088     drivers_cc13x2.aem4f : PowerCC26X2_calibrateRCOSC.oem4f (.text:calibrateRcoscHf2)
                  00004d70    00000088                          : PowerCC26X2.oem4f (.text:disableLFClockQualifiers)
                  00004df8    00000088                          : PowerCC26X2_calibrateRCOSC.oem4f (.text:updateSubSecInc)
                  00004e80    00000086     rtsv7M4_T_le_v4SPD16_eabi.lib : fd_cmp_t2.asm.obj (.text:__aeabi_cdcmple)
                  00004f06    00000086                                   : fd_cmp_t2.asm.obj (.text:__aeabi_cdrcmple)
                  00004f8c    00000084     CC1352P_2_LAUNCHXL_fxns.obj (.text:CC1352P_2_LAUNCHXL_sendExtFlashByte)
                  00005010    00000084     rf_multiMode_cc13x2.aem4f : RFCC26X2_multiMode.c.cc13x2.ccs.o (.text:RF_issueRadioFreeCb)
                  00005094    00000084                               : RFCC26X2_multiMode.c.cc13x2.ccs.o (.text:RF_verifyGap)
                  00005118    00000084     rom_sysbios.aem4f : rom_sysbios.obj (.text:ti_sysbios_family_arm_m3_Hwi_excHandlerMin__I)
                  0000519c    00000080                       : rom_sysbios.obj (.text:ti_sysbios_family_arm_cc26xx_Timer_start__E)
                  0000521c    0000007c     rf_multiMode_cc13x2.aem4f : RFCC26X2_multiMode.c.cc13x2.ccs.o (.text:RF_ratFreeChannel)
                  00005298    0000007a     rtsv7M4_T_le_v4SPD16_eabi.lib : memset_t2.asm.obj (.text)
                  00005312    00000002                                   : div0.asm.obj (.text)
                  00005314    00000074     drivers_cc13x2.aem4f : PowerCC26X2_calibrateRCOSC.oem4f (.text:PowerCC26X2_auxISR)
                  00005388    00000074                          : TRNGCC26XX.oem4f (.text:TRNG_construct)
                  000053fc    00000072     rf_multiMode_cc13x2.aem4f : RFCC26X2_multiMode.c.cc13x2.ccs.o (.text:RF_detachOverrides)
                  0000546e    00000072     drivers_cc13x2.aem4f : SPICC26X2DMA.oem4f (.text:csnCallback)
                  000054e0    00000070     rf_multiMode_cc13x2.aem4f : rfc.c.cc13x2.ccs.o (.text:NOROM_RFCAnaDivTxOverride)
                  00005550    00000070     drivers_cc13x2.aem4f : PINCC26XX.oem4f (.text:PIN_add)
                  000055c0    00000070     rf_multiMode_cc13x2.aem4f : RFCC26X2_multiMode.c.cc13x2.ccs.o (.text:RF_hwiHw)
                  00005630    0000006e                               : RFCC26X2_multiMode.c.cc13x2.ccs.o (.text:RF_attachOverrides)
                  0000569e    0000006e                               : RFCC26X2_multiMode.c.cc13x2.ccs.o (.text:RF_howToSchedule)
                  0000570c    0000006e     rtsv7M4_T_le_v4SPD16_eabi.lib : ll_div_t2.asm.obj (.text)
                  0000577a    00000002     release_pem4f.oem4f (.text:ti_sysbios_BIOS_nullFunc__I)
                  0000577c    0000006d     rom_sysbios.aem4f : rom_sysbios.obj (.text:xdc_runtime_System_formatNum__I)
                  000057e9    00000001     --HOLE-- [fill = 0]
                  000057ea    00000002                       : rom_sysbios.obj (.text:xdc_runtime_SysCallback_defaultAbort)
                  000057ec    0000006c     rfEasylinkListenBeforeTalk.obj (.text:getRandomNumber)
                  00005858    00000068     driverlib.lib : osc.obj (.text:NOROM_OSCHF_SwitchToRcOscTurnOffXosc)
                  000058c0    00000068                   : sys_ctrl.obj (.text:NOROM_SysCtrlSetRechargeBeforePowerDown)
                  00005928    00000068     rf_multiMode_cc13x2.aem4f : RFCC26X2_multiMode.c.cc13x2.ccs.o (.text:RF_getCurrentTime)
                  00005990    00000068     rtsv7M4_T_le_v4SPD16_eabi.lib : copy_decompress_lzss.c.obj (.text:decompress:lzss:__TI_decompress_lzss)
                  000059f8    00000064     driverlib.lib : osc.obj (.text:NOROM_OSC_HPOSCRtcCompensate)
                  00005a5c    00000064     rf_multiMode_cc13x2.aem4f : RFCC26X2_multiMode.c.cc13x2.ccs.o (.text:RF_dispatchNextEvent)
                  00005ac0    00000060     drivers_cc13x2.aem4f : GPIOCC26XX.oem4f (.text:GPIO_write)
                  00005b20    00000060     rf_multiMode_cc13x2.aem4f : RFCC26X2_multiMode.c.cc13x2.ccs.o (.text:RF_applyRfCorePatch)
                  00005b80    00000060     drivers_cc13x2.aem4f : TRNGCC26XX.oem4f (.text:TRNGCC26XX_startTrng)
                  00005be0    00000060     EasyLink.obj (.text:calculateCmdTime)
                  00005c40    00000060     rfEasylinkListenBeforeTalk.obj (.text:lbtTask_init)
                  00005ca0    0000005c     drivers_cc13x2.aem4f : PINCC26XX.oem4f (.text:PIN_remove)
                  00005cfc    0000005c     rf_multiMode_cc13x2.aem4f : RFCC26X2_multiMode.c.cc13x2.ccs.o (.text:RF_syncCb)
                  00005d58    0000005c     drivers_cc13x2.aem4f : SPICC26X2DMA.oem4f (.text:initHw)
                  00005db4    0000005c     rom_sysbios.aem4f : rom_sysbios.obj (.text:ti_sysbios_heaps_HeapMem_initPrimary__I)
                  00005e10    0000005c     release_pem4f.oem4f (.text:xdc_runtime_Startup_getState__I)
                  00005e6c    0000005a     EasyLink.obj (.text:createTxAdvFromTx)
                  00005ec6    00000002     rom_sysbios.aem4f : rom_sysbios.obj (.text:xdc_runtime_SysCallback_defaultExit)
                  00005ec8    00000058     drivers_cc13x2.aem4f : PowerCC26X2_calibrateRCOSC.oem4f (.text:PowerCC26X2_initiateCalibration)
                  00005f20    00000058     rf_multiMode_cc13x2.aem4f : RFCC26X2_multiMode.c.cc13x2.ccs.o (.text:RF_fsmXOSCState)
                  00005f78    00000058                               : RFCC26X2_multiMode.c.cc13x2.ccs.o (.text:RF_hwiCpe0PowerFsm)
                  00005fd0    00000058     drivers_cc13x2.aem4f : TRNGCC26XX.oem4f (.text:TRNG_init)
                  00006028    00000058     boot.aem4f : boot.oem4f (.text)
                  00006080    00000056     rf_multiMode_cc13x2.aem4f : RFCC26X2_multiMode.c.cc13x2.ccs.o (.text:RF_defaultSubmitPolicy)
                  000060d6    00000002     rom_sysbios.aem4f : rom_sysbios.obj (.text:xdc_runtime_SysCallback_defaultFlush)
                  000060d8    00000054     driverlib.lib : chipinfo.obj (.text:NOROM_ChipInfo_GetChipType)
                  0000612c    00000054     drivers_cc13x2.aem4f : StructRingBuf.oem4f (.text:StructRingBuf_put)
                  00006180    00000050     dpl_cc13x2.aem4f : ClockP_tirtos.oem4f (.text:ClockP_construct)
                  000061d0    00000050     rf_multiMode_cc13x2.aem4f : RFCC26X2_multiMode.c.cc13x2.ccs.o (.text:RF_wakeupNotification)
                  00006220    00000050     drivers_cc13x2.aem4f : SPICC26X2DMA.oem4f (.text:SPICC26X2DMA_close)
                  00006270    00000050                          : TRNGCC26XX.oem4f (.text:TRNGCC26XX_waitForResult)
                  000062c0    0000004c     CC1352P_2_LAUNCHXL_fxns.obj (.text:CC1352P_2_LAUNCHXL_wakeUpExtFlash)
                  0000630c    0000004c     drivers_cc13x2.aem4f : StructRingBuf.oem4f (.text:StructRingBuf_get)
                  00006358    0000004c                          : UDMACC26XX.oem4f (.text:UDMACC26XX_open)
                  000063a4    0000004c     rtsv7M4_T_le_v4SPD16_eabi.lib : cpy_tbl.c.obj (.text:copy_in)
                  000063f0    0000004c     pressure_sensor.obj (.text:pressure_init)
                  0000643c    0000004c     drivers_cc13x2.aem4f : PowerCC26X2.oem4f (.text:switchXOSCHF)
                  00006488    00000048     rf_multiMode_cc13x2.aem4f : rfc.c.cc13x2.ccs.o (.text:NOROM_RFCSynthPowerDown)
                  000064d0    00000048     drivers_cc13x2.aem4f : PowerCC26X2_calibrateRCOSC.oem4f (.text:PowerCC26X2_RCOSC_clockFunc)
                  00006518    00000048                          : PowerCC26X2.oem4f (.text:PowerCC26XX_switchXOSC_HF)
                  00006560    00000048     rtsv7M4_T_le_v4SPD16_eabi.lib : fd_toi_t2.asm.obj (.text)
                  000065a8    00000044     driverlib.lib : chipinfo.obj (.text:NOROM_ChipInfo_GetHwRevision)
                  000065ec    00000044     drivers_cc13x2.aem4f : PINCC26XX.oem4f (.text:PIN_swi)
                  00006630    00000044                          : SPI.oem4f (.text:SPI_init)
                  00006674    00000044     rtsv7M4_T_le_v4SPD16_eabi.lib : fd_tou_t2.asm.obj (.text)
                  000066b8    00000042     drivers_cc13x2.aem4f : SPICC26X2DMA.oem4f (.text:SPICC26X2DMA_swiFxn)
                  000066fa    00000002     rom_sysbios.aem4f : rom_sysbios.obj (.text:xdc_runtime_SysCallback_defaultPutch)
                  000066fc    00000040     CC1352P_2_LAUNCHXL_fxns.obj (.text:CC1352P_2_LAUNCHXL_shutDownExtFlash)
                  0000673c    00000040     drivers_cc13x2.aem4f : PowerCC26X2.oem4f (.text:PowerCC26XX_isStableXOSC_HF)
                  0000677c    00000040                          : SPI.oem4f (.text:SPI_open)
                  000067bc    00000040                          : TRNGCC26XX.oem4f (.text:TRNGCC26XX_copyToClient)
                  000067fc    00000040     rtsv7M4_T_le_v4SPD16_eabi.lib : u_divt2.asm.obj (.text)
                  0000683c    00000040     rom_sysbios.aem4f : rom_sysbios.obj (.text:ti_sysbios_family_arm_cc26xx_Timer_setThreshold__I)
                  0000687c    0000003e     dpl_cc13x2.aem4f : HwiP_tirtos.oem4f (.text:HwiP_construct)
                  000068ba    00000002     --HOLE-- [fill = 0]
                  000068bc    0000003c     drivers_cc13x2.aem4f : PINCC26XX.oem4f (.text:PIN_setInterrupt)
                  000068f8    0000003c                          : PINCC26XX.oem4f (.text:PIN_setOutputValue)
                  00006934    0000003c     rf_multiMode_cc13x2.aem4f : RFCC26X2_multiMode.c.cc13x2.ccs.o (.text:RF_cmdGet)
                  00006970    0000003c                               : RFCC26X2_multiMode.c.cc13x2.ccs.o (.text:RF_cmdStoreEvents)
                  000069ac    0000003c     dpl_cc13x2.aem4f : SwiP_tirtos.oem4f (.text:SwiP_construct)
                  000069e8    0000003c     rom_sysbios.aem4f : rom_sysbios.obj (.text:ti_sysbios_family_arm_m3_Hwi_construct2__E)
                  00006a24    00000038     driverlib.lib : osc.obj (.text:NOROM_OSC_HPOSCRelativeFrequencyOffsetGet)
                  00006a5c    00000038     drivers_cc13x2.aem4f : PINCC26XX.oem4f (.text:PIN_setConfig)
                  00006a94    00000038     rf_multiMode_cc13x2.aem4f : RFCC26X2_multiMode.c.cc13x2.ccs.o (.text:RF_checkCmdFsError)
                  00006acc    00000038                               : RFCC26X2_multiMode.c.cc13x2.ccs.o (.text:RF_powerConstraintRelease)
                  00006b04    00000038     drivers_cc13x2.aem4f : PowerCC26X2.oem4f (.text:notify)
                  00006b3c    00000038     rtsv7M4_T_le_v4SPD16_eabi.lib : fs_tod_t2.asm.obj (.text)
                  00006b74    00000036     drivers_cc13x2.aem4f : UDMACC26XX.oem4f (.text:UDMACC26XX_close)
                  00006baa    00000036     rf_multiMode_cc13x2.aem4f : rf_patch_cpe_prop.c.cc13x2.ccs.o (.text:configurePropPatch)
                  00006be0    00000036     rom_sysbios.aem4f : rom_sysbios.obj (.text:ti_sysbios_family_arm_cc26xx_Timer_setNextTick__E)
                  00006c16    00000002     --HOLE-- [fill = 0]
                  00006c18    00000034     driverlib.lib : aux_sysif.obj (.text:NOROM_AUXSYSIFOpModeChange)
                  00006c4c    00000034                   : sys_ctrl.obj (.text:NOROM_SysCtrlIdle)
                  00006c80    00000030     drivers_cc13x2.aem4f : GPIOCC26XX.oem4f (.text:GPIO_hwiIntFxn)
                  00006cb0    00000030                          : GPIOCC26XX.oem4f (.text:GPIO_setCallback)
                  00006ce0    00000030                          : PINCC26XX.oem4f (.text:PINCC26XX_setMux)
                  00006d10    00000030                          : PowerCC26X2.oem4f (.text:Power_releaseConstraint)
                  00006d40    00000030                          : PowerCC26X2.oem4f (.text:Power_setConstraint)
                  00006d70    00000030                          : TRNGCC26XX.oem4f (.text:TRNGCC26XX_fillEntropyPool)
                  00006da0    00000030     release_pem4f.oem4f (.text:ti_sysbios_BIOS_atExitFunc__I)
                  00006dd0    00000030     release_pem4f.oem4f (.text:ti_sysbios_BIOS_startFunc__I)
                  00006e00    00000030     rom_sysbios.aem4f : rom_sysbios.obj (.text:ti_sysbios_family_arm_cc26xx_Timer_getCurrentTick__E)
                  00006e30    00000030                       : rom_sysbios.obj (.text:ti_sysbios_family_arm_cc26xx_Timer_initDevice__I)
                  00006e60    0000002e     rf_multiMode_cc13x2.aem4f : RFCC26X2_multiMode.c.cc13x2.ccs.o (.text:RF_queueEnd)
                  00006e8e    0000002e     rtsv7M4_T_le_v4SPD16_eabi.lib : i_tofd_t2.asm.obj (.text)
                  00006ebc    0000002c     rf_multiMode_cc13x2.aem4f : RFCC26X2_multiMode.c.cc13x2.ccs.o (.text:RF_executeDirectImmediateCmd)
                  00006ee8    0000002c     dpl_cc13x2.aem4f : SemaphoreP_tirtos.oem4f (.text:SemaphoreP_constructBinary)
                  00006f14    0000002c                      : SemaphoreP_tirtos.oem4f (.text:SemaphoreP_createBinary)
                  00006f40    0000002c     drivers_cc13x2.aem4f : TRNGCC26XX.oem4f (.text:TRNGCC26XX_stopTrng)
                  00006f6c    0000002c     rom_sysbios.aem4f : rom_sysbios.obj (.text:_pthread_delete$45)
                  00006f98    0000002c     rf_multiMode_cc13x2.aem4f : rf_patch_cpe_prop.c.cc13x2.ccs.o (.text:applyPropPatch)
                  00006fc4    0000002c     rom_sysbios.aem4f : rom_sysbios.obj (.text:ti_sysbios_knl_Clock_getTicksUntilInterrupt__E)
                  00006ff0    0000002a     drivers_cc13x2.aem4f : List.oem4f (.text:List_insert)
                  0000701a    0000002a     rf_multiMode_cc13x2.aem4f : RFCC26X2_multiMode.c.cc13x2.ccs.o (.text:RF_searchAndReplacePAOverride)
                  00007044    0000002a     rom_sysbios.aem4f : rom_sysbios.obj (.text:ti_sysbios_knl_Clock_getTimeout__E)
                  0000706e    00000002     --HOLE-- [fill = 0]
                  00007070    00000028     EasyLink.obj (.text:EasyLink_getAbsTime)
                  00007098    00000028     driverlib.lib : osc.obj (.text:NOROM_OSCHF_TurnOnXosc)
                  000070c0    00000028     rf_multiMode_cc13x2.aem4f : rfc.c.cc13x2.ccs.o (.text:NOROM_RFCOverrideSearch)
                  000070e8    00000028     drivers_cc13x2.aem4f : PowerCC26X2.oem4f (.text:Power_registerNotify)
                  00007110    00000028     rf_multiMode_cc13x2.aem4f : RFCC26X2_multiMode.c.cc13x2.ccs.o (.text:RF_calculateDeltaTimeUs)
                  00007138    00000028                               : RFCC26X2_multiMode.c.cc13x2.ccs.o (.text:RF_runCmd)
                  00007160    00000028     drivers_cc13x2.aem4f : TRNGCC26XX.oem4f (.text:TRNGCC26XX_serviceJob)
                  00007188    00000028                          : SPICC26X2DMA.oem4f (.text:flushFifos)
                  000071b0    00000028                          : PowerCC26X2.oem4f (.text:oscillatorISR)
                  000071d8    00000026                          : List.oem4f (.text:List_put)
                  000071fe    00000026                          : List.oem4f (.text:List_putHead)
                  00007224    00000026                          : List.oem4f (.text:List_remove)
                  0000724a    00000002     --HOLE-- [fill = 0]
                  0000724c    00000024     rf_multiMode_cc13x2.aem4f : rfc.c.cc13x2.ccs.o (.text:NOROM_RFCDoorbellSendTo)
                  00007270    00000024                               : RFCC26X2_multiMode.c.cc13x2.ccs.o (.text:RF_cmdAlloc)
                  00007294    00000024                               : RFCC26X2_multiMode.c.cc13x2.ccs.o (.text:RF_invokeGlobalCallback)
                  000072b8    00000024     rom_sysbios.aem4f : rom_sysbios.obj (.text:_pthread_cleanupFxn)
                  000072dc    00000024     drivers_cc13x2.aem4f : PowerCC26X2_calibrateRCOSC.oem4f (.text:getTdcSemaphore)
                  00007300    00000024     release_pem4f.oem4f (.text:ti_sysbios_BIOS_registerRTSLock__I)
                  00007324    00000024     release_pem4f.oem4f (.text:ti_sysbios_BIOS_removeRTSLock__I)
                  00007348    00000024     rom_sysbios.aem4f : rom_sysbios.obj (.text:ti_sysbios_family_arm_cc26xx_Timer_getMaxTicks__E)
                  0000736c    00000022     drivers_cc13x2.aem4f : List.oem4f (.text:List_get)
                  0000738e    00000020     dpl_cc13x2.aem4f : HwiP_tirtos.oem4f (.text:HwiP_setFunc)
                  000073ae    00000002     --HOLE-- [fill = 0]
                  000073b0    00000020     drivers_cc13x2.aem4f : PINCC26XX.oem4f (.text:PINCC26XX_setIoCfgMux)
                  000073d0    00000020                          : PowerCC26X2.oem4f (.text:Power_unregisterNotify)
                  000073f0    00000020     rf_multiMode_cc13x2.aem4f : RFCC26X2_multiMode.c.cc13x2.ccs.o (.text:RF_clkPowerUp)
                  00007410    00000020                               : RFCC26X2_multiMode.c.cc13x2.ccs.o (.text:RF_hwiCpe0ChangePhy)
                  00007430    00000020                               : RFCC26X2_multiMode.c.cc13x2.ccs.o (.text:RF_isStateTransitionAllowed)
                  00007450    00000020                               : RFCC26X2_multiMode.c.cc13x2.ccs.o (.text:RF_ratIsRunning)
                  00007470    00000020     release_pem4f.oem4f (.text:ti_sysbios_BIOS_rtsLock__I)
                  00007490    00000020     rom_sysbios.aem4f : rom_sysbios.obj (.text:ti_sysbios_family_arm_cc26xx_Timer_dynamicStub__E)
                  000074b0    00000020                       : rom_sysbios.obj (.text:xdc_runtime_Error_policyMin__E)
                  000074d0    0000001e     drivers_cc13x2.aem4f : PINCC26XX.oem4f (.text:PIN_close)
                  000074ee    0000001e                          : PowerCC26X2.oem4f (.text:Power_getTransitionLatency)
                  0000750c    0000001c     ti_drivers_config.obj (.text:Board_init)
                  00007528    0000001c     driverlib.lib : chipinfo.obj (.text:NOROM_ChipInfo_GetChipFamily)
                  00007544    0000001c     drivers_cc13x2.aem4f : PINCC26XX.oem4f (.text:PIN_hwi)
                  00007560    0000001c     dpl_cc13x2.aem4f : PowerCC26X2_tirtos.oem4f (.text:PowerCC26XX_schedulerDisable)
                  0000757c    0000001c                      : PowerCC26X2_tirtos.oem4f (.text:PowerCC26XX_schedulerRestore)
                  00007598    0000001c     rf_multiMode_cc13x2.aem4f : RFCC26X2_multiMode.c.cc13x2.ccs.o (.text:RF_clkInactivityCallback)
                  000075b4    0000001c                               : RFCC26X2_multiMode.c.cc13x2.ccs.o (.text:RF_getPAOverrideOffsetAndValue)
                  000075d0    0000001c                               : RFCC26X2_multiMode.c.cc13x2.ccs.o (.text:RF_powerConstraintSet)
                  000075ec    0000001c     drivers_cc13x2.aem4f : UDMACC26XX.oem4f (.text:UDMACC26XX_initHw)
                  00007608    0000001c     EasyLink.obj (.text:genActivityTableValue)
                  00007624    0000001c     rom_sysbios.aem4f : rom_sysbios.obj (.text:ti_sysbios_family_arm_m3_Hwi_clearInterrupt__E)
                  00007640    0000001c                       : rom_sysbios.obj (.text:ti_sysbios_knl_Swi_construct2__E)
                  0000765c    0000001c     release_pem4f.oem4f (.text:xdc_runtime_Startup_exec__I)
                  00007678    0000001a     drivers_cc13x2.aem4f : PowerCC26X2.oem4f (.text:PowerCC26XX_calibrate)
                  00007692    00000018     EasyLink.obj (.text:ChipInfo_ChipFamilyIs_CC13x2_CC26x2)
                  000076aa    00000018     EasyLink.obj (.text:ChipInfo_ChipFamilyIs_CC26x0R2)
                  000076c2    00000002     --HOLE-- [fill = 0]
                  000076c4    00000018     driverlib.lib : chipinfo.obj (.text:NOROM_ChipInfo_GetPackageType)
                  000076dc    00000018     drivers_cc13x2.aem4f : PowerCC26X2.oem4f (.text:Power_idleFunc)
                  000076f4    00000018     rf_multiMode_cc13x2.aem4f : RFCC26X2_multiMode.c.cc13x2.ccs.o (.text:RF_ScheduleCmdParams_init)
                  0000770c    00000018                               : RFCC26X2_multiMode.c.cc13x2.ccs.o (.text:RF_swiFsm)
                  00007724    00000018     drivers_cc13x2.aem4f : TRNGCC26XX.oem4f (.text:TRNGCC26XX_startJob)
                  0000773c    00000018     rtsv7M4_T_le_v4SPD16_eabi.lib : args_main.c.obj (.text:_args_main)
                  00007754    00000018                                   : ll_mul_t2.asm.obj (.text)
                  0000776c    00000018     release_pem4f.oem4f (.text:ti_sysbios_BIOS_rtsUnlock__I)
                  00007784    00000018     rom_sysbios.aem4f : rom_sysbios.obj (.text:ti_sysbios_knl_Swi_or__E)
                  0000779c    00000018                       : rom_sysbios.obj (.text:xdc_runtime_Error_init__E)
                  000077b4    00000016     EasyLink.obj (.text:ChipInfo_ChipFamilyIs_CC26x0)
                  000077ca    00000016     driverlib.lib : chipinfo.obj (.text:NOROM_ThisLibraryIsFor_CC13x2_CC26x2_HwRev20AndLater_HaltIfViolated)
                  000077e0    00000016     rf_multiMode_cc13x2.aem4f : RFCC26X2_multiMode.c.cc13x2.ccs.o (.text:RF_restartClockTimeout)
                  000077f6    00000016     release_pem4f.oem4f (.text:ti_sysbios_BIOS_exitFunc__I)
                  0000780c    00000016     EasyLink.obj (.text:ti_sysbios_knl_Semaphore_Params_init)
                  00007822    00000016     rfEasylinkListenBeforeTalk.obj (.text:ti_sysbios_knl_Semaphore_Params_init)
                  00007838    00000016     rfEasylinkListenBeforeTalk.obj (.text:ti_sysbios_knl_Task_Params_init)
                  0000784e    00000002     --HOLE-- [fill = 0]
                  00007850    00000014     EasyLink.obj (.text:EasyLink_Params_init)
                  00007864    00000014     drivers_cc13x2.aem4f : List.oem4f (.text:List_clearList)
                  00007878    00000014     rf_multiMode_cc13x2.aem4f : rfc.c.cc13x2.ccs.o (.text:NOROM_RFCCpeIntGetAndClear)
                  0000788c    00000014     drivers_cc13x2.aem4f : PINCC26XX.oem4f (.text:PINCC26XX_getInputValue)
                  000078a0    00000014                          : PINCC26XX.oem4f (.text:PINCC26XX_getOutputValue)
                  000078b4    00000014                          : PowerCC26X2_calibrateRCOSC.oem4f (.text:PowerCC26X2_calibrate)
                  000078c8    00000014     rf_multiMode_cc13x2.aem4f : RFCC26X2_multiMode.c.cc13x2.ccs.o (.text:RF_Params_init)
                  000078dc    00000014                               : RFCC26X2_multiMode.c.cc13x2.ccs.o (.text:RF_dbellSyncOnAck)
                  000078f0    00000014                               : RFCC26X2_multiMode.c.cc13x2.ccs.o (.text:RF_ratGetChannel)
                  00007904    00000014     drivers_cc13x2.aem4f : SPI.oem4f (.text:SPI_Params_init)
                  00007918    00000014                          : StructRingBuf.oem4f (.text:StructRingBuf_construct)
                  0000792c    00000014                          : PowerCC26X2.oem4f (.text:switchToTCXO)
                  00007940    00000014     rom_sysbios.aem4f : rom_sysbios.obj (.text:ti_sysbios_family_arm_cc26xx_Timer_getCount64__E)
                  00007954    00000014     release_pem4f.oem4f (.text:ti_sysbios_knl_Clock_doTick__I)
                  00007968    00000012     rf_multiMode_cc13x2.aem4f : RFCC26X2_multiMode.c.cc13x2.ccs.o (.text:RF_getCmdOp)
                  0000797a    00000012     dpl_cc13x2.aem4f : SemaphoreP_tirtos.oem4f (.text:SemaphoreP_pend)
                  0000798c    00000010                      : ClockP_tirtos.oem4f (.text:ClockP_isActive)
                  0000799c    00000010                      : HwiP_tirtos.oem4f (.text:HwiP_Params_init)
                  000079ac    00000010     rf_multiMode_cc13x2.aem4f : rfc.c.cc13x2.ccs.o (.text:NOROM_RFCHwIntGetAndClear)
                  000079bc    00000010     drivers_cc13x2.aem4f : PINCC26XX.oem4f (.text:PINCC26XX_getPinCount)
                  000079cc    00000010     rf_multiMode_cc13x2.aem4f : RFCC26X2_multiMode.c.cc13x2.ccs.o (.text:RF_dbellSubmitCmdAsync)
                  000079dc    00000010                               : RFCC26X2_multiMode.c.cc13x2.ccs.o (.text:RF_isClientOwner)
                  000079ec    00000010     dpl_cc13x2.aem4f : SwiP_tirtos.oem4f (.text:SwiP_Params_init)
                  000079fc    00000010     drivers_cc13x2.aem4f : TRNG.oem4f (.text:TRNG_Params_init)
                  00007a0c    00000010                          : TRNG.oem4f (.text:TRNG_open)
                  00007a1c    00000010     rom_sysbios.aem4f : rom_sysbios.obj (.text:ti_sysbios_family_arm_m3_Hwi_post__E)
                  00007a2c    0000000e     drivers_cc13x2.aem4f : CryptoKeyPlaintextCC26XX.oem4f (.text:CryptoKeyPlaintext_initKey)
                  00007a3a    0000000e     rf_multiMode_cc13x2.aem4f : RFCC26X2_multiMode.c.cc13x2.ccs.o (.text:RF_getSwitchingTimeInUs)
                  00007a48    0000000e     drivers_cc13x2.aem4f : StructRingBuf.oem4f (.text:StructRingBuf_isFull)
                  00007a56    0000000e     rtsv7M4_T_le_v4SPD16_eabi.lib : copy_decompress_none.c.obj (.text:decompress:none:__TI_decompress_none)
                  00007a64    0000000e     rom_sysbios.aem4f : rom_sysbios.obj (.text:ti_sysbios_family_arm_cc26xx_TimestampProvider_get32__E)
                  00007a72    0000000c     driverlib.lib : cpu.obj (.text:NOROM_CPUcpsid)
                  00007a7e    0000000c                   : cpu.obj (.text:NOROM_CPUcpsie)
                  00007a8a    0000000c     drivers_cc13x2.aem4f : PINCC26XX.oem4f (.text:PIN_registerIntCb)
                  00007a96    00000002     --HOLE-- [fill = 0]
                  00007a98    0000000c                          : PowerCC26X2.oem4f (.text:Power_getConstraintMask)
                  00007aa4    0000000c                          : PowerCC26X2.oem4f (.text:Power_getDependencyCount)
                  00007ab0    0000000c     rf_multiMode_cc13x2.aem4f : RFCC26X2_multiMode.c.cc13x2.ccs.o (.text:RF_powerConstraintGet)
                  00007abc    0000000c     dpl_cc13x2.aem4f : SemaphoreP_tirtos.oem4f (.text:SemaphoreP_delete)
                  00007ac8    0000000c     rtsv7M4_T_le_v4SPD16_eabi.lib : _lock.c.obj (.text:_register_lock)
                  00007ad4    0000000c                                   : _lock.c.obj (.text:_register_unlock)
                  00007ae0    0000000c                                   : copy_zero_init.c.obj (.text:decompress:ZI:__TI_zero_init)
                  00007aec    0000000c     drivers_cc13x2.aem4f : SPICC26X2DMA.oem4f (.text:spiPostNotify)
                  00007af8    0000000c     rom_sysbios.aem4f : rom_sysbios.obj (.text:ti_sysbios_knl_Swi_getTrigger__E)
                  00007b04    0000000a     dpl_cc13x2.aem4f : ClockP_tirtos.oem4f (.text:ClockP_Params_init)
                  00007b0e    0000000a     drivers_cc13x2.aem4f : SPICC26X2DMA.oem4f (.text:SPICC26X2DMA_init)
                  00007b18    0000000a                          : SPI.oem4f (.text:SPI_transfer)
                  00007b22    0000000a                          : UDMACC26XX.oem4f (.text:UDMACC26XX_hwiIntFxn)
                  00007b2c    00000008     CC1352P_2_LAUNCHXL_fxns.obj (.text:Board_initHook)
                  00007b34    00000008     drivers_cc13x2.aem4f : SPICC26X2DMA.oem4f (.text:blockingTransferCallback)
                  00007b3c    00000008     release_pem4f.oem4f (.text:xdc_runtime_Text_visitRope__I)
                  00007b44    00000006     driverlib.lib : cpu.obj (.text:NOROM_CPUdelay)
                  00007b4a    00000006     rf_multiMode_cc13x2.aem4f : RFCC26X2_multiMode.c.cc13x2.ccs.o (.text:RF_clkReqAccess)
                  00007b50    00000006     rom_sysbios.aem4f : rom_sysbios.obj (.text:ti_sysbios_family_arm_m3_Hwi_setFunc__E)
                  00007b56    00000004     dpl_cc13x2.aem4f : PowerCC26X2_tirtos.oem4f (.text:CPUwfi)
                  00007b5a    00000004                      : ClockP_tirtos.oem4f (.text:ClockP_destruct)
                  00007b5e    00000004                      : ClockP_tirtos.oem4f (.text:ClockP_getCpuFreq)
                  00007b62    00000004                      : ClockP_tirtos.oem4f (.text:ClockP_getTimeout)
                  00007b66    00000004                      : ClockP_tirtos.oem4f (.text:ClockP_setTimeout)
                  00007b6a    00000004                      : ClockP_tirtos.oem4f (.text:ClockP_start)
                  00007b6e    00000004                      : ClockP_tirtos.oem4f (.text:ClockP_stop)
                  00007b72    00000004                      : HwiP_tirtos.oem4f (.text:HwiP_clearInterrupt)
                  00007b76    00000004                      : HwiP_tirtos.oem4f (.text:HwiP_destruct)
                  00007b7a    00000004                      : HwiP_tirtos.oem4f (.text:HwiP_disable)
                  00007b7e    00000004                      : HwiP_tirtos.oem4f (.text:HwiP_disableInterrupt)
                  00007b82    00000004                      : HwiP_tirtos.oem4f (.text:HwiP_enableInterrupt)
                  00007b86    00000004                      : HwiP_tirtos.oem4f (.text:HwiP_post)
                  00007b8a    00000004                      : HwiP_tirtos.oem4f (.text:HwiP_setPriority)
                  00007b8e    00000004     rf_multiMode_cc13x2.aem4f : rfc.c.cc13x2.ccs.o (.text:NOROM_RFCOverrideUpdate)
                  00007b92    00000004                               : RFCC26X2_multiMode.c.cc13x2.ccs.o (.text:RF_defaultConflictPolicy)
                  00007b96    00000004     dpl_cc13x2.aem4f : SemaphoreP_tirtos.oem4f (.text:SemaphoreP_destruct)
                  00007b9a    00000004                      : SemaphoreP_tirtos.oem4f (.text:SemaphoreP_post)
                  00007b9e    00000004                      : SwiP_tirtos.oem4f (.text:SwiP_destruct)
                  00007ba2    00000004                      : SwiP_tirtos.oem4f (.text:SwiP_disable)
                  00007ba6    00000004                      : SwiP_tirtos.oem4f (.text:SwiP_getTrigger)
                  00007baa    00000004                      : SwiP_tirtos.oem4f (.text:SwiP_or)
                  00007bae    00000004                      : SwiP_tirtos.oem4f (.text:SwiP_post)
                  00007bb2    00000004     drivers_cc13x2.aem4f : PowerCC26X2.oem4f (.text:configureRFCoreClocks)
                  00007bb6    00000004                          : PowerCC26X2.oem4f (.text:nopResourceHandler)
                  00007bba    00000004     rom_sysbios.aem4f : rom_sysbios.obj (.text:ti_sysbios_knl_Clock_isActive__E)
                  00007bbe    00000004     release_pem4f.oem4f (.text:xdc_runtime_Startup_reset__I)
                  00007bc2    00000004     rom_sysbios.aem4f : rom_sysbios.obj (.text:xdc_runtime_SysCallback_defaultReady)
                  00007bc6    00000002     --HOLE-- [fill = 0]
                  00007bc8    00000008     (.tramp.ti_sysbios_knl_Swi_destruct.1)
                  00007bd0    00000008     (.tramp.ti_sysbios_family_arm_m3_Hwi_setPriority__E.1)
                  00007bd8    00000008     (.tramp.ti_sysbios_family_arm_m3_Hwi_enableInterrupt__E.1)
                  00007be0    00000008     (.tramp.ti_sysbios_family_arm_m3_Hwi_disableInterrupt__E.1)
                  00007be8    00000008     (.tramp.ti_sysbios_family_arm_m3_Hwi_destruct.1)
                  00007bf0    00000008     (.tramp.ti_sysbios_BIOS_getCpuFreq__E.1)
                  00007bf8    00000008     (.tramp.ti_sysbios_knl_Clock_destruct.1)
                  00007c00    00000008     (.tramp.ti_sysbios_knl_Semaphore_delete.1)
                  00007c08    00000008     (.tramp.ti_sysbios_knl_Clock_logTick__E.1)
                  00007c10    00000008     (.tramp.ti_sysbios_knl_Task_Params__init__S.1)
                  00007c18    00000008     (.tramp.ti_sysbios_knl_Swi_post__E.1)
                  00007c20    00000008     (.tramp.ti_sysbios_BIOS_RtsGateProxy_leave__E.1)
                  00007c28    00000008     (.tramp.ti_sysbios_knl_Swi_construct.1)
                  00007c30    00000008     (.tramp.ti_sysbios_BIOS_RtsGateProxy_enter__E.1)
                  00007c38    00000008     (.tramp.ti_sysbios_family_arm_m3_Hwi_disableFxn__E.1)
                  00007c40    00000008     (.tramp.ti_sysbios_knl_Task_restore__E.1)
                  00007c48    00000008     (.tramp.ti_sysbios_knl_Clock_getTicks__E.1)
                  00007c50    00000008     (.tramp.ti_sysbios_knl_Clock_TimerProxy_getCurrentTick__E.1)
                  00007c58    00000008     (.tramp.xdc_runtime_Memory_free__E.1)
                  00007c60    00000008     (.tramp.ti_sysbios_knl_Task_delete.1)
                  00007c68    00000008     (.tramp.ti_sysbios_knl_Semaphore_destruct.1)
                  00007c70    00000008     (.tramp.ti_sysbios_knl_Semaphore_construct.1)
                  00007c78    00000008     (.tramp.ti_sysbios_knl_Semaphore_Params__init__S.1)
                  00007c80    00000008     (.tramp.ti_sysbios_knl_Task_startup__E.1)
                  00007c88    00000008     (.tramp.ti_sysbios_knl_Swi_startup__E.1)
                  00007c90    00000008     (.tramp.ti_sysbios_hal_Hwi_startup__E.1)
                  00007c98    00000008     (.tramp.ti_sysbios_family_arm_cc26xx_Timer_startup__E.1)
                  00007ca0    00000008     (.tramp.xdc_runtime_System_atexit__E.1)
                  00007ca8    00000008     (.tramp.ti_sysbios_BIOS_linkedWithIncorrectBootLibrary__E.1)
                  00007cb0    00000008     (.tramp.xdc_runtime_Startup_rtsDone__E.1)
                  00007cb8    00000008     (.tramp.ti_sysbios_knl_Task_disable__E.1)
                  00007cc0    00000008     (.tramp.ti_sysbios_knl_Swi_disable__E.1)
                  00007cc8    00000008     (.tramp.ti_sysbios_family_arm_m3_Hwi_construct.1)
                  00007cd0    00000008     (.tramp.ti_sysbios_knl_Swi_Params__init__S.1)
                  00007cd8    00000008     (.tramp.ti_sysbios_family_arm_m3_Hwi_Params__init__S.1)
                  00007ce0    00000008     (.tramp.ti_sysbios_knl_Clock_construct.1)
                  00007ce8    00000008     (.tramp.ti_sysbios_knl_Clock_Params__init__S.1)
                  00007cf0    00000008     (.tramp.xdc_runtime_System_exit__E.1)
                  00007cf8    00000008     (.tramp.ti_sysbios_heaps_HeapMem_restore__E.1)
                  00007d00    00000008     (.tramp.ti_sysbios_heaps_HeapMem_Object__get__S.1)
                  00007d08    00000008     (.tramp.ti_sysbios_knl_Task_construct.1)
                  00007d10    00000008     (.tramp.xdc_runtime_Error_raiseX__E.1)
                  00007d18    00000008     (.tramp.ti_sysbios_BIOS_setThreadType__E.1)
                  00007d20    00000008     (.tramp.ti_sysbios_family_arm_m3_Hwi_excFillContext__I.1)
                  00007d28    00000008     (.tramp.ti_sysbios_knl_Clock_stop__E.1)
                  00007d30    00000008     (.tramp.ti_sysbios_knl_Clock_start__E.1)
                  00007d38    00000008     (.tramp.ti_sysbios_knl_Clock_setTimeout__E.1)
                  00007d40    00000008     (.tramp.ti_sysbios_BIOS_start__E.1)
                  00007d48    00000008     (.tramp.xdc_runtime_Assert_raise__I.1)
                  00007d50    00000008     (.tramp.xdc_runtime_System_doPrint__I.1)
                  00007d58    00000008     (.tramp.ti_sysbios_knl_Swi_restore__E.1)
                  00007d60    00000008     (.tramp.xdc_runtime_System_abort__E.1)
                  00007d68    00000008     (.tramp.ti_sysbios_family_arm_m3_Hwi_restoreFxn__E.1)
                  00007d70    00000008     (.tramp.ti_sysbios_knl_Semaphore_create.1)
                  00007d78    00000008     (.tramp.ti_sysbios_knl_Semaphore_post__E.1)
                  00007d80    00000008     (.tramp.ti_sysbios_knl_Semaphore_pend__E.1)

.const     0    00007d88    000008e6     
                  00007d88    000003b8     release_pem4f.oem4f (.const:ROM_constStruct)
                  00008140    00000154     rf_multiMode_cc13x2.aem4f : rf_patch_cpe_prop.c.cc13x2.ccs.o (.const:patchImageProp)
                  00008294    00000090     rfEasylinkListenBeforeTalk.obj (.const:$P$T0$1)
                  00008324    00000054     drivers_cc13x2.aem4f : PowerCC26X2.oem4f (.const:resourceDB)
                  00008378    0000004c     ti_drivers_config.obj (.const:BoardGpioInitTable)
                  000083c4    00000048     release_pem4f.oem4f (.const:.string)
                  0000840c    00000048     release_pem4f.oem4f (.const:ROM_externFuncPtrs)
                  00008454    00000024     release_pem4f.oem4f (.const:xdc_runtime_Startup_sfxnTab__A)
                  00008478    00000020     rf_multiMode_cc13x2.aem4f : RFCC26X2_multiMode.c.cc13x2.ccs.o (.const:RF_defaultParams)
                  00008498    00000020     drivers_cc13x2.aem4f : SPI.oem4f (.const:SPI_defaultParams)
                  000084b8    00000020     ti_drivers_config.obj (.const:spiCC26X2DMAHWAttrs)
                  000084d8    00000018     drivers_cc13x2.aem4f : SPICC26X2DMA.oem4f (.const:SPICC26X2DMA_fxnTable)
                  000084f0    00000018                          : SPICC26X2DMA.oem4f (.const:frameFormat)
                  00008508    00000018                          : GPIOCC26XX.oem4f (.const:interruptType)
                  00008520    00000014     CC1352P_2_LAUNCHXL_fxns.obj (.const:$P$T1$2)
                  00008534    00000014     ti_drivers_config.obj (.const:GPIOCC26XX_config)
                  00008548    00000014     ti_drivers_config.obj (.const:PowerCC26X2_config)
                  0000855c    00000012     release_pem4f.oem4f (.const:xdc_runtime_Startup_sfxnRts__A)
                  0000856e    00000002     release_pem4f.oem4f (.const:xdc_runtime_Main_Module__id__C)
                  00008570    00000010     EasyLink.obj (.const:EasyLink_defaultParams)
                  00008580    00000010     drivers_cc13x2.aem4f : TRNG.oem4f (.const:TRNG_defaultParams)
                  00008590    00000010                          : GPIOCC26XX.oem4f (.const:outPinTypes)
                  000085a0    0000000c     ti_drivers_config.obj (.const:RFCC26XX_hwAttrs)
                  000085ac    0000000c     ti_drivers_config.obj (.const:SPI_config)
                  000085b8    0000000c     drivers_cc13x2.aem4f : GPIOCC26XX.oem4f (.const:inPinTypes)
                  000085c4    0000000c                          : GPIOCC26XX.oem4f (.const:outPinStrengths)
                  000085d0    0000000c     ti_drivers_config.obj (.const:trngCC26XXHWAttrs)
                  000085dc    0000000c     release_pem4f.oem4f (.const:xdc_runtime_Startup_firstFxns__A)
                  000085e8    00000008     driverlib.lib : aux_sysif.obj (.const:$O1$$)
                  000085f0    00000008     CC1352P_2_LAUNCHXL_fxns.obj (.const:$P$T0$1)
                  000085f8    00000008     ti_drivers_config.obj (.const:PINCC26XX_hwAttrs)
                  00008600    00000008     rf_multiMode_cc13x2.aem4f : RFCC26X2_multiMode.c.cc13x2.ccs.o (.const:RFCC26XX_schedulerPolicy)
                  00008608    00000008     ti_drivers_config.obj (.const:TRNG_config)
                  00008610    00000008     ti_drivers_config.obj (.const:UDMACC26XX_config)
                  00008618    00000008     drivers_cc13x2.aem4f : SPICC26X2DMA.oem4f (.const:dmaNullConfig)
                  00008620    00000008                          : SPICC26X2DMA.oem4f (.const:dmaRxConfig)
                  00008628    00000008                          : SPICC26X2DMA.oem4f (.const:dmaTxConfig)
                  00008630    00000008     release_pem4f.oem4f (.const:ti_sysbios_family_arm_m3_Hwi_excHookFuncs__A)
                  00008638    00000008     release_pem4f.oem4f (.const:ti_sysbios_knl_Idle_funcList__A)
                  00008640    00000008     ti_drivers_config.obj (.const:udmaCC26XXHWAttrs)
                  00008648    00000004     ti_drivers_config.obj (.const)
                  0000864c    00000004     release_pem4f.oem4f (.const:ti_sysbios_family_arm_m3_Hwi_E_exception__C)
                  00008650    00000004     release_pem4f.oem4f (.const:ti_sysbios_heaps_HeapMem_primaryHeapBaseAddr__C)
                  00008654    00000004     release_pem4f.oem4f (.const:ti_sysbios_heaps_HeapMem_primaryHeapEndAddr__C)
                  00008658    00000004     release_pem4f.oem4f (.const:ti_sysbios_knl_Clock_tickPeriod__C)
                  0000865c    00000004     release_pem4f.oem4f (.const:ti_sysbios_knl_Task_Object__heap__C)
                  00008660    00000004     release_pem4f.oem4f (.const:xdc_runtime_Main_Module__diagsEnabled__C)
                  00008664    00000004     release_pem4f.oem4f (.const:xdc_runtime_Main_Module__diagsIncluded__C)
                  00008668    00000004     release_pem4f.oem4f (.const:xdc_runtime_Main_Module__diagsMask__C)
                  0000866c    00000001     ti_easylink_config.obj (.const)
                  0000866d    00000001     release_pem4f.oem4f (.const:xdc_runtime_Text_charTab__A)

MODULE SUMMARY

       Module                              code    ro data   rw data
       ------                              ----    -------   -------
    .\
       rfEasylinkListenBeforeTalk.obj      1072    144       1221   
       CC1352P_2_LAUNCHXL_fxns.obj         280     28        0      
       pressure_sensor.obj                 224     0         68     
    +--+-----------------------------------+-------+---------+---------+
       Total:                              1576    172       1289   
                                                                    
    .\easylink\
       EasyLink.obj                        3338    16        715    
    +--+-----------------------------------+-------+---------+---------+
       Total:                              3338    16        715    
                                                                    
    .\syscfg\
       ti_drivers_config.obj               28      220       392    
       ti_radio_config.obj                 0       0         358    
       ti_devices_config.obj               0       88        0      
       ti_easylink_config.obj              0       1         36     
    +--+-----------------------------------+-------+---------+---------+
       Total:                              28      309       786    
                                                                    
    C:\Users\scholvat\FYDP\tirtos_builds_CC1352P_2_LAUNCHXL_release_ccs\Debug\configPkg\package\cfg\
       release_pem4f.oem4f                 792     1273      1830   
    +--+-----------------------------------+-------+---------+---------+
       Total:                              792     1273      1830   
                                                                    
    C:/ti/simplelink_cc13x2_26x2_sdk_3_30_00_03/kernel/tirtos/packages/ti/dpl/lib/dpl_cc13x2.aem4f
       PowerCC26X2_tirtos.oem4f            240     0         8      
       HwiP_tirtos.oem4f                   138     0         0      
       ClockP_tirtos.oem4f                 130     0         4      
       SemaphoreP_tirtos.oem4f             126     0         0      
       SwiP_tirtos.oem4f                   96      0         0      
    +--+-----------------------------------+-------+---------+---------+
       Total:                              730     0         12     
                                                                    
    C:/ti/simplelink_cc13x2_26x2_sdk_3_30_00_03/source/ti/devices/cc13x2_cc26x2/driverlib/bin/ccs/driverlib.lib
       osc.obj                             436     0         28     
       sys_ctrl.obj                        408     0         0      
       setup.obj                           324     0         0      
       chipinfo.obj                        226     0         0      
       aux_sysif.obj                       52      8         0      
       cpu.obj                             30      0         0      
       driverlib_release.obj               0       0         1      
    +--+-----------------------------------+-------+---------+---------+
       Total:                              1476    8         29     
                                                                    
    C:/ti/simplelink_cc13x2_26x2_sdk_3_30_00_03/source/ti/drivers/lib/drivers_cc13x2.aem4f
       SPICC26X2DMA.oem4f                  3414    72        128    
       PowerCC26X2.oem4f                   2218    84        272    
       PINCC26XX.oem4f                     1526    0         276    
       PowerCC26X2_calibrateRCOSC.oem4f    1400    0         0      
       TRNGCC26XX.oem4f                    928     0         98     
       GPIOCC26XX.oem4f                    660     64        61     
       List.oem4f                          210     0         0      
       SPI.oem4f                           162     32        1      
       StructRingBuf.oem4f                 194     0         0      
       UDMACC26XX.oem4f                    168     0         0      
       TRNG.oem4f                          32      16        0      
       CryptoKeyPlaintextCC26XX.oem4f      14      0         0      
    +--+-----------------------------------+-------+---------+---------+
       Total:                              10926   268       836    
                                                                    
    C:/ti/simplelink_cc13x2_26x2_sdk_3_30_00_03/source/ti/drivers/rf/lib/rf_multiMode_cc13x2.aem4f
       RFCC26X2_multiMode.c.cc13x2.ccs.o   8822    40        1125   
       rf_patch_cpe_prop.c.cc13x2.ccs.o    98      340       1      
       rfc.c.cc13x2.ccs.o                  302     0         0      
    +--+-----------------------------------+-------+---------+---------+
       Total:                              9222    380       1126   
                                                                    
    C:\Users\scholvat\FYDP\tirtos_builds_CC1352P_2_LAUNCHXL_release_ccs\src\sysbios\rom_sysbios.aem4f
       rom_sysbios.obj                     1189    0         136    
    +--+-----------------------------------+-------+---------+---------+
       Total:                              1189    0         136    
                                                                    
    C:\ti\ccs920\ccs\tools\compiler\ti-cgt-arm_18.12.3.LTS\lib\rtsv7M4_T_le_v4SPD16_eabi.lib
       fd_add_t2.asm.obj                   438     0         0      
       fd_cmp_t2.asm.obj                   268     0         0      
       fd_mul_t2.asm.obj                   252     0         0      
       memcpy_t2.asm.obj                   156     0         0      
       ull_div_t2.asm.obj                  150     0         0      
       memset_t2.asm.obj                   122     0         0      
       ll_div_t2.asm.obj                   110     0         0      
       copy_decompress_lzss.c.obj          104     0         0      
       cpy_tbl.c.obj                       76      0         0      
       fd_toi_t2.asm.obj                   72      0         0      
       fd_tou_t2.asm.obj                   68      0         0      
       u_divt2.asm.obj                     64      0         0      
       fs_tod_t2.asm.obj                   56      0         0      
       i_tofd_t2.asm.obj                   46      0         0      
       _lock.c.obj                         26      0         8      
       args_main.c.obj                     24      0         0      
       ll_mul_t2.asm.obj                   24      0         0      
       copy_decompress_none.c.obj          14      0         0      
       copy_zero_init.c.obj                12      0         0      
       stkdepth_vars.c.obj                 0       0         4      
       div0.asm.obj                        2       0         0      
    +--+-----------------------------------+-------+---------+---------+
       Total:                              2084    0         12     
                                                                    
    C:\ti\simplelink_cc13x2_26x2_sdk_3_30_00_03\kernel\tirtos\packages\ti\targets\arm\rtsarm\lib\auto_init.aem4f
       auto_init.oem4f                     160     0         0      
    +--+-----------------------------------+-------+---------+---------+
       Total:                              160     0         0      
                                                                    
    C:\ti\simplelink_cc13x2_26x2_sdk_3_30_00_03\kernel\tirtos\packages\ti\targets\arm\rtsarm\lib\boot.aem4f
       boot.oem4f                          88      0         0      
    +--+-----------------------------------+-------+---------+---------+
       Total:                              88      0         0      
                                                                    
       Stack:                              0       0         1024   
       Linker Generated:                   448     947       0      
    +--+-----------------------------------+-------+---------+---------+
       Grand Total:                        32057   3373      7795   


LINKER GENERATED COPY TABLES

__TI_cinit_table @ 000089c0 records: 13, size/record: 8, table size: 104
	.data: load addr=00008670, load size=000002df bytes, run addr=20002b20, run size=00000785 bytes, compression=lzss
	.TI.bound:dmaSpi0RxAltControlTableEntry: load addr=00008960, load size=00000008 bytes, run addr=20001a30, run size=00000010 bytes, compression=zero_init
	.TI.bound:dmaSpi0RxControlTableEntry: load addr=00008968, load size=00000008 bytes, run addr=20001830, run size=00000010 bytes, compression=zero_init
	.TI.bound:dmaSpi0TxAltControlTableEntry: load addr=00008970, load size=00000008 bytes, run addr=20001a40, run size=00000010 bytes, compression=zero_init
	.TI.bound:dmaSpi0TxControlTableEntry: load addr=00008978, load size=00000008 bytes, run addr=20001840, run size=00000010 bytes, compression=zero_init
	.TI.bound:dmaSpi1RxAltControlTableEntry: load addr=00008980, load size=00000008 bytes, run addr=20001b00, run size=00000010 bytes, compression=zero_init
	.TI.bound:dmaSpi1RxControlTableEntry: load addr=00008988, load size=00000008 bytes, run addr=20001900, run size=00000010 bytes, compression=zero_init
	.TI.bound:dmaSpi1TxAltControlTableEntry: load addr=00008990, load size=00000008 bytes, run addr=20001b10, run size=00000010 bytes, compression=zero_init
	.TI.bound:dmaSpi1TxControlTableEntry: load addr=00008998, load size=00000008 bytes, run addr=20001910, run size=00000010 bytes, compression=zero_init
	.bss: load addr=000089a0, load size=00000008 bytes, run addr=20000110, run size=0000118a bytes, compression=zero_init
	.data:xdcRomConstPtr: load addr=000089a8, load size=00000008 bytes, run addr=20000100, run size=00000004 bytes, compression=lzss
	.data:xdcRomExternFuncPtr: load addr=000089b0, load size=00000008 bytes, run addr=20000104, run size=00000004 bytes, compression=lzss
	.data:xdcRomStatePtr: load addr=000089b8, load size=00000008 bytes, run addr=20000108, run size=00000004 bytes, compression=lzss


LINKER GENERATED HANDLER TABLE

__TI_handler_table @ 00008950 records: 3, size/record: 4, table size: 12
	index: 0, handler: __TI_decompress_lzss
	index: 1, handler: __TI_decompress_none
	index: 2, handler: __TI_zero_init


FAR CALL TRAMPOLINES

callee name               trampoline name
   callee addr  tramp addr   call addr  call info
--------------  -----------  ---------  ----------------
ti_sysbios_knl_Swi_destruct  $Tramp$TT$L$PI$$ti_sysbios_knl_Swi_destruct
   1002e8bd     00007bc8     00007b9e   dpl_cc13x2.aem4f : SwiP_tirtos.oem4f (.text:SwiP_destruct)
ti_sysbios_family_arm_m3_Hwi_setPriority__E  $Tramp$TT$L$PI$$ti_sysbios_family_arm_m3_Hwi_setPriority__E
   1002e919     00007bd0     00007b8a   dpl_cc13x2.aem4f : HwiP_tirtos.oem4f (.text:HwiP_setPriority)
ti_sysbios_family_arm_m3_Hwi_enableInterrupt__E  $Tramp$TT$L$PI$$ti_sysbios_family_arm_m3_Hwi_enableInterrupt__E
   1002d91d     00007bd8     00007b82   dpl_cc13x2.aem4f : HwiP_tirtos.oem4f (.text:HwiP_enableInterrupt)
ti_sysbios_family_arm_m3_Hwi_disableInterrupt__E  $Tramp$TT$L$PI$$ti_sysbios_family_arm_m3_Hwi_disableInterrupt__E
   1002d8d9     00007be0     00007b7e   dpl_cc13x2.aem4f : HwiP_tirtos.oem4f (.text:HwiP_disableInterrupt)
ti_sysbios_family_arm_m3_Hwi_destruct  $Tramp$TT$L$PI$$ti_sysbios_family_arm_m3_Hwi_destruct
   1002e475     00007be8     00007b76   dpl_cc13x2.aem4f : HwiP_tirtos.oem4f (.text:HwiP_destruct)
ti_sysbios_BIOS_getCpuFreq__E  $Tramp$TT$L$PI$$ti_sysbios_BIOS_getCpuFreq__E
   1002e9fd     00007bf0     00007b5e   dpl_cc13x2.aem4f : ClockP_tirtos.oem4f (.text:ClockP_getCpuFreq)
ti_sysbios_knl_Clock_destruct  $Tramp$TT$L$PI$$ti_sysbios_knl_Clock_destruct
   1002e649     00007bf8     00007b5a   dpl_cc13x2.aem4f : ClockP_tirtos.oem4f (.text:ClockP_destruct)
ti_sysbios_knl_Semaphore_delete  $Tramp$TT$L$PI$$ti_sysbios_knl_Semaphore_delete
   1002ecdb     00007c00     00007ac2   dpl_cc13x2.aem4f : SemaphoreP_tirtos.oem4f (.text:SemaphoreP_delete)
ti_sysbios_knl_Clock_logTick__E  $Tramp$TT$L$PI$$ti_sysbios_knl_Clock_logTick__E
   1002dbd7     00007c08     00007956   release_pem4f.oem4f (.text:ti_sysbios_knl_Clock_doTick__I)
ti_sysbios_knl_Task_Params__init__S  $Tramp$TT$L$PI$$ti_sysbios_knl_Task_Params__init__S
   1002ec09     00007c10     00007848   rfEasylinkListenBeforeTalk.obj (.text:ti_sysbios_knl_Task_Params_init)
ti_sysbios_knl_Swi_post__E  $Tramp$TT$L$PI$$ti_sysbios_knl_Swi_post__E
   1002d891     00007c18     00007798   rom_sysbios.aem4f : rom_sysbios.obj (.text:ti_sysbios_knl_Swi_or__E)
                             0000795e   release_pem4f.oem4f (.text:ti_sysbios_knl_Clock_doTick__I)
                             00007bae   dpl_cc13x2.aem4f : SwiP_tirtos.oem4f (.text:SwiP_post)
[...]
1002eb6d  ti_sysbios_gates_GateHwi_enter__E                                  
1002eb79  ti_sysbios_BIOS_RtsGateProxy_Params__init__S                       
1002eb79  ti_sysbios_gates_GateMutex_Params__init__S                         
1002eb79  ti_sysbios_heaps_HeapMem_Module_GateProxy_Params__init__S          
1002eb85  ti_sysbios_heaps_HeapTrack_Params__init__S                         
1002eb91  ti_sysbios_heaps_HeapTrack_isBlocking__E                           
1002eb9d  ti_sysbios_knl_Clock_Params__init__S                               
1002eba9  ti_sysbios_knl_Clock_getTimerHandle__E                             
1002ebb5  ti_sysbios_knl_Event_Params__init__S                               
1002ebc1  ti_sysbios_knl_Mailbox_Params__init__S                             
1002ebcd  ti_sysbios_knl_Queue_dequeue__E                                    
1002ebd9  ti_sysbios_knl_Queue_enqueue__E                                    
1002ebe5  ti_sysbios_knl_Semaphore_Params__init__S                           
1002ebf1  ti_sysbios_knl_Swi_Params__init__S                                 
1002ebfd  ti_sysbios_knl_Swi_self__E                                         
1002ec09  ti_sysbios_knl_Task_Params__init__S                                
1002ec15  ti_sysbios_hal_Hwi_Instance_finalize__E                            
1002ec1f  ti_sysbios_knl_Event_Instance_init__E                              
1002ec29  ti_sysbios_family_arm_m3_Hwi_doSwiRestore__I                       
1002ec31  ti_sysbios_family_arm_m3_Hwi_startup__E                            
1002ec31  ti_sysbios_hal_Hwi_HwiProxy_startup__E                             
1002ec31  ti_sysbios_hal_Hwi_HwiProxy_startup__E                             
1002ec31  ti_sysbios_hal_Hwi_startup__E                                      
1002ec31  ti_sysbios_hal_Hwi_startup__E                                      
1002ec39  ti_sysbios_knl_Idle_loop__E                                        
1002ec41  ti_sysbios_family_arm_m3_Hwi_doTaskRestore__I                      
1002ec47  HwiP_restore                                                       
1002ec47  ti_sysbios_family_arm_m3_Hwi_restoreFxn__E                         
1002ec4d  ti_sysbios_gates_GateHwi_leave__E                                  
1002ec53  ti_sysbios_gates_GateMutex_Instance_finalize__E                    
1002ec59  ti_sysbios_heaps_HeapMem_isBlocking__E                             
1002ec5f  ti_sysbios_knl_Queue_Instance_init__E                              
1002ec65  ti_sysbios_knl_Queue_elemClear__E                                  
1002ec6b  ti_sysbios_knl_Swi_startup__E                                      
1002ec71  ti_sysbios_knl_Task_enable__E                                      
1002ec77  ti_sysbios_BIOS_RtsGateProxy_enter__E                              
1002ec7b  ti_sysbios_BIOS_RtsGateProxy_leave__E                              
1002ec7f  ti_sysbios_family_arm_cc26xx_Timer_getExpiredTicks__E              
1002ec83  ti_sysbios_family_arm_cc26xx_Timer_getPeriod__E                    
1002ec87  ti_sysbios_family_arm_cc26xx_Timer_setPeriod__E                    
1002ec8b  ti_sysbios_family_arm_m3_Hwi_delete                                
1002ec8f  ti_sysbios_family_arm_m3_TaskSupport_Module__startupDone__S        
1002ec8f  ti_sysbios_knl_Task_SupportProxy_Module__startupDone__S            
1002ec93  ti_sysbios_gates_GateHwi_query__E                                  
1002ec93  xdc_runtime_Main_Module_GateProxy_query__E                         
1002ec93  xdc_runtime_System_Module_GateProxy_query__E                       
1002ec93  xdc_runtime_System_Module_GateProxy_query__E                       
1002ec97  ti_sysbios_gates_GateMutex_delete                                  
1002ec9b  ti_sysbios_BIOS_RtsGateProxy_query__E                              
1002ec9b  ti_sysbios_BIOS_RtsGateProxy_query__E                              
1002ec9b  ti_sysbios_gates_GateMutex_query__E                                
1002ec9b  ti_sysbios_heaps_HeapMem_Module_GateProxy_query__E                 
1002ec9b  ti_sysbios_heaps_HeapMem_Module_GateProxy_query__E                 
1002ec9f  ti_sysbios_hal_Hwi_HwiProxy_create                                 
1002eca3  ti_sysbios_hal_Hwi_HwiProxy_delete                                 
1002eca7  ti_sysbios_hal_Hwi_delete                                          
1002ecab  ti_sysbios_heaps_HeapMem_Module_GateProxy_enter__E                 
1002ecaf  ti_sysbios_heaps_HeapMem_Module_GateProxy_leave__E                 
1002ecb3  ti_sysbios_knl_Clock_TimerProxy_getExpiredTicks__E                 
1002ecb7  ti_sysbios_knl_Clock_TimerProxy_getPeriod__E                       
1002ecbb  ti_sysbios_knl_Clock_delete                                        
1002ecbf  ti_sysbios_knl_Clock_removeI__E                                    
1002ecc3  ti_sysbios_knl_Clock_setTimeout__E                                 
1002ecc7  ti_sysbios_knl_Event_delete                                        
1002eccb  ti_sysbios_knl_Mailbox_delete                                      
1002eccf  ti_sysbios_knl_Queue_delete                                        
1002ecd3  ti_sysbios_knl_Queue_head__E                                       
1002ecd7  ti_sysbios_knl_Queue_next__E                                       
1002ecdb  ti_sysbios_knl_Semaphore_delete                                    
1002ecdf  ti_sysbios_knl_Swi_delete                                          
1002ece3  ti_sysbios_knl_Swi_postInit__I                                     
1002ece7  ti_sysbios_knl_Task_delete                                         
1002eceb  ti_sysbios_knl_Task_startup__E                                     
1002ecf1  xdc_runtime_System_doPrint__I                                      
1002f055  xdc_runtime_Startup_startMods__I                                   
1002f15d  xdc_runtime_Text_putSite__E                                        
1002f1f7  xdc_runtime_Error_policySpin__E                                    
1002f1f9  xdc_runtime_Text_putMod__E                                         
1002f289  xdc_runtime_Memory_alloc__E                                        
1002f2f9  xdc_runtime_Core_createObject__I                                   
1002f367  xdc_runtime_Core_deleteObject__I                                   
1002f3c5  xdc_runtime_Text_putLab__E                                         
1002f421  xdc_runtime_Assert_raise__I                                        
1002f475  xdc_runtime_Startup_exec__E                                        
1002f4c9  xdc_runtime_Core_assignParams__I                                   
1002f511  xdc_runtime_Core_constructObject__I                                
1002f559  xdc_runtime_System_atexit__E                                       
1002f5a1  xdc_runtime_Text_xprintf__I                                        
1002f5e5  xdc_runtime_System_processAtExit__E                                
1002f625  xdc_runtime_System_putchar__I                                      
1002f659  xdc_runtime_Core_assignLabel__I                                    
1002f689  xdc_runtime_Text_printVisFxn__I                                    
1002f6b9  xdc_runtime_System_vprintf__E                                      
1002f6e5  xdc_runtime_Text_cordText__E                                       
1002f711  xdc_runtime_System_abort__E                                        
1002f739  xdc_runtime_Error_raiseX__E                                        
1002f759  xdc_runtime_Registry_findById__E                                   
1002f779  xdc_runtime_Error_check__E                                         
1002f795  xdc_runtime_Memory_valloc__E                                       
1002f7b1  xdc_runtime_System_exit__E                                         
1002f7cd  xdc_runtime_Text_ropeText__E                                       
1002f7e9  xdc_runtime_System_printf__E                                       
1002f803  xdc_runtime_Core_destructObject__I                                 
1002f81b  xdc_runtime_System_abortSpin__E                                    
1002f81d  xdc_runtime_Memory_free__E                                         
1002f831  xdc_runtime_Memory_getStats__E                                     
1002f845  xdc_runtime_SysCallback_abort__E                                   
1002f845  xdc_runtime_System_SupportProxy_abort__E                           
1002f859  xdc_runtime_SysCallback_exit__E                                    
1002f859  xdc_runtime_System_SupportProxy_exit__E                            
1002f86d  xdc_runtime_SysCallback_flush__E                                   
1002f86d  xdc_runtime_System_SupportProxy_flush__E                           
1002f86d  xdc_runtime_System_flush__E                                        
1002f881  xdc_runtime_SysCallback_putch__E                                   
1002f881  xdc_runtime_System_SupportProxy_putch__E                           
1002f895  xdc_runtime_SysCallback_ready__E                                   
1002f895  xdc_runtime_System_SupportProxy_ready__E                           
1002f8a9  xdc_runtime_Memory_getMaxDefaultTypeAlign__E                       
1002f8b9  xdc_runtime_System_vsnprintf__E                                    
1002f8c9  xdc_runtime_Timestamp_SupportProxy_get32__E                        
1002f8c9  xdc_runtime_Timestamp_SupportProxy_get32__E                        
1002f8c9  xdc_runtime_Timestamp_get32__E                                     
1002f8c9  xdc_runtime_Timestamp_get32__E                                     
1002f8d9  xdc_runtime_Memory_calloc__E                                       
1002f8e5  xdc_runtime_Startup_rtsDone__E                                     
1002f8f1  xdc_runtime_Memory_HeapProxy_alloc__E                              
1002f8fb  xdc_runtime_Memory_HeapProxy_free__E                               
1002f905  xdc_runtime_Memory_HeapProxy_getStats__E                           
1002f90f  xdc_runtime_Gate_leaveSystem__E                                    
1002f915  xdc_runtime_System_Module_startup__E                               
1002f91b  xdc_runtime_Gate_enterSystem__E                                    
1002f91f  xdc_runtime_SysCallback_Module__startupDone__S                     
1002f91f  xdc_runtime_System_SupportProxy_Module__startupDone__S             
1002f923  xdc_runtime_System_Module_GateProxy_enter__E                       
1002f927  xdc_runtime_System_Module_GateProxy_leave__E                       
1002f92b  xdc_runtime_System_printf_va__F                                    
1002f92f  xdc_runtime_System_exitSpin__E                                     
1002f931  ti_sysbios_family_arm_m3_Hwi_dispatch__I                           
1002fa11  ti_sysbios_family_arm_m3_Hwi_interruptsAreDisabledButShouldNotBe   
1002fa2d  ti_sysbios_family_arm_m3_TaskSupport_buildTaskStack                
1002fab9  ti_sysbios_family_arm_m3_Hwi_initStacks__E                         
1002fb11  ti_sysbios_family_arm_m3_Hwi_pendSV__I                             
1002fb35  ti_sysbios_family_arm_m3_Hwi_return                                
1002fb39  ti_sysbios_family_arm_m3_Hwi_excHandlerAsm__I                      
1002fb59  ti_sysbios_family_xxx_Hwi_switchAndRunFunc                         
1002fb77  ti_sysbios_family_arm_m3_TaskSupport_swap__E                       
1002fb77  ti_sysbios_knl_Task_SupportProxy_swap__E                           
1002fb77  ti_sysbios_knl_Task_SupportProxy_swap__E                           
1002fb83  ti_sysbios_knl_Task_swapReturn                                     
1002fb8f  ti_sysbios_family_arm_m3_TaskSupport_glue                          
1002fba0  ti_sysbios_knl_Task_Object__PARAMS__C                              
1002fbdc  ti_sysbios_knl_Mailbox_Object__PARAMS__C                           
1002fc10  ti_sysbios_family_arm_m3_Hwi_Object__PARAMS__C                     
1002fc40  ti_sysbios_hal_Hwi_Object__PARAMS__C                               
1002fc6c  ti_sysbios_knl_Swi_Object__PARAMS__C                               
1002fc94  ti_sysbios_heaps_HeapMem_Object__PARAMS__C                         
1002fcb8  ti_sysbios_knl_Clock_Object__PARAMS__C                             
1002fcdc  ti_sysbios_knl_Semaphore_Object__PARAMS__C                         
1002fd00  ti_sysbios_gates_GateHwi_Object__PARAMS__C                         
1002fd18  ti_sysbios_gates_GateMutex_Object__PARAMS__C                       
1002fd30  ti_sysbios_knl_Event_Object__PARAMS__C                             
1002fd48  ti_sysbios_knl_Queue_Object__PARAMS__C                             
1002fd80  ti_sysbios_heaps_HeapTrack_Object__PARAMS__C                       
1002fd9c  ti_sysbios_heaps_HeapTrack_Instance_State_trackQueue__O            
1002fda0  ti_sysbios_heaps_HeapTrack_Module__diagsEnabled__C                 
1002fda4  ti_sysbios_heaps_HeapTrack_Module__diagsIncluded__C                
1002fda8  ti_sysbios_heaps_HeapTrack_Module__diagsMask__C                    
1002fddb  strlen                                                             
20000000  ti_sysbios_family_arm_m3_Hwi_ramVectors                            
20000100  xdcRomConstPtr                                                     
20000104  xdcRomExternFuncPtr                                                
20000108  xdcRomStatePtr                                                     
20000960  ti_sysbios_knl_Task_Instance_State_0_stack__A                      
20000b60  ti_sysbios_family_arm_m3_Hwi_dispatchTable                         
20000c38  spiCC26X2DMAObjects                                                
20000e44  pinHandleTable                                                     
20000ec0  lbtTask                                                            
20000f10  trngCC26XXObjects                                                  
200010cc  udmaCC26XXObject                                                   
20001288  ClockP_tickPeriod                                                  
2000128c  PowerCC26XX_swiKey                                                 
20001290  PowerCC26XX_taskKey                                                
20001294  entropyBuffer                                                      
20001299  driverlib_release_0_55938                                          
20001b20  __primary_heap_start__                                             
20002b20  PowerCC26X2_module                                                 
20002b20  __primary_heap_end__                                               
20002c30  ROM_stateStruct                                                    
20002c30  ti_sysbios_knl_Clock_Module__state__V                              
20002c5c  ti_sysbios_family_arm_cc26xx_TimestampProvider_Module__state__V    
20002c60  xdc_runtime_Startup_Module__state__V                               
20002c68  xdc_runtime_Registry_Module__state__V                              
20002c70  ti_sysbios_BIOS_Module__state__V                                   
20002c94  ti_sysbios_knl_Swi_Module__state__V                                
20002cb0  ti_sysbios_knl_Task_Module__state__V                               
20002cf4  xdc_runtime_Memory_Module__state__V                                
20002cf8  xdc_runtime_System_Module__state__V                                
20002d00  ti_sysbios_family_arm_m3_Hwi_Module__state__V                      
20002d34  ti_sysbios_family_arm_cc26xx_Timer_Module__state__V                
20002dc4  txPowerTable_slr5kbps2gfsk_0                                       
20002e48  ti_sysbios_gates_GateMutex_Object__table__V                        
20002e9c  ti_sysbios_knl_Task_Object__table__V                               
20002ee8  ti_sysbios_family_arm_cc26xx_Timer_Object__table__V                
20002f70  RF_cmdPropRadioDivSetup_slr5kbps2gfsk_0                            
20002fa0  RF_cmdPropRxAdv_slr5kbps2gfsk_0                                    
20002fd0  ti_sysbios_knl_Swi_Module_State_0_readyQ__A                        
20003000  ti_sysbios_knl_Swi_Object__table__V                                
20003030  ti_sysbios_knl_Task_Module_State_0_readyQ__A                       
20003060  EasyLink_supportedPhys                                             
20003084  gpioCallbackFunctions                                              
200030a8  gpioPinConfigs                                                     
200030f0  ti_sysbios_knl_Clock_Object__table__V                              
20003110  xdc_runtime_Error_IgnoreBlock                                      
20003130  pOverrides_slr5kbps2gfsk_0                                         
20003168  RF_cmdFs_slr5kbps2gfsk_0                                           
20003180  RF_cmdPropTx_slr5kbps2gfsk_0                                       
20003198  ti_sysbios_family_arm_m3_Hwi_Object__table__V                      
200031b0  ti_sysbios_heaps_HeapMem_Object__table__V                          
200031c8  pOverrides_slr5kbps2gfsk_0Tx20                                     
200031dc  pOverrides_slr5kbps2gfsk_0TxStd                                    
200031f0  RF_prop_slr5kbps2gfsk_0                                            
20003200  pinTable                                                           
2000320c  _lock                                                              
20003210  _unlock                                                            
20003214  pinUpperBound                                                      
20003218  pinLowerBound                                                      
20003224  ti_sysbios_family_arm_m3_Hwi_Module__root__V                       
2000322c  ti_sysbios_gates_GateHwi_Module__root__V                           
20003234  ti_sysbios_gates_GateMutex_Module__root__V                         
2000323c  ti_sysbios_hal_Hwi_Module__root__V                                 
20003244  ti_sysbios_heaps_HeapMem_Module__root__V                           
2000324c  ti_sysbios_knl_Clock_Module__root__V                               
20003254  ti_sysbios_knl_Event_Module__root__V                               
2000325c  ti_sysbios_knl_Mailbox_Module__root__V                             
20003264  ti_sysbios_knl_Queue_Module__root__V                               
2000326c  ti_sysbios_knl_Semaphore_Module__root__V                           
20003274  ti_sysbios_knl_Swi_Module__root__V                                 
2000327c  ti_sysbios_knl_Task_Module__root__V                                
20003284  xdc_runtime_System_Module_State_0_atexitHandlers__A                
20003291  bAttemptRetransmission                                             
20003292  ti_sysbios_family_arm_m3_Hwi_Module_State_0_excActive__A           
20003294  main_func_sp                                                       
20003298  ti_sysbios_family_arm_m3_Hwi_Module_State_0_excContext__A          
2000329c  ti_sysbios_family_arm_m3_Hwi_Module_State_0_excStack__A            
200032a0  ti_sysbios_knl_Task_Module_State_0_idleTask__A                     
20013c00  __stack                                                            
20014000  __STACK_END                                                        
e000e000  ti_sysbios_family_arm_m3_Hwi_nvic                                  
ffffffff  __TI_pprof_out_hndl                                                
ffffffff  __TI_prof_data_size                                                
ffffffff  __TI_prof_data_start                                               
ffffffff  __binit__                                                          
ffffffff  __c_args__                                                         
ffffffff  binit                                                              
UNDEFED   SHT$$INIT_ARRAY$$Base                                              
UNDEFED   SHT$$INIT_ARRAY$$Limit                                             

[918 symbols]
