******************************************************************************
                  TI ARM Linker PC v18.12.3                    
******************************************************************************
>> Linked Wed Apr 22 15:25:18 2020

OUTPUT FILE NAME:   <basestation_embedded.out>
ENTRY POINT SYMBOL: "ResetISR"  address: 00007421


MEMORY CONFIGURATION

         name            origin    length      used     unused   attr    fill
----------------------  --------  ---------  --------  --------  ----  --------
  FLASH                 00000000   00058000  0000a6c8  0004d938  R  X
  GPRAM                 11000000   00002000  00000000  00002000  RW X
  SRAM                  20000000   00014000  00003310  00010cf0  RW X


SEGMENT ALLOCATION MAP

run origin  load origin   length   init length attrs members
----------  ----------- ---------- ----------- ----- -------
00000000    00000000    0000a670   0000a670    r-x
  00000000    00000000    0000003c   0000003c    r-- .resetVecs
  0000003c    0000003c    00009890   00009890    r-x .text
  000098cc    000098cc    00000a6c   00000a6c    r-- .const
  0000a338    0000a338    00000338   00000338    r-- .cinit
00057fa8    00057fa8    00000058   00000058    r--
  00057fa8    00057fa8    00000058   00000058    r-- .ccfg
20000100    20000100    000016e2   00000000    rw-
  20000100    20000100    00000004   00000000    rw- .data:xdcRomConstPtr
  20000104    20000104    00000004   00000000    rw- .data:xdcRomExternFuncPtr
  20000108    20000108    00000004   00000000    rw- .data:xdcRomStatePtr
  20000110    20000110    000016d2   00000000    rw- .bss
200017e8    200017e8    00001000   00000000    r--
  200017e8    200017e8    00001000   00000000    r-- .priheap
200027e8    200027e8    0000075a   00000000    rw-
  200027e8    200027e8    0000075a   00000000    rw- .data
20013c00    20013c00    00000400   00000000    rw-
  20013c00    20013c00    00000400   00000000    rw- .stack


SECTION ALLOCATION MAP

 output                                  attributes/
section   page    origin      length       input sections
--------  ----  ----------  ----------   ----------------
.binit     0    00000000    00000000     

.cinit     0    0000a338    00000338     
                  0000a338    000002de     (.cinit..data.load) [load image, compression = lzss]
                  0000a616    00000002     --HOLE-- [fill = 0]
                  0000a618    0000000c     (__TI_handler_table)
                  0000a624    00000004     --HOLE-- [fill = 0]
                  0000a628    00000008     (.cinit..bss.load) [load image, compression = zero_init]
                  0000a630    00000008     (.cinit..data:xdcRomConstPtr.load) [load image, compression = lzss]
                  0000a638    00000008     (.cinit..data:xdcRomExternFuncPtr.load) [load image, compression = lzss]
                  0000a640    00000008     (.cinit..data:xdcRomStatePtr.load) [load image, compression = lzss]
                  0000a648    00000028     (__TI_cinit_table)

.init_array 
*          0    00000000    00000000     UNINITIALIZED

.ccfg      0    00057fa8    00000058     
                  00057fa8    00000058     ti_devices_config.obj (.ccfg:retain)

.bss       0    20000110    000016d2     UNINITIALIZED
                  20000110    00000470     rf_multiMode_cc13x2.aem4f : RFCC26X2_multiMode.c.cc13x2.ccs.o (.bss:$O1$$)
                  20000580    00000400     rfEasyLinkRx.obj (.bss:rxTaskStack)
                  20000980    00000400     server_comm.obj (.bss:serverTaskStack)
                  20000d80    00000200     release_pem4f.oem4f (.bss:taskStackSection)
                  20000f80    0000012c     (.common:uartCC26XXObjects)
                  200010ac    000000d8     (.common:ti_sysbios_family_arm_m3_Hwi_dispatchTable)
                  20001184    00000004     drivers_cc13x2.aem4f : PINCC26XX.oem4f (.bss)
                  20001188    000000a8     EasyLink.obj (.bss:rfObject)
                  20001230    00000098     EasyLink.obj (.bss:rxBuffer)
                  200012c8    0000007c     (.common:pinHandleTable)
                  20001344    00000064     rfEasyLinkRx.obj (.bss:sprintf_buffer)
                  200013a8    00000050     (.common:rxTask)
                  200013f8    00000050     (.common:serverTask)
                  20001448    0000004c     (.common:gptimerCC26XXObjects)
                  20001494    0000003c     rfEasyLinkRx.obj (.bss:rxTaskParams)
                  200014d0    0000003c     server_comm.obj (.bss:serverTaskParams)
                  2000150c    00000034     drivers_cc13x2.aem4f : PINCC26XX.oem4f (.bss:pinSwi)
                  20001540    00000030     EasyLink.obj (.bss:EasyLink_cmdPropRadioSetup)
                  20001570    00000030     EasyLink.obj (.bss:EasyLink_cmdPropRxAdv)
                  200015a0    00000024     server_comm.obj (.bss:uartParams)
                  200015c4    00000020     EasyLink.obj (.bss:EasyLink_cmdPropTxAdv)
                  200015e4    00000020     drivers_cc13x2.aem4f : GPIOCC26XX.oem4f (.bss:gpioCallbackInfo)
                  20001604    00000020                          : PINCC26XX.oem4f (.bss:pinGpioConfigTable)
                  20001624    00000020     EasyLink.obj (.bss:rfParams)
                  20001644    00000020     ti_drivers_config.obj (.bss:uartCC26XXRingBuffer0)
                  20001664    00000020     (.common:pwmTimerCC26XXObjects)
                  20001684    0000001c     driverlib.lib : osc.obj (.bss:$O1$$)
                  200016a0    0000001c     EasyLink.obj (.bss:EasyLink_cmdPropCs)
                  200016bc    0000001c     drivers_cc13x2.aem4f : PINCC26XX.oem4f (.bss:pinHwi)
                  200016d8    0000001c                          : PINCC26XX.oem4f (.bss:pinSemaphore)
                  200016f4    0000001c     EasyLink.obj (.bss:schParams_prop)
                  20001710    00000018     EasyLink.obj (.bss)
                  20001728    00000018     EasyLink.obj (.bss:EasyLink_cmdFs)
                  20001740    00000014     rf_multiMode_cc13x2.aem4f : RFCC26X2_multiMode.c.cc13x2.ccs.o (.bss:RF_ratSyncCmd)
                  20001754    00000010     EasyLink.obj (.bss:EasyLink_RF_prop)
                  20001764    00000010     EasyLink.obj (.bss:EasyLink_params)
                  20001774    0000000c     ti_drivers_config.obj (.bss:frontendState)
                  20001780    0000000c     drivers_cc13x2.aem4f : GPIOCC26XX.oem4f (.bss:gpioPinState)
                  2000178c    0000000c     rfEasyLinkRx.obj (.bss:ledPinState)
                  20001798    0000000c     drivers_cc13x2.aem4f : PWMTimerCC26XX.oem4f (.bss:pinState)
                  200017a4    0000000c     EasyLink.obj (.bss:rxStatistics)
                  200017b0    00000008     EasyLink.obj (.bss:dataQueue)
                  200017b8    00000008     drivers_cc13x2.aem4f : GPIOCC26XX.oem4f (.bss)
                  200017c0    00000004     rfEasyLinkRx.obj (.bss)
                  200017c4    00000004     server_comm.obj (.bss)
                  200017c8    00000004     ti_drivers_config.obj (.bss)
                  200017cc    00000004     (.common:ClockP_tickPeriod)
                  200017d0    00000004     (.common:PowerCC26XX_swiKey)
                  200017d4    00000004     (.common:PowerCC26XX_taskKey)
                  200017d8    00000004     (.common:pinHandle)
                  200017dc    00000004     (.common:proportional_valve_pwm_handle)
                  200017e0    00000001     rf_multiMode_cc13x2.aem4f : RFCC26X2_multiMode.c.cc13x2.ccs.o (.bss)
                  200017e1    00000001     (.common:driverlib_release_0_55938)

.data      0    200027e8    0000075a     UNINITIALIZED
                  200027e8    00000110     drivers_cc13x2.aem4f : PowerCC26X2.oem4f (.data:PowerCC26X2_module)
                  200028f8    0000010c     release_pem4f.oem4f (.data:ROM_stateStruct)
                  20002a04    00000088     rom_sysbios.aem4f : rom_sysbios.obj (.data:$O1$$)
                  20002a8c    00000082     ti_radio_config.obj (.data:txPowerTable_slr5kbps2gfsk_0)
                  20002b0e    00000002     release_pem4f.oem4f (.data:ti_sysbios_family_arm_m3_Hwi_Module_State_0_excActive__A)
                  20002b10    00000054     release_pem4f.oem4f (.data:ti_sysbios_gates_GateMutex_Object__table__V)
                  20002b64    0000004c     release_pem4f.oem4f (.data:ti_sysbios_knl_Task_Object__table__V)
                  20002bb0    00000048     release_pem4f.oem4f (.data:ti_sysbios_family_arm_cc26xx_Timer_Object__table__V)
                  20002bf8    00000040     EasyLink.obj (.data:addrFilterTable)
                  20002c38    00000030     ti_radio_config.obj (.data:RF_cmdPropRadioDivSetup_slr5kbps2gfsk_0)
                  20002c68    00000030     ti_radio_config.obj (.data:RF_cmdPropRxAdv_slr5kbps2gfsk_0)
                  20002c98    00000030     release_pem4f.oem4f (.data:ti_sysbios_knl_Swi_Module_State_0_readyQ__A)
                  20002cc8    00000030     release_pem4f.oem4f (.data:ti_sysbios_knl_Swi_Object__table__V)
                  20002cf8    00000030     release_pem4f.oem4f (.data:ti_sysbios_knl_Task_Module_State_0_readyQ__A)
                  20002d28    00000024     ti_easylink_config.obj (.data:EasyLink_supportedPhys)
                  20002d4c    00000020     ti_radio_config.obj (.data:pOverrides_slr5kbps2gfsk_0)
                  20002d6c    00000020     release_pem4f.oem4f (.data:ti_sysbios_knl_Clock_Object__table__V)
                  20002d8c    00000020     release_pem4f.oem4f (.data:xdc_runtime_Error_IgnoreBlock)
                  20002dac    0000001c     ti_drivers_config.obj (.data:gpioCallbackFunctions)
                  20002dc8    0000001c     ti_drivers_config.obj (.data:gpioPinConfigs)
                  20002de4    0000001b     EasyLink.obj (.data)
                  20002dff    00000001     drivers_cc13x2.aem4f : PWM.oem4f (.data)
                  20002e00    00000018     ti_radio_config.obj (.data:RF_cmdFs_slr5kbps2gfsk_0)
                  20002e18    00000018     ti_radio_config.obj (.data:RF_cmdPropTx_slr5kbps2gfsk_0)
                  20002e30    00000018     release_pem4f.oem4f (.data:ti_sysbios_family_arm_m3_Hwi_Object__table__V)
                  20002e48    00000018     release_pem4f.oem4f (.data:ti_sysbios_heaps_HeapMem_Object__table__V)
                  20002e60    00000014     ti_radio_config.obj (.data:pOverrides_slr5kbps2gfsk_0Tx20)
                  20002e74    00000014     ti_radio_config.obj (.data:pOverrides_slr5kbps2gfsk_0TxStd)
                  20002e88    00000010     ti_radio_config.obj (.data:RF_prop_slr5kbps2gfsk_0)
                  20002e98    0000000c     rfEasyLinkRx.obj (.data:pinTable)
                  20002ea4    00000008     rtsv7M4_T_le_v4SPD16_eabi.lib : _lock.c.obj (.data:$O1$$)
                  20002eac    00000008     drivers_cc13x2.aem4f : PINCC26XX.oem4f (.data)
                  20002eb4    00000008     release_pem4f.oem4f (.data:ti_sysbios_family_arm_m3_Hwi_Module__root__V)
                  20002ebc    00000008     release_pem4f.oem4f (.data:ti_sysbios_gates_GateHwi_Module__root__V)
                  20002ec4    00000008     release_pem4f.oem4f (.data:ti_sysbios_gates_GateMutex_Module__root__V)
                  20002ecc    00000008     release_pem4f.oem4f (.data:ti_sysbios_hal_Hwi_Module__root__V)
                  20002ed4    00000008     release_pem4f.oem4f (.data:ti_sysbios_heaps_HeapMem_Module__root__V)
                  20002edc    00000008     release_pem4f.oem4f (.data:ti_sysbios_knl_Clock_Module__root__V)
                  20002ee4    00000008     release_pem4f.oem4f (.data:ti_sysbios_knl_Event_Module__root__V)
                  20002eec    00000008     release_pem4f.oem4f (.data:ti_sysbios_knl_Mailbox_Module__root__V)
                  20002ef4    00000008     release_pem4f.oem4f (.data:ti_sysbios_knl_Queue_Module__root__V)
                  20002efc    00000008     release_pem4f.oem4f (.data:ti_sysbios_knl_Semaphore_Module__root__V)
                  20002f04    00000008     release_pem4f.oem4f (.data:ti_sysbios_knl_Swi_Module__root__V)
                  20002f0c    00000008     release_pem4f.oem4f (.data:ti_sysbios_knl_Task_Module__root__V)
                  20002f14    00000008     release_pem4f.oem4f (.data:xdc_runtime_System_Module_State_0_atexitHandlers__A)
                  20002f1c    00000005     drivers_cc13x2.aem4f : GPIOCC26XX.oem4f (.data)
                  20002f21    00000001                          : UART.oem4f (.data)
                  20002f22    00000001     pneumatics.obj (.data)
                  20002f23    00000001     rf_multiMode_cc13x2.aem4f : rf_patch_cpe_prop.c.cc13x2.ccs.o (.data)
                  20002f24    00000004     drivers_cc13x2.aem4f : PWMTimerCC26XX.oem4f (.data)
                  20002f28    00000004                          : GPIOCC26XX.oem4f (.data:gpioPinTable)
                  20002f2c    00000004     rtsv7M4_T_le_v4SPD16_eabi.lib : rand.c.obj (.data)
                  20002f30    00000004                                   : stkdepth_vars.c.obj (.data)
                  20002f34    00000004     release_pem4f.oem4f (.data:ti_sysbios_family_arm_m3_Hwi_Module_State_0_excContext__A)
                  20002f38    00000004     release_pem4f.oem4f (.data:ti_sysbios_family_arm_m3_Hwi_Module_State_0_excStack__A)
                  20002f3c    00000004     release_pem4f.oem4f (.data:ti_sysbios_knl_Task_Module_State_0_idleTask__A)
                  20002f40    00000001     server_comm.obj (.data)
                  20002f41    00000001     ti_drivers_config.obj (.data)

.stack     0    20013c00    00000400     UNINITIALIZED
                  20013c00    00000400     --HOLE--

.priheap   0    200017e8    00001000     UNINITIALIZED
                  200017e8    00001000     --HOLE--

.data:xdcRomConstPtr 
*          0    20000100    00000004     UNINITIALIZED
                  20000100    00000004     release_pem4f.oem4f (.data:xdcRomConstPtr)

.data:xdcRomExternFuncPtr 
*          0    20000104    00000004     UNINITIALIZED
                  20000104    00000004     release_pem4f.oem4f (.data:xdcRomExternFuncPtr)

.data:xdcRomStatePtr 
*          0    20000108    00000004     UNINITIALIZED
                  20000108    00000004     release_pem4f.oem4f (.data:xdcRomStatePtr)

.bootVecs 
*          0    00000000    00000008     DSECT
                  00000000    00000008     boot.aem4f : boot.oem4f (.bootVecs)

.resetVecs 
*          0    00000000    0000003c     
                  00000000    0000003c     release_pem4f.oem4f (.resetVecs)

.vecs      0    20000000    000000d8     NOLOAD SECTION
                  20000000    000000d8     release_pem4f.oem4f (.vecs)

xdc.meta   0    00000000    0000010a     COPY SECTION
                  00000000    0000010a     release_pem4f.oem4f (xdc.meta)

xdc.noload 
*          0    00000000    00000000     COPY SECTION

.text      0    0000003c    00009890     
                  0000003c    00000a4e     rtsv7M4_T_le_v4SPD16_eabi.lib : _printfi.c.obj (.text:__TI_printfi)
                  00000a8a    00000002     rf_multiMode_cc13x2.aem4f : rfc.c.cc13x2.ccs.o (.text:NOROM_RFCCpePatchReset)
                  00000a8c    000006a8     EasyLink.obj (.text:EasyLink_init)
                  00001134    0000049c     rf_multiMode_cc13x2.aem4f : RFCC26X2_multiMode.c.cc13x2.ccs.o (.text:RF_fsmActiveState)
                  000015d0    0000035c     EasyLink.obj (.text:EasyLink_receive)
                  0000192c    00000270     rtsv7M4_T_le_v4SPD16_eabi.lib : _printfi.c.obj (.text:_pconv_a)
                  00001b9c    0000025c     rf_multiMode_cc13x2.aem4f : RFCC26X2_multiMode.c.cc13x2.ccs.o (.text:RF_open)
                  00001df8    00000204                               : RFCC26X2_multiMode.c.cc13x2.ccs.o (.text:RF_scheduleCmd)
                  00001ffc    000001e4     server_comm.obj (.text:server_task_run)
                  000021e0    000001d0     rtsv7M4_T_le_v4SPD16_eabi.lib : _printfi.c.obj (.text:_pconv_g)
                  000023b0    000001c4     drivers_cc13x2.aem4f : PINCC26XX.oem4f (.text:PIN_init)
                  00002574    000001b6     rtsv7M4_T_le_v4SPD16_eabi.lib : fd_add_t2.asm.obj (.text)
                  0000272a    00000002     drivers_cc13x2.aem4f : PWMTimerCC26XX.oem4f (.text:PWMTimerCC26XX_init)
                  0000272c    000001a8                          : PowerCC26X2.oem4f (.text:Power_sleep)
                  000028d4    00000190     rf_multiMode_cc13x2.aem4f : RFCC26X2_multiMode.c.cc13x2.ccs.o (.text:RF_dispatchNextCmd)
                  00002a64    00000190     drivers_cc13x2.aem4f : PowerCC26X2_calibrateRCOSC.oem4f (.text:calibrateRcoscHf1)
                  00002bf4    00000190     ti_drivers_config.obj (.text:rfDriverCallback)
                  00002d84    0000018c     drivers_cc13x2.aem4f : PowerCC26X2.oem4f (.text:Power_init)
                  00002f10    0000018c                          : PowerCC26X2_calibrateRCOSC.oem4f (.text:runCalibrateFsm)
                  0000309c    00000188     release_pem4f.oem4f (.text:xdc_runtime_System_printfExtend__I)
                  00003224    00000164     drivers_cc13x2.aem4f : UARTCC26XX.oem4f (.text:UARTCC26XX_open)
                  00003388    00000154     rf_multiMode_cc13x2.aem4f : RFCC26X2_multiMode.c.cc13x2.ccs.o (.text:RF_initRadioSetup)
                  000034dc    00000154     drivers_cc13x2.aem4f : UARTCC26XX.oem4f (.text:UARTCC26XX_hwiIntFxn)
                  00003630    00000150     rfEasyLinkRx.obj (.text:rfEasyLinkRxFnx)
                  00003780    00000148     rf_multiMode_cc13x2.aem4f : RFCC26X2_multiMode.c.cc13x2.ccs.o (.text:RF_fsmSetupState)
                  000038c8    00000140                               : RFCC26X2_multiMode.c.cc13x2.ccs.o (.text:RF_close)
                  00003a08    0000013c     rtsv7M4_T_le_v4SPD16_eabi.lib : _printfi.c.obj (.text:_pconv_e)
                  00003b44    0000013a     drivers_cc13x2.aem4f : UARTCC26XX.oem4f (.text:UARTCC26XX_read)
                  00003c7e    00000136     rtsv7M4_T_le_v4SPD16_eabi.lib : fd_div_t2.asm.obj (.text)
                  00003db4    00000134     rf_multiMode_cc13x2.aem4f : RFCC26X2_multiMode.c.cc13x2.ccs.o (.text:RF_abortCmd)
                  00003ee8    00000124     rtsv7M4_T_le_v4SPD16_eabi.lib : _printfi.c.obj (.text:fcvt)
                  0000400c    00000120     rf_multiMode_cc13x2.aem4f : RFCC26X2_multiMode.c.cc13x2.ccs.o (.text:RF_radioOpDoneCb)
                  0000412c    00000112                               : RFCC26X2_multiMode.c.cc13x2.ccs.o (.text:RF_decodeOverridePointers)
                  0000423e    00000002                               : RFCC26X2_multiMode.c.cc13x2.ccs.o (.text:RF_defaultCallback)
                  00004240    00000110     drivers_cc13x2.aem4f : GPIOCC26XX.oem4f (.text:GPIO_setConfig)
                  00004350    00000110     rtsv7M4_T_le_v4SPD16_eabi.lib : s_scalbn.c.obj (.text:scalbn)
                  00004460    00000100     drivers_cc13x2.aem4f : PowerCC26X2.oem4f (.text:configureXOSCHF)
                  00004560    000000fc     driverlib.lib : sys_ctrl.obj (.text:NOROM_SysCtrlStandby)
                  0000465c    000000fc     rf_multiMode_cc13x2.aem4f : RFCC26X2_multiMode.c.cc13x2.ccs.o (.text:RF_hwiCpe0Active)
                  00004758    000000fc     rtsv7M4_T_le_v4SPD16_eabi.lib : fd_mul_t2.asm.obj (.text)
                  00004854    000000f8     drivers_cc13x2.aem4f : PINCC26XX.oem4f (.text:PINCC26XX_setIoCfg)
                  0000494c    000000f0     rf_multiMode_cc13x2.aem4f : RFCC26X2_multiMode.c.cc13x2.ccs.o (.text:RF_fsmPowerUpState)
                  00004a3c    000000e0     drivers_cc13x2.aem4f : UARTCC26XX.oem4f (.text:UARTCC26XX_write)
                  00004b1c    000000dc                          : PWMTimerCC26XX.oem4f (.text:PWMTimerCC26XX_open)
                  00004bf8    000000d8     rf_multiMode_cc13x2.aem4f : RFCC26X2_multiMode.c.cc13x2.ccs.o (.text:RF_postCmd)
                  00004cd0    000000d4                               : RFCC26X2_multiMode.c.cc13x2.ccs.o (.text:RF_pendCmd)
                  00004da4    000000d2                               : RFCC26X2_multiMode.c.cc13x2.ccs.o (.text:RF_updatePaConfiguration)
                  00004e76    00000002     rtsv7M4_T_le_v4SPD16_eabi.lib : _lock.c.obj (.text:_nop)
                  00004e78    000000d0     rf_multiMode_cc13x2.aem4f : RFCC26X2_multiMode.c.cc13x2.ccs.o (.text:RF_swiHw)
                  00004f48    000000c8     drivers_cc13x2.aem4f : PowerCC26X2.oem4f (.text:Power_releaseDependency)
                  00005010    000000c8     rf_multiMode_cc13x2.aem4f : RFCC26X2_multiMode.c.cc13x2.ccs.o (.text:RF_hwiTempLimit)
                  000050d8    000000c4     drivers_cc13x2.aem4f : GPIOCC26XX.oem4f (.text:GPIO_init)
                  0000519c    000000c4                          : PowerCC26X2.oem4f (.text:Power_setDependency)
                  00005260    000000c0                          : UARTCC26XX.oem4f (.text:UARTCC26XX_initIO)
                  00005320    000000b8                          : UARTCC26XX.oem4f (.text:UARTCC26XX_initHw)
                  000053d8    000000b8     rfEasyLinkRx.obj (.text:main)
                  00005490    000000b4     dpl_cc13x2.aem4f : PowerCC26X2_tirtos.oem4f (.text:PowerCC26XX_standbyPolicy)
                  00005544    000000b1     rtsv7M4_T_le_v4SPD16_eabi.lib : _printfi.c.obj (.text:_ltostr)
                  000055f5    00000001     --HOLE-- [fill = 0]
                  000055f6    00000002     drivers_cc13x2.aem4f : PowerCC26X2.oem4f (.text:emptyClockFunc)
                  000055f8    000000ac                          : PINCC26XX.oem4f (.text:PIN_open)
                  000056a4    000000ac     driverlib.lib : setup.obj (.text:TrimAfterColdResetWakeupFromShutDown)
                  00005750    000000a4     rf_multiMode_cc13x2.aem4f : RFCC26X2_multiMode.c.cc13x2.ccs.o (.text:RF_ratRestartChannels)
                  000057f4    000000a0     auto_init.aem4f : auto_init.oem4f (.text)
                  00005894    0000009c     drivers_cc13x2.aem4f : PWMTimerCC26XX.oem4f (.text:PWMTimerCC26XX_setDutyAndPeriod)
                  00005930    0000009c     rf_multiMode_cc13x2.aem4f : RFCC26X2_multiMode.c.cc13x2.ccs.o (.text:RF_calculateDispatchTime)
                  000059cc    0000009c     rtsv7M4_T_le_v4SPD16_eabi.lib : memcpy_t2.asm.obj (.text)
                  00005a68    00000098     driverlib.lib : setup.obj (.text:NOROM_SetupTrimDevice)
                  00005b00    00000098     drivers_cc13x2.aem4f : UARTCC26XX.oem4f (.text:writeTxFifoFlush)
                  00005b98    00000096     rtsv7M4_T_le_v4SPD16_eabi.lib : ull_div_t2.asm.obj (.text)
                  00005c2e    00000092     drivers_cc13x2.aem4f : UARTCC26XX.oem4f (.text:UARTCC26XX_writeCancel)
                  00005cc0    00000090     rf_multiMode_cc13x2.aem4f : RFCC26X2_multiMode.c.cc13x2.ccs.o (.text:RF_discardPendCmd)
                  00005d50    0000008c                               : RFCC26X2_multiMode.c.cc13x2.ccs.o (.text:RF_cmdDispatchTime)
                  00005ddc    00000088     drivers_cc13x2.aem4f : GPTimerCC26XX.oem4f (.text:GPTimerCC26XX_open)
                  00005e64    00000088     driverlib.lib : osc.obj (.text:NOROM_OSCHF_AttemptToSwitchToXosc)
                  00005eec    00000088     rf_multiMode_cc13x2.aem4f : RFCC26X2_multiMode.c.cc13x2.ccs.o (.text:RF_getTxPower)
                  00005f74    00000088     drivers_cc13x2.aem4f : PowerCC26X2_calibrateRCOSC.oem4f (.text:calibrateRcoscHf2)
                  00005ffc    00000088                          : PowerCC26X2.oem4f (.text:disableLFClockQualifiers)
                  00006084    00000088     server_comm.obj (.text:server_init)
                  0000610c    00000088     drivers_cc13x2.aem4f : PowerCC26X2_calibrateRCOSC.oem4f (.text:updateSubSecInc)
                  00006194    00000086     rtsv7M4_T_le_v4SPD16_eabi.lib : fd_cmp_t2.asm.obj (.text:__aeabi_cdcmple)
                  0000621a    00000086                                   : fd_cmp_t2.asm.obj (.text:__aeabi_cdrcmple)
                  000062a0    00000084     CC1352P_2_LAUNCHXL_fxns.obj (.text:CC1352P_2_LAUNCHXL_sendExtFlashByte)
                  00006324    00000084     rf_multiMode_cc13x2.aem4f : RFCC26X2_multiMode.c.cc13x2.ccs.o (.text:RF_issueRadioFreeCb)
                  000063a8    00000084                               : RFCC26X2_multiMode.c.cc13x2.ccs.o (.text:RF_verifyGap)
                  0000642c    00000084     drivers_cc13x2.aem4f : UARTCC26XX.oem4f (.text:UARTCC26XX_close)
                  000064b0    00000084     rom_sysbios.aem4f : rom_sysbios.obj (.text:ti_sysbios_family_arm_m3_Hwi_excHandlerMin__I)
                  00006534    00000080                       : rom_sysbios.obj (.text:ti_sysbios_family_arm_cc26xx_Timer_start__E)
                  000065b4    0000007c     rf_multiMode_cc13x2.aem4f : RFCC26X2_multiMode.c.cc13x2.ccs.o (.text:RF_ratFreeChannel)
                  00006630    0000007a     rtsv7M4_T_le_v4SPD16_eabi.lib : memset_t2.asm.obj (.text)
                  000066aa    00000002                                   : div0.asm.obj (.text)
                  000066ac    00000074     drivers_cc13x2.aem4f : GPTimerCC26XX.oem4f (.text:GPTimerCC26XX_resetHw)
                  00006720    00000074                          : PowerCC26X2_calibrateRCOSC.oem4f (.text:PowerCC26X2_auxISR)
                  00006794    00000072     rf_multiMode_cc13x2.aem4f : RFCC26X2_multiMode.c.cc13x2.ccs.o (.text:RF_detachOverrides)
                  00006806    00000070                               : rfc.c.cc13x2.ccs.o (.text:NOROM_RFCAnaDivTxOverride)
                  00006876    00000002     release_pem4f.oem4f (.text:ti_sysbios_BIOS_nullFunc__I)
                  00006878    00000070     drivers_cc13x2.aem4f : PINCC26XX.oem4f (.text:PIN_add)
                  000068e8    00000070     rf_multiMode_cc13x2.aem4f : RFCC26X2_multiMode.c.cc13x2.ccs.o (.text:RF_hwiHw)
                  00006958    0000006e                               : RFCC26X2_multiMode.c.cc13x2.ccs.o (.text:RF_attachOverrides)
                  000069c6    0000006e                               : RFCC26X2_multiMode.c.cc13x2.ccs.o (.text:RF_howToSchedule)
                  00006a34    0000006e     rtsv7M4_T_le_v4SPD16_eabi.lib : _printfi.c.obj (.text:_mcpy)
                  00006aa2    0000006e                                   : ll_div_t2.asm.obj (.text)
                  00006b10    0000006d     rom_sysbios.aem4f : rom_sysbios.obj (.text:xdc_runtime_System_formatNum__I)
                  00006b7d    00000001     --HOLE-- [fill = 0]
                  00006b7e    00000002                       : rom_sysbios.obj (.text:xdc_runtime_SysCallback_defaultAbort)
                  00006b80    0000006c     rf_multiMode_cc13x2.aem4f : RFCC26X2_multiMode.c.cc13x2.ccs.o (.text:RF_getCurrentTime)
                  00006bec    00000068     driverlib.lib : osc.obj (.text:NOROM_OSCHF_SwitchToRcOscTurnOffXosc)
                  00006c54    00000068                   : sys_ctrl.obj (.text:NOROM_SysCtrlSetRechargeBeforePowerDown)
                  00006cbc    00000068     rtsv7M4_T_le_v4SPD16_eabi.lib : copy_decompress_lzss.c.obj (.text:decompress:lzss:__TI_decompress_lzss)
                  00006d24    00000064     driverlib.lib : osc.obj (.text:NOROM_OSC_HPOSCRtcCompensate)
                  00006d88    00000064     rf_multiMode_cc13x2.aem4f : RFCC26X2_multiMode.c.cc13x2.ccs.o (.text:RF_dispatchNextEvent)
                  00006dec    00000064     drivers_cc13x2.aem4f : UARTCC26XX.oem4f (.text:UARTCC26XX_control)
                  00006e50    00000064     rtsv7M4_T_le_v4SPD16_eabi.lib : s_frexp.c.obj (.text:frexp)
                  00006eb4    00000062     drivers_cc13x2.aem4f : UARTCC26XX.oem4f (.text:UARTCC26XX_swiIntFxn)
                  00006f16    00000002     rom_sysbios.aem4f : rom_sysbios.obj (.text:xdc_runtime_SysCallback_defaultExit)
                  00006f18    00000060     drivers_cc13x2.aem4f : GPIOCC26XX.oem4f (.text:GPIO_write)
                  00006f78    00000060     rf_multiMode_cc13x2.aem4f : RFCC26X2_multiMode.c.cc13x2.ccs.o (.text:RF_applyRfCorePatch)
                  00006fd8    00000060     pneumatics.obj (.text:pneumatics_init)
                  00007038    00000060     rfEasyLinkRx.obj (.text:rxTask_init)
                  00007098    0000005c     drivers_cc13x2.aem4f : PINCC26XX.oem4f (.text:PIN_remove)
                  000070f4    0000005c                          : PWMTimerCC26XX.oem4f (.text:PWMTimerCC26XX_setPeriod)
                  00007150    0000005c     rf_multiMode_cc13x2.aem4f : RFCC26X2_multiMode.c.cc13x2.ccs.o (.text:RF_syncCb)
                  000071ac    0000005c     rom_sysbios.aem4f : rom_sysbios.obj (.text:ti_sysbios_heaps_HeapMem_initPrimary__I)
                  00007208    0000005c     release_pem4f.oem4f (.text:xdc_runtime_Startup_getState__I)
                  00007264    0000005a     EasyLink.obj (.text:createTxAdvFromTx)
                  000072be    00000002     rom_sysbios.aem4f : rom_sysbios.obj (.text:xdc_runtime_SysCallback_defaultFlush)
                  000072c0    00000058     drivers_cc13x2.aem4f : GPTimerCC26XX.oem4f (.text:GPTimerCC26XX_stop)
                  00007318    00000058                          : PowerCC26X2_calibrateRCOSC.oem4f (.text:PowerCC26X2_initiateCalibration)
                  00007370    00000058     rf_multiMode_cc13x2.aem4f : RFCC26X2_multiMode.c.cc13x2.ccs.o (.text:RF_fsmXOSCState)
                  000073c8    00000058                               : RFCC26X2_multiMode.c.cc13x2.ccs.o (.text:RF_hwiCpe0PowerFsm)
                  00007420    00000058     boot.aem4f : boot.oem4f (.text)
                  00007478    00000056     rf_multiMode_cc13x2.aem4f : RFCC26X2_multiMode.c.cc13x2.ccs.o (.text:RF_defaultSubmitPolicy)
                  000074ce    00000056     rtsv7M4_T_le_v4SPD16_eabi.lib : _printfi.c.obj (.text:_pconv_f)
                  00007524    00000054     driverlib.lib : chipinfo.obj (.text:NOROM_ChipInfo_GetChipType)
                  00007578    00000054     rtsv7M4_T_le_v4SPD16_eabi.lib : ltoa.c.obj (.text:ltoa)
                  000075cc    00000054     server_comm.obj (.text:server_task_init)
                  00007620    00000052     rtsv7M4_T_le_v4SPD16_eabi.lib : _printfi.c.obj (.text:_ecpy)
                  00007672    00000002     rom_sysbios.aem4f : rom_sysbios.obj (.text:xdc_runtime_SysCallback_defaultPutch)
                  00007674    00000050     dpl_cc13x2.aem4f : ClockP_tirtos.oem4f (.text:ClockP_construct)
                  000076c4    00000050     drivers_cc13x2.aem4f : PWMTimerCC26XX.oem4f (.text:PWMTimerCC26XX_getdutyCounts)
                  00007714    00000050     rf_multiMode_cc13x2.aem4f : RFCC26X2_multiMode.c.cc13x2.ccs.o (.text:RF_wakeupNotification)
                  00007764    0000004c     CC1352P_2_LAUNCHXL_fxns.obj (.text:CC1352P_2_LAUNCHXL_wakeUpExtFlash)
                  000077b0    0000004c     drivers_cc13x2.aem4f : GPTimerCC26XX.oem4f (.text:GPTimerCC26XX_initHw)
                  000077fc    0000004c                          : GPTimerCC26XX.oem4f (.text:GPTimerCC26XX_start)
                  00007848    0000004c                          : UARTCC26XX.oem4f (.text:UARTCC26XX_readCancel)
                  00007894    0000004c     rtsv7M4_T_le_v4SPD16_eabi.lib : atoi.c.obj (.text:atoi)
                  000078e0    0000004c                                   : cpy_tbl.c.obj (.text:copy_in)
                  0000792c    0000004c     drivers_cc13x2.aem4f : UARTCC26XX.oem4f (.text:startTxFifoEmptyClk)
                  00007978    0000004c                          : PowerCC26X2.oem4f (.text:switchXOSCHF)
                  000079c4    00000048     rf_multiMode_cc13x2.aem4f : rfc.c.cc13x2.ccs.o (.text:NOROM_RFCSynthPowerDown)
                  00007a0c    00000048     drivers_cc13x2.aem4f : PINCC26XX.oem4f (.text:PIN_setOutputEnable)
                  00007a54    00000048                          : PWMTimerCC26XX.oem4f (.text:PWMTimerCC26XX_setDuty)
                  00007a9c    00000048                          : PowerCC26X2_calibrateRCOSC.oem4f (.text:PowerCC26X2_RCOSC_clockFunc)
                  00007ae4    00000048                          : PowerCC26X2.oem4f (.text:PowerCC26XX_switchXOSC_HF)
                  00007b2c    00000048     rtsv7M4_T_le_v4SPD16_eabi.lib : fd_toi_t2.asm.obj (.text)
                  00007b74    00000048     drivers_cc13x2.aem4f : UARTCC26XX.oem4f (.text:writeFinishedDoCallback)
                  00007bbc    00000046                          : RingBuf.oem4f (.text:RingBuf_put)
                  00007c02    00000002     --HOLE-- [fill = 0]
                  00007c04    00000044     driverlib.lib : chipinfo.obj (.text:NOROM_ChipInfo_GetHwRevision)
                  00007c48    00000044     drivers_cc13x2.aem4f : PINCC26XX.oem4f (.text:PIN_swi)
                  00007c8c    00000044                          : PWM.oem4f (.text:PWM_init)
                  00007cd0    00000044                          : UART.oem4f (.text:UART_init)
                  00007d14    00000044     rtsv7M4_T_le_v4SPD16_eabi.lib : fd_tou_t2.asm.obj (.text)
                  00007d58    00000040     CC1352P_2_LAUNCHXL_fxns.obj (.text:CC1352P_2_LAUNCHXL_shutDownExtFlash)
                  00007d98    00000040     drivers_cc13x2.aem4f : PWM.oem4f (.text:PWM_open)
                  00007dd8    00000040                          : PowerCC26X2.oem4f (.text:PowerCC26XX_isStableXOSC_HF)
                  00007e18    00000040                          : RingBuf.oem4f (.text:RingBuf_get)
                  00007e58    00000040                          : UART.oem4f (.text:UART_open)
                  00007e98    00000040     rtsv7M4_T_le_v4SPD16_eabi.lib : u_divt2.asm.obj (.text)
                  00007ed8    00000040                                   : sprintf.c.obj (.text:sprintf)
                  00007f18    00000040     rom_sysbios.aem4f : rom_sysbios.obj (.text:ti_sysbios_family_arm_cc26xx_Timer_setThreshold__I)
                  00007f58    0000003e     dpl_cc13x2.aem4f : HwiP_tirtos.oem4f (.text:HwiP_construct)
                  00007f96    0000003e     rtsv7M4_T_le_v4SPD16_eabi.lib : _printfi.c.obj (.text:_fcpy)
                  00007fd4    0000003c     drivers_cc13x2.aem4f : PINCC26XX.oem4f (.text:PIN_setOutputValue)
                  00008010    0000003c     rf_multiMode_cc13x2.aem4f : RFCC26X2_multiMode.c.cc13x2.ccs.o (.text:RF_cmdGet)
                  0000804c    0000003c                               : RFCC26X2_multiMode.c.cc13x2.ccs.o (.text:RF_cmdStoreEvents)
                  00008088    0000003c     dpl_cc13x2.aem4f : SwiP_tirtos.oem4f (.text:SwiP_construct)
                  000080c4    0000003c     ti_drivers_config.obj (.text:initRfFrontend)
                  00008100    0000003c     rom_sysbios.aem4f : rom_sysbios.obj (.text:ti_sysbios_family_arm_m3_Hwi_construct2__E)
                  0000813c    00000038     driverlib.lib : osc.obj (.text:NOROM_OSC_HPOSCRelativeFrequencyOffsetGet)
                  00008174    00000038     drivers_cc13x2.aem4f : PINCC26XX.oem4f (.text:PIN_setConfig)
                  000081ac    00000038     rf_multiMode_cc13x2.aem4f : RFCC26X2_multiMode.c.cc13x2.ccs.o (.text:RF_checkCmdFsError)
                  000081e4    00000038                               : RFCC26X2_multiMode.c.cc13x2.ccs.o (.text:RF_powerConstraintRelease)
                  0000821c    00000038     drivers_cc13x2.aem4f : PowerCC26X2.oem4f (.text:notify)
                  00008254    00000038     pneumatics.obj (.text:pneumatics_charge_brake)
                  0000828c    00000038     pneumatics.obj (.text:pneumatics_drain_brake)
                  000082c4    00000038     drivers_cc13x2.aem4f : UARTCC26XX.oem4f (.text:readData)
                  000082fc    00000038     rtsv7M4_T_le_v4SPD16_eabi.lib : fs_tod_t2.asm.obj (.text)
                  00008334    00000038     drivers_cc13x2.aem4f : UARTCC26XX.oem4f (.text:writeData)
                  0000836c    00000036     rf_multiMode_cc13x2.aem4f : rf_patch_cpe_prop.c.cc13x2.ccs.o (.text:configurePropPatch)
                  000083a2    00000036     rom_sysbios.aem4f : rom_sysbios.obj (.text:ti_sysbios_family_arm_cc26xx_Timer_setNextTick__E)
                  000083d8    00000034     drivers_cc13x2.aem4f : GPTimerCC26XX.oem4f (.text:GPTimerCC26XXSetLoadMatch)
                  0000840c    00000034                          : GPTimerCC26XX.oem4f (.text:GPTimerCC26XX_configureDebugStall)
                  00008440    00000034     driverlib.lib : aux_sysif.obj (.text:NOROM_AUXSYSIFOpModeChange)
                  00008474    00000034                   : sys_ctrl.obj (.text:NOROM_SysCtrlIdle)
                  000084a8    00000034     drivers_cc13x2.aem4f : PWMTimerCC26XX.oem4f (.text:PWMTimerCC26XX_getperiodCounts)
                  000084dc    00000034     rf_multiMode_cc13x2.aem4f : RFCC26X2_multiMode.c.cc13x2.ccs.o (.text:RF_runDirectImmediateCmd)
                  00008510    00000034     pneumatics.obj (.text:pneumatics_emerg_drain_brake)
                  00008544    00000034     pneumatics.obj (.text:pneumatics_hold_brake)
                  00008578    00000034     rtsv7M4_T_le_v4SPD16_eabi.lib : rand.c.obj (.text:rand)
                  000085ac    00000034     drivers_cc13x2.aem4f : UARTCC26XX.oem4f (.text:readData2RingBuf)
                  000085e0    00000030                          : GPIOCC26XX.oem4f (.text:GPIO_hwiIntFxn)
                  00008610    00000030                          : GPIOCC26XX.oem4f (.text:GPIO_setCallback)
                  00008640    00000030                          : GPTimerCC26XX.oem4f (.text:GPTimerCC26XX_close)
                  00008670    00000030                          : PINCC26XX.oem4f (.text:PINCC26XX_setMux)
                  000086a0    00000030                          : PWMTimerCC26XX.oem4f (.text:PWMTimerCC26XX_start)
                  000086d0    00000030                          : PowerCC26X2.oem4f (.text:Power_releaseConstraint)
                  00008700    00000030                          : PowerCC26X2.oem4f (.text:Power_setConstraint)
                  00008730    00000030     release_pem4f.oem4f (.text:ti_sysbios_BIOS_atExitFunc__I)
                  00008760    00000030     release_pem4f.oem4f (.text:ti_sysbios_BIOS_startFunc__I)
                  00008790    00000030     rom_sysbios.aem4f : rom_sysbios.obj (.text:ti_sysbios_family_arm_cc26xx_Timer_getCurrentTick__E)
                  000087c0    00000030                       : rom_sysbios.obj (.text:ti_sysbios_family_arm_cc26xx_Timer_initDevice__I)
                  000087f0    0000002e     rf_multiMode_cc13x2.aem4f : RFCC26X2_multiMode.c.cc13x2.ccs.o (.text:RF_queueEnd)
                  0000881e    0000002e     rtsv7M4_T_le_v4SPD16_eabi.lib : i_tofd_t2.asm.obj (.text)
                  0000884c    0000002c     drivers_cc13x2.aem4f : GPTimerCC26XX.oem4f (.text:GPTimerCC26XX_getTimerValue)
                  00008878    0000002c                          : PWMTimerCC26XX.oem4f (.text:PWMTimerCC26XX_close)
                  000088a4    0000002c                          : PWMTimerCC26XX.oem4f (.text:PWMTimerCC26XX_stop)
                  000088d0    0000002c     rf_multiMode_cc13x2.aem4f : RFCC26X2_multiMode.c.cc13x2.ccs.o (.text:RF_executeDirectImmediateCmd)
                  000088fc    0000002c     dpl_cc13x2.aem4f : SemaphoreP_tirtos.oem4f (.text:SemaphoreP_constructBinary)
                  00008928    0000002c                      : SemaphoreP_tirtos.oem4f (.text:SemaphoreP_createBinary)
                  00008954    0000002c     rom_sysbios.aem4f : rom_sysbios.obj (.text:_pthread_delete$45)
                  00008980    0000002c     rf_multiMode_cc13x2.aem4f : rf_patch_cpe_prop.c.cc13x2.ccs.o (.text:applyPropPatch)
                  000089ac    0000002c     rtsv7M4_T_le_v4SPD16_eabi.lib : strncmp.c.obj (.text:strncmp)
                  000089d8    0000002c     rom_sysbios.aem4f : rom_sysbios.obj (.text:ti_sysbios_knl_Clock_getTicksUntilInterrupt__E)
                  00008a04    0000002a     drivers_cc13x2.aem4f : List.oem4f (.text:List_insert)
                  00008a2e    0000002a     rf_multiMode_cc13x2.aem4f : RFCC26X2_multiMode.c.cc13x2.ccs.o (.text:RF_searchAndReplacePAOverride)
                  00008a58    0000002a     rom_sysbios.aem4f : rom_sysbios.obj (.text:ti_sysbios_knl_Clock_getTimeout__E)
                  00008a82    00000002     --HOLE-- [fill = 0]
                  00008a84    00000028     driverlib.lib : osc.obj (.text:NOROM_OSCHF_TurnOnXosc)
                  00008aac    00000028     rf_multiMode_cc13x2.aem4f : rfc.c.cc13x2.ccs.o (.text:NOROM_RFCOverrideSearch)
                  00008ad4    00000028     drivers_cc13x2.aem4f : PowerCC26X2.oem4f (.text:Power_registerNotify)
                  00008afc    00000028     rf_multiMode_cc13x2.aem4f : RFCC26X2_multiMode.c.cc13x2.ccs.o (.text:RF_calculateDeltaTimeUs)
                  00008b24    00000028                               : RFCC26X2_multiMode.c.cc13x2.ccs.o (.text:RF_runCmd)
                  00008b4c    00000028     drivers_cc13x2.aem4f : PowerCC26X2.oem4f (.text:oscillatorISR)
                  00008b74    00000028     server_comm.obj (.text:server_print_str)
                  00008b9c    00000026     drivers_cc13x2.aem4f : List.oem4f (.text:List_put)
                  00008bc2    00000026                          : List.oem4f (.text:List_putHead)
                  00008be8    00000026                          : List.oem4f (.text:List_remove)
                  00008c0e    00000002     --HOLE-- [fill = 0]
                  00008c10    00000024     rf_multiMode_cc13x2.aem4f : rfc.c.cc13x2.ccs.o (.text:NOROM_RFCDoorbellSendTo)
                  00008c34    00000024     ti_drivers_config.obj (.text:PINCC26XX_setOutputValue)
                  00008c58    00000024     rf_multiMode_cc13x2.aem4f : RFCC26X2_multiMode.c.cc13x2.ccs.o (.text:RF_cmdAlloc)
                  00008c7c    00000024                               : RFCC26X2_multiMode.c.cc13x2.ccs.o (.text:RF_invokeGlobalCallback)
                  00008ca0    00000024     rom_sysbios.aem4f : rom_sysbios.obj (.text:_pthread_cleanupFxn)
                  00008cc4    00000024     drivers_cc13x2.aem4f : PowerCC26X2_calibrateRCOSC.oem4f (.text:getTdcSemaphore)
                  00008ce8    00000024     pneumatics.obj (.text:pneumatics_charge_main)
                  00008d0c    00000024     pneumatics.obj (.text:pneumatics_drain_main)
                  00008d30    00000024     pneumatics.obj (.text:pneumatics_hold_main)
                  00008d54    00000024     release_pem4f.oem4f (.text:ti_sysbios_BIOS_registerRTSLock__I)
                  00008d78    00000024     release_pem4f.oem4f (.text:ti_sysbios_BIOS_removeRTSLock__I)
                  00008d9c    00000024     rom_sysbios.aem4f : rom_sysbios.obj (.text:ti_sysbios_family_arm_cc26xx_Timer_getMaxTicks__E)
                  00008dc0    00000022     drivers_cc13x2.aem4f : List.oem4f (.text:List_get)
                  00008de2    00000020     dpl_cc13x2.aem4f : HwiP_tirtos.oem4f (.text:HwiP_setFunc)
                  00008e02    00000002     --HOLE-- [fill = 0]
                  00008e04    00000020     drivers_cc13x2.aem4f : PINCC26XX.oem4f (.text:PINCC26XX_setIoCfgMux)
                  00008e24    00000020                          : PowerCC26X2.oem4f (.text:Power_unregisterNotify)
                  00008e44    00000020     rf_multiMode_cc13x2.aem4f : RFCC26X2_multiMode.c.cc13x2.ccs.o (.text:RF_clkPowerUp)
                  00008e64    00000020                               : RFCC26X2_multiMode.c.cc13x2.ccs.o (.text:RF_hwiCpe0ChangePhy)
                  00008e84    00000020                               : RFCC26X2_multiMode.c.cc13x2.ccs.o (.text:RF_isStateTransitionAllowed)
                  00008ea4    00000020                               : RFCC26X2_multiMode.c.cc13x2.ccs.o (.text:RF_ratIsRunning)
                  00008ec4    00000020     drivers_cc13x2.aem4f : UARTCC26XX.oem4f (.text:threadSafeStdbyDisRelease)
                  00008ee4    00000020                          : UARTCC26XX.oem4f (.text:threadSafeStdbyDisSet)
                  00008f04    00000020     release_pem4f.oem4f (.text:ti_sysbios_BIOS_rtsLock__I)
                  00008f24    00000020     rom_sysbios.aem4f : rom_sysbios.obj (.text:ti_sysbios_family_arm_cc26xx_Timer_dynamicStub__E)
                  00008f44    00000020                       : rom_sysbios.obj (.text:xdc_runtime_Error_policyMin__E)
                  00008f64    0000001e     drivers_cc13x2.aem4f : PINCC26XX.oem4f (.text:PIN_close)
                  00008f82    0000001e                          : PowerCC26X2.oem4f (.text:Power_getTransitionLatency)
                  00008fa0    0000001c     ti_drivers_config.obj (.text:Board_init)
                  00008fbc    0000001c     driverlib.lib : chipinfo.obj (.text:NOROM_ChipInfo_GetChipFamily)
                  00008fd8    0000001c     drivers_cc13x2.aem4f : PINCC26XX.oem4f (.text:PIN_hwi)
                  00008ff4    0000001c     dpl_cc13x2.aem4f : PowerCC26X2_tirtos.oem4f (.text:PowerCC26XX_schedulerDisable)
                  00009010    0000001c                      : PowerCC26X2_tirtos.oem4f (.text:PowerCC26XX_schedulerRestore)
                  0000902c    0000001c     rf_multiMode_cc13x2.aem4f : RFCC26X2_multiMode.c.cc13x2.ccs.o (.text:RF_clkInactivityCallback)
                  00009048    0000001c                               : RFCC26X2_multiMode.c.cc13x2.ccs.o (.text:RF_getPAOverrideOffsetAndValue)
                  00009064    0000001c                               : RFCC26X2_multiMode.c.cc13x2.ccs.o (.text:RF_powerConstraintSet)
                  00009080    0000001c     EasyLink.obj (.text:genActivityTableValue)
                  0000909c    0000001c     rtsv7M4_T_le_v4SPD16_eabi.lib : memccpy.c.obj (.text:memccpy)
                  000090b8    0000001c     rom_sysbios.aem4f : rom_sysbios.obj (.text:ti_sysbios_knl_Swi_construct2__E)
                  000090d4    0000001c     release_pem4f.oem4f (.text:xdc_runtime_Startup_exec__I)
                  000090f0    0000001a     drivers_cc13x2.aem4f : PWMTimerCC26XX.oem4f (.text:PWMTimerCC26XX_control)
                  0000910a    0000001a                          : PowerCC26X2.oem4f (.text:PowerCC26XX_calibrate)
                  00009124    0000001a     rtsv7M4_T_le_v4SPD16_eabi.lib : s_copysign.c.obj (.text:copysign)
                  0000913e    00000018     EasyLink.obj (.text:ChipInfo_ChipFamilyIs_CC13x2_CC26x2)
                  00009156    00000018     EasyLink.obj (.text:ChipInfo_ChipFamilyIs_CC26x0R2)
                  0000916e    00000002     --HOLE-- [fill = 0]
                  00009170    00000018     driverlib.lib : chipinfo.obj (.text:NOROM_ChipInfo_GetPackageType)
                  00009188    00000018     drivers_cc13x2.aem4f : PowerCC26X2.oem4f (.text:Power_idleFunc)
                  000091a0    00000018     rf_multiMode_cc13x2.aem4f : RFCC26X2_multiMode.c.cc13x2.ccs.o (.text:RF_ScheduleCmdParams_init)
                  000091b8    00000018                               : RFCC26X2_multiMode.c.cc13x2.ccs.o (.text:RF_swiFsm)
                  000091d0    00000018     drivers_cc13x2.aem4f : UART.oem4f (.text:UART_Params_init)
                  000091e8    00000018     rtsv7M4_T_le_v4SPD16_eabi.lib : args_main.c.obj (.text:_args_main)
                  00009200    00000018                                   : sprintf.c.obj (.text:_outs)
                  00009218    00000018                                   : ll_mul_t2.asm.obj (.text)
                  00009230    00000018                                   : strcmp.c.obj (.text:strcmp)
                  00009248    00000018     release_pem4f.oem4f (.text:ti_sysbios_BIOS_rtsUnlock__I)
                  00009260    00000018     rom_sysbios.aem4f : rom_sysbios.obj (.text:ti_sysbios_knl_Swi_or__E)
                  00009278    00000018                       : rom_sysbios.obj (.text:ti_sysbios_rts_ti_ReentSupport_getReent__F)
                  00009290    00000018                       : rom_sysbios.obj (.text:xdc_runtime_Error_init__E)
                  000092a8    00000016     EasyLink.obj (.text:ChipInfo_ChipFamilyIs_CC26x0)
                  000092be    00000016     driverlib.lib : chipinfo.obj (.text:NOROM_ThisLibraryIsFor_CC13x2_CC26x2_HwRev20AndLater_HaltIfViolated)
                  000092d4    00000016     rf_multiMode_cc13x2.aem4f : RFCC26X2_multiMode.c.cc13x2.ccs.o (.text:RF_restartClockTimeout)
                  000092ea    00000016     pneumatics.obj (.text:pneumatics_hold_all)
                  00009300    00000016     server_comm.obj (.text:server_print_ln)
                  00009316    00000016     rtsv7M4_T_le_v4SPD16_eabi.lib : strchr.c.obj (.text:strchr)
                  0000932c    00000016     release_pem4f.oem4f (.text:ti_sysbios_BIOS_exitFunc__I)
                  00009342    00000016     EasyLink.obj (.text:ti_sysbios_knl_Semaphore_Params_init)
                  00009358    00000016     rfEasyLinkRx.obj (.text:ti_sysbios_knl_Task_Params_init)
                  0000936e    00000016     server_comm.obj (.text:ti_sysbios_knl_Task_Params_init)
                  00009384    00000014     EasyLink.obj (.text:EasyLink_Params_init)
                  00009398    00000014     drivers_cc13x2.aem4f : List.oem4f (.text:List_clearList)
                  000093ac    00000014     rf_multiMode_cc13x2.aem4f : rfc.c.cc13x2.ccs.o (.text:NOROM_RFCCpeIntGetAndClear)
                  000093c0    00000014     drivers_cc13x2.aem4f : PINCC26XX.oem4f (.text:PINCC26XX_getOutputValue)
                  000093d4    00000014                          : PWM.oem4f (.text:PWM_Params_init)
                  000093e8    00000014                          : PowerCC26X2_calibrateRCOSC.oem4f (.text:PowerCC26X2_calibrate)
                  000093fc    00000014     rf_multiMode_cc13x2.aem4f : RFCC26X2_multiMode.c.cc13x2.ccs.o (.text:RF_Params_init)
                  00009410    00000014                               : RFCC26X2_multiMode.c.cc13x2.ccs.o (.text:RF_dbellSyncOnAck)
                  00009424    00000014                               : RFCC26X2_multiMode.c.cc13x2.ccs.o (.text:RF_ratGetChannel)
                  00009438    00000014     drivers_cc13x2.aem4f : PowerCC26X2.oem4f (.text:switchToTCXO)
                  0000944c    00000014     rom_sysbios.aem4f : rom_sysbios.obj (.text:ti_sysbios_family_arm_cc26xx_Timer_getCount64__E)
                  00009460    00000014     release_pem4f.oem4f (.text:ti_sysbios_knl_Clock_doTick__I)
                  00009474    00000012     drivers_cc13x2.aem4f : GPTimerCC26XX.oem4f (.text:GPTimerCC26XX_Params_init)
                  00009486    00000012                          : RingBuf.oem4f (.text:RingBuf_construct)
                  00009498    00000012     dpl_cc13x2.aem4f : SemaphoreP_tirtos.oem4f (.text:SemaphoreP_pend)
                  000094aa    00000012     rtsv7M4_T_le_v4SPD16_eabi.lib : wcslen.c.obj (.text:wcslen)
                  000094bc    00000010     dpl_cc13x2.aem4f : ClockP_tirtos.oem4f (.text:ClockP_isActive)
                  000094cc    00000010                      : HwiP_tirtos.oem4f (.text:HwiP_Params_init)
                  000094dc    00000010     rf_multiMode_cc13x2.aem4f : rfc.c.cc13x2.ccs.o (.text:NOROM_RFCHwIntGetAndClear)
                  000094ec    00000010     drivers_cc13x2.aem4f : PINCC26XX.oem4f (.text:PINCC26XX_getPinCount)
                  000094fc    00000010     rf_multiMode_cc13x2.aem4f : RFCC26X2_multiMode.c.cc13x2.ccs.o (.text:RF_dbellSubmitCmdAsync)
                  0000950c    00000010                               : RFCC26X2_multiMode.c.cc13x2.ccs.o (.text:RF_isClientOwner)
                  0000951c    00000010     dpl_cc13x2.aem4f : SwiP_tirtos.oem4f (.text:SwiP_Params_init)
                  0000952c    00000010     rom_sysbios.aem4f : rom_sysbios.obj (.text:ti_sysbios_family_arm_m3_Hwi_post__E)
                  0000953c    00000010     drivers_cc13x2.aem4f : UARTCC26XX.oem4f (.text:uartPostNotify)
                  0000954c    0000000e     rf_multiMode_cc13x2.aem4f : RFCC26X2_multiMode.c.cc13x2.ccs.o (.text:RF_getSwitchingTimeInUs)
                  0000955a    0000000e     rtsv7M4_T_le_v4SPD16_eabi.lib : copy_decompress_none.c.obj (.text:decompress:none:__TI_decompress_none)
                  00009568    0000000e     rom_sysbios.aem4f : rom_sysbios.obj (.text:ti_sysbios_family_arm_cc26xx_TimestampProvider_get32__E)
                  00009576    0000000c     driverlib.lib : cpu.obj (.text:NOROM_CPUcpsid)
                  00009582    0000000c                   : cpu.obj (.text:NOROM_CPUcpsie)
                  0000958e    0000000c     drivers_cc13x2.aem4f : PINCC26XX.oem4f (.text:PIN_registerIntCb)
                  0000959a    00000002     --HOLE-- [fill = 0]
                  0000959c    0000000c                          : PowerCC26X2.oem4f (.text:Power_getConstraintMask)
                  000095a8    0000000c                          : PowerCC26X2.oem4f (.text:Power_getDependencyCount)
                  000095b4    0000000c     rf_multiMode_cc13x2.aem4f : RFCC26X2_multiMode.c.cc13x2.ccs.o (.text:RF_powerConstraintGet)
                  000095c0    0000000c     dpl_cc13x2.aem4f : SemaphoreP_tirtos.oem4f (.text:SemaphoreP_delete)
                  000095cc    0000000c     rtsv7M4_T_le_v4SPD16_eabi.lib : _lock.c.obj (.text:_register_lock)
                  000095d8    0000000c                                   : _lock.c.obj (.text:_register_unlock)
                  000095e4    0000000c                                   : copy_zero_init.c.obj (.text:decompress:ZI:__TI_zero_init)
                  000095f0    0000000c     rom_sysbios.aem4f : rom_sysbios.obj (.text:ti_sysbios_knl_Swi_getTrigger__E)
                  000095fc    0000000a     dpl_cc13x2.aem4f : ClockP_tirtos.oem4f (.text:ClockP_Params_init)
                  00009606    0000000a     drivers_cc13x2.aem4f : PWM.oem4f (.text:PWM_setDuty)
                  00009610    0000000a                          : PWM.oem4f (.text:PWM_start)
                  0000961a    0000000a                          : UART.oem4f (.text:UART_read)
                  00009624    0000000a                          : UART.oem4f (.text:UART_write)
                  0000962e    0000000a     rtsv7M4_T_le_v4SPD16_eabi.lib : sprintf.c.obj (.text:_outc)
                  00009638    0000000a     release_pem4f.oem4f (.text:ti_sysbios_rts_ti_ReentSupport_getTlsAddr__I)
                  00009642    00000008     CC1352P_2_LAUNCHXL_fxns.obj (.text:Board_initHook)
                  0000964a    00000008     drivers_cc13x2.aem4f : GPTimerCC26XX.oem4f (.text:GPTimerCC26XX_setLoadValue)
                  00009652    00000008                          : GPTimerCC26XX.oem4f (.text:GPTimerCC26XX_setMatchValue)
                  0000965a    00000008                          : UARTCC26XX.oem4f (.text:UARTCC26XX_init)
                  00009662    00000008                          : UARTCC26XX.oem4f (.text:readSemCallback)
                  0000966a    00000008                          : UARTCC26XX.oem4f (.text:writeSemCallback)
                  00009672    00000008     release_pem4f.oem4f (.text:xdc_runtime_Text_visitRope__I)
                  0000967a    00000006     drivers_cc13x2.aem4f : GPTimerCC26XX.oem4f (.text:GPTimerCC26XX_getValue)
                  00009680    00000006     driverlib.lib : cpu.obj (.text:NOROM_CPUdelay)
                  00009686    00000006     rf_multiMode_cc13x2.aem4f : RFCC26X2_multiMode.c.cc13x2.ccs.o (.text:RF_clkReqAccess)
                  0000968c    00000006     drivers_cc13x2.aem4f : UARTCC26XX.oem4f (.text:UARTCC26XX_readPolling)
                  00009692    00000006                          : UARTCC26XX.oem4f (.text:UARTCC26XX_writePolling)
                  00009698    00000006     rom_sysbios.aem4f : rom_sysbios.obj (.text:ti_sysbios_family_arm_m3_Hwi_setFunc__E)
                  0000969e    00000004     dpl_cc13x2.aem4f : PowerCC26X2_tirtos.oem4f (.text:CPUwfi)
                  000096a2    00000004                      : ClockP_tirtos.oem4f (.text:ClockP_destruct)
                  000096a6    00000004                      : ClockP_tirtos.oem4f (.text:ClockP_getCpuFreq)
                  000096aa    00000004                      : ClockP_tirtos.oem4f (.text:ClockP_getTimeout)
                  000096ae    00000004                      : ClockP_tirtos.oem4f (.text:ClockP_setTimeout)
                  000096b2    00000004                      : ClockP_tirtos.oem4f (.text:ClockP_start)
                  000096b6    00000004                      : ClockP_tirtos.oem4f (.text:ClockP_stop)
                  000096ba    00000004                      : HwiP_tirtos.oem4f (.text:HwiP_destruct)
                  000096be    00000004                      : HwiP_tirtos.oem4f (.text:HwiP_disable)
                  000096c2    00000004                      : HwiP_tirtos.oem4f (.text:HwiP_enableInterrupt)
                  000096c6    00000004                      : HwiP_tirtos.oem4f (.text:HwiP_post)
                  000096ca    00000004     rf_multiMode_cc13x2.aem4f : rfc.c.cc13x2.ccs.o (.text:NOROM_RFCOverrideUpdate)
                  000096ce    00000004                               : RFCC26X2_multiMode.c.cc13x2.ccs.o (.text:RF_defaultConflictPolicy)
                  000096d2    00000004     dpl_cc13x2.aem4f : SemaphoreP_tirtos.oem4f (.text:SemaphoreP_destruct)
                  000096d6    00000004                      : SemaphoreP_tirtos.oem4f (.text:SemaphoreP_post)
                  000096da    00000004                      : SwiP_tirtos.oem4f (.text:SwiP_destruct)
                  000096de    00000004                      : SwiP_tirtos.oem4f (.text:SwiP_disable)
                  000096e2    00000004                      : SwiP_tirtos.oem4f (.text:SwiP_getTrigger)
                  000096e6    00000004                      : SwiP_tirtos.oem4f (.text:SwiP_or)
                  000096ea    00000004     rom_sysbios.aem4f : rom_sysbios.obj (.text:__aeabi_errno_addr)
                  000096ee    00000004     drivers_cc13x2.aem4f : PowerCC26X2.oem4f (.text:configureRFCoreClocks)
                  000096f2    00000004                          : PowerCC26X2.oem4f (.text:nopResourceHandler)
                  000096f6    00000004     rom_sysbios.aem4f : rom_sysbios.obj (.text:ti_sysbios_knl_Clock_isActive__E)
                  000096fa    00000004     release_pem4f.oem4f (.text:xdc_runtime_Startup_reset__I)
                  000096fe    00000004     rom_sysbios.aem4f : rom_sysbios.obj (.text:xdc_runtime_SysCallback_defaultReady)
                  00009702    00000002     --HOLE-- [fill = 0]
                  00009704    00000008     (.tramp.ti_sysbios_knl_Swi_destruct.1)
                  0000970c    00000008     (.tramp.ti_sysbios_family_arm_m3_Hwi_enableInterrupt__E.1)
                  00009714    00000008     (.tramp.ti_sysbios_family_arm_m3_Hwi_destruct.1)
                  0000971c    00000008     (.tramp.ti_sysbios_BIOS_getCpuFreq__E.1)
                  00009724    00000008     (.tramp.ti_sysbios_knl_Clock_destruct.1)
                  0000972c    00000008     (.tramp.ti_sysbios_knl_Task_self__E.1)
                  00009734    00000008     (.tramp.ti_sysbios_knl_Semaphore_delete.1)
                  0000973c    00000008     (.tramp.ti_sysbios_knl_Clock_logTick__E.1)
                  00009744    00000008     (.tramp.ti_sysbios_knl_Task_Params__init__S.1)
                  0000974c    00000008     (.tramp.ti_sysbios_BIOS_getThreadType__E.1)
                  00009754    00000008     (.tramp.ti_sysbios_knl_Swi_post__E.1)
                  0000975c    00000008     (.tramp.ti_sysbios_BIOS_RtsGateProxy_leave__E.1)
                  00009764    00000008     (.tramp.ti_sysbios_knl_Swi_construct.1)
                  0000976c    00000008     (.tramp.ti_sysbios_BIOS_RtsGateProxy_enter__E.1)
                  00009774    00000008     (.tramp.ti_sysbios_family_arm_m3_Hwi_disableFxn__E.1)
                  0000977c    00000008     (.tramp.ti_sysbios_knl_Task_restore__E.1)
                  00009784    00000008     (.tramp.ti_sysbios_knl_Clock_getTicks__E.1)
                  0000978c    00000008     (.tramp.ti_sysbios_knl_Clock_TimerProxy_getCurrentTick__E.1)
                  00009794    00000008     (.tramp.xdc_runtime_Memory_free__E.1)
                  0000979c    00000008     (.tramp.ti_sysbios_knl_Task_delete.1)
                  000097a4    00000008     (.tramp.ti_sysbios_knl_Semaphore_destruct.1)
                  000097ac    00000008     (.tramp.ti_sysbios_knl_Semaphore_construct.1)
                  000097b4    00000008     (.tramp.ti_sysbios_knl_Semaphore_Params__init__S.1)
                  000097bc    00000008     (.tramp.ti_sysbios_knl_Task_startup__E.1)
                  000097c4    00000008     (.tramp.ti_sysbios_knl_Swi_startup__E.1)
                  000097cc    00000008     (.tramp.ti_sysbios_hal_Hwi_startup__E.1)
                  000097d4    00000008     (.tramp.ti_sysbios_family_arm_cc26xx_Timer_startup__E.1)
                  000097dc    00000008     (.tramp.xdc_runtime_System_atexit__E.1)
                  000097e4    00000008     (.tramp.ti_sysbios_BIOS_linkedWithIncorrectBootLibrary__E.1)
                  000097ec    00000008     (.tramp.xdc_runtime_Startup_rtsDone__E.1)
                  000097f4    00000008     (.tramp.ti_sysbios_knl_Task_disable__E.1)
                  000097fc    00000008     (.tramp.ti_sysbios_knl_Swi_disable__E.1)
                  00009804    00000008     (.tramp.ti_sysbios_family_arm_m3_Hwi_construct.1)
                  0000980c    00000008     (.tramp.ti_sysbios_knl_Swi_Params__init__S.1)
                  00009814    00000008     (.tramp.ti_sysbios_family_arm_m3_Hwi_Params__init__S.1)
                  0000981c    00000008     (.tramp.ti_sysbios_knl_Clock_construct.1)
                  00009824    00000008     (.tramp.ti_sysbios_knl_Clock_Params__init__S.1)
                  0000982c    00000008     (.tramp.xdc_runtime_System_exit__E.1)
                  00009834    00000008     (.tramp.ti_sysbios_heaps_HeapMem_restore__E.1)
                  0000983c    00000008     (.tramp.ti_sysbios_heaps_HeapMem_Object__get__S.1)
                  00009844    00000008     (.tramp.ti_sysbios_knl_Task_construct.1)
                  0000984c    00000008     (.tramp.xdc_runtime_Error_raiseX__E.1)
                  00009854    00000008     (.tramp.ti_sysbios_BIOS_setThreadType__E.1)
                  0000985c    00000008     (.tramp.ti_sysbios_family_arm_m3_Hwi_excFillContext__I.1)
                  00009864    00000008     (.tramp.ti_sysbios_knl_Clock_stop__E.1)
                  0000986c    00000008     (.tramp.ti_sysbios_knl_Clock_start__E.1)
                  00009874    00000008     (.tramp.ti_sysbios_knl_Clock_setTimeout__E.1)
                  0000987c    00000008     (.tramp.ti_sysbios_BIOS_start__E.1)
                  00009884    00000008     (.tramp.xdc_runtime_Assert_raise__I.1)
                  0000988c    00000008     (.tramp.xdc_runtime_System_abort__E.1)
                  00009894    00000008     (.tramp.xdc_runtime_System_doPrint__I.1)
                  0000989c    00000008     (.tramp.ti_sysbios_knl_Swi_restore__E.1)
                  000098a4    00000008     (.tramp.ti_sysbios_family_arm_m3_Hwi_restoreFxn__E.1)
                  000098ac    00000008     (.tramp.ti_sysbios_knl_Semaphore_create.1)
                  000098b4    00000008     (.tramp.ti_sysbios_knl_Semaphore_post__E.1)
                  000098bc    00000008     (.tramp.ti_sysbios_knl_Semaphore_pend__E.1)
                  000098c4    00000008     (.tramp.strlen.1)

.const     0    000098cc    00000a6c     
                  000098cc    000003b8     release_pem4f.oem4f (.const:ROM_constStruct)
                  00009c84    00000154     rf_multiMode_cc13x2.aem4f : rf_patch_cpe_prop.c.cc13x2.ccs.o (.const:patchImageProp)
                  00009dd8    00000101     rtsv7M4_T_le_v4SPD16_eabi.lib : ctype.c.obj (.const:.string:_ctypes_)
                  00009ed9    00000003     ti_drivers_config.obj (.const)
                  00009edc    00000098     rfEasyLinkRx.obj (.const:$P$T0$1)
                  00009f74    00000054     drivers_cc13x2.aem4f : PowerCC26X2.oem4f (.const:resourceDB)
                  00009fc8    00000048     release_pem4f.oem4f (.const:.string)
                  0000a010    00000048     release_pem4f.oem4f (.const:ROM_externFuncPtrs)
                  0000a058    00000038     ti_drivers_config.obj (.const:BoardGpioInitTable)
                  0000a090    00000028     drivers_cc13x2.aem4f : UARTCC26XX.oem4f (.const:UARTCC26XX_fxnTable)
                  0000a0b8    00000028     ti_drivers_config.obj (.const:uartCC26XXHWAttrs)
                  0000a0e0    00000024     drivers_cc13x2.aem4f : PWMTimerCC26XX.oem4f (.const:PWMTimerCC26XX_fxnTable)
                  0000a104    00000024                          : UART.oem4f (.const:UART_defaultParams)
                  0000a128    00000024     release_pem4f.oem4f (.const:xdc_runtime_Startup_sfxnTab__A)
                  0000a14c    00000020     rf_multiMode_cc13x2.aem4f : RFCC26X2_multiMode.c.cc13x2.ccs.o (.const:RF_defaultParams)
                  0000a16c    0000001c     drivers_cc13x2.aem4f : GPTimerCC26XX.oem4f (.const:GPT_LUT)
                  0000a188    00000018                          : PWM.oem4f (.const:PWM_defaultParams)
                  0000a1a0    00000018                          : GPIOCC26XX.oem4f (.const:interruptType)
                  0000a1b8    00000014     CC1352P_2_LAUNCHXL_fxns.obj (.const:$P$T1$2)
                  0000a1cc    00000014     ti_drivers_config.obj (.const:GPIOCC26XX_config)
                  0000a1e0    00000014     ti_drivers_config.obj (.const:PowerCC26X2_config)
                  0000a1f4    00000014     drivers_cc13x2.aem4f : UARTCC26XX.oem4f (.const:parityType)
                  0000a208    00000012     release_pem4f.oem4f (.const:xdc_runtime_Startup_sfxnRts__A)
                  0000a21a    00000002     ti_drivers_config.obj (.const:pwmTimerCC26XXHWAttrs)
                  0000a21c    00000010     ti_drivers_config.obj (.const:$P$T0$2)
                  0000a22c    00000010     EasyLink.obj (.const:EasyLink_defaultParams)
                  0000a23c    00000010     drivers_cc13x2.aem4f : UARTCC26XX.oem4f (.const:dataLength)
                  0000a24c    00000010                          : GPIOCC26XX.oem4f (.const:outPinTypes)
                  0000a25c    0000000c     ti_drivers_config.obj (.const:GPTimerCC26XX_config)
                  0000a268    0000000c     ti_drivers_config.obj (.const:PWM_config)
                  0000a274    0000000c     ti_drivers_config.obj (.const:RFCC26XX_hwAttrs)
                  0000a280    0000000c     ti_drivers_config.obj (.const:UART_config)
                  0000a28c    0000000c     ti_drivers_config.obj (.const:gptimerCC26XXHWAttrs)
                  0000a298    0000000c     drivers_cc13x2.aem4f : GPIOCC26XX.oem4f (.const:inPinTypes)
                  0000a2a4    0000000c                          : GPIOCC26XX.oem4f (.const:outPinStrengths)
                  0000a2b0    0000000c     release_pem4f.oem4f (.const:xdc_runtime_Startup_firstFxns__A)
                  0000a2bc    00000008     driverlib.lib : aux_sysif.obj (.const:$O1$$)
                  0000a2c4    00000008     CC1352P_2_LAUNCHXL_fxns.obj (.const:$P$T0$1)
                  0000a2cc    00000008     drivers_cc13x2.aem4f : GPTimerCC26XX.oem4f (.const:GPT_DefaultParams)
                  0000a2d4    00000008     ti_drivers_config.obj (.const:PINCC26XX_hwAttrs)
                  0000a2dc    00000008     rf_multiMode_cc13x2.aem4f : RFCC26X2_multiMode.c.cc13x2.ccs.o (.const:RFCC26XX_schedulerPolicy)
                  0000a2e4    00000008     drivers_cc13x2.aem4f : UARTCC26XX.oem4f (.const:stopBits)
                  0000a2ec    00000008     release_pem4f.oem4f (.const:ti_sysbios_family_arm_m3_Hwi_excHookFuncs__A)
                  0000a2f4    00000008     release_pem4f.oem4f (.const:ti_sysbios_knl_Idle_funcList__A)
                  0000a2fc    00000006     drivers_cc13x2.aem4f : UARTCC26XX.oem4f (.const:.string:rxFifoBytes)
                  0000a302    00000006                          : UARTCC26XX.oem4f (.const:.string:rxFifoThreshold)
                  0000a308    00000006                          : UARTCC26XX.oem4f (.const:.string:txFifoBytes)
                  0000a30e    00000006                          : UARTCC26XX.oem4f (.const:.string:txFifoThreshold)
                  0000a314    00000004     release_pem4f.oem4f (.const:ti_sysbios_family_arm_m3_Hwi_E_exception__C)
                  0000a318    00000004     release_pem4f.oem4f (.const:ti_sysbios_heaps_HeapMem_primaryHeapBaseAddr__C)
                  0000a31c    00000004     release_pem4f.oem4f (.const:ti_sysbios_heaps_HeapMem_primaryHeapEndAddr__C)
                  0000a320    00000004     release_pem4f.oem4f (.const:ti_sysbios_knl_Clock_tickPeriod__C)
                  0000a324    00000004     release_pem4f.oem4f (.const:ti_sysbios_knl_Task_Object__heap__C)
                  0000a328    00000004     release_pem4f.oem4f (.const:xdc_runtime_Main_Module__diagsEnabled__C)
                  0000a32c    00000004     release_pem4f.oem4f (.const:xdc_runtime_Main_Module__diagsIncluded__C)
                  0000a330    00000004     release_pem4f.oem4f (.const:xdc_runtime_Main_Module__diagsMask__C)
                  0000a334    00000002     release_pem4f.oem4f (.const:xdc_runtime_Main_Module__id__C)
                  0000a336    00000001     ti_easylink_config.obj (.const)
                  0000a337    00000001     release_pem4f.oem4f (.const:xdc_runtime_Text_charTab__A)

MODULE SUMMARY

       Module                              code    ro data   rw data
       ------                              ----    -------   -------
    .\
       rfEasyLinkRx.obj                    638     152       1296   
       server_comm.obj                     788     0         1205   
       pneumatics.obj                      442     0         5      
       CC1352P_2_LAUNCHXL_fxns.obj         280     28        0      
    +--+-----------------------------------+-------+---------+---------+
       Total:                              2148    180       2506   
                                                                    
    .\easylink\
       EasyLink.obj                        2794    16        727    
    +--+-----------------------------------+-------+---------+---------+
       Total:                              2794    16        727    
                                                                    
    .\syscfg\
       ti_drivers_config.obj               524     225       513    
       ti_radio_config.obj                 0       0         362    
       ti_devices_config.obj               0       88        0      
       ti_easylink_config.obj              0       1         36     
    +--+-----------------------------------+-------+---------+---------+
       Total:                              524     314       911    
                                                                    
    C:\Users\scholvat\FYDP\tirtos_builds_CC1352P_2_LAUNCHXL_release_ccs_3_40_00_02\Debug\configPkg\package\cfg\
       release_pem4f.oem4f                 802     1273      1830   
    +--+-----------------------------------+-------+---------+---------+
       Total:                              802     1273      1830   
                                                                    
    C:/ti/simplelink_cc13x2_26x2_sdk_3_40_00_02/kernel/tirtos/packages/ti/dpl/lib/dpl_cc13x2.aem4f
       PowerCC26X2_tirtos.oem4f            240     0         8      
       ClockP_tirtos.oem4f                 130     0         4      
       HwiP_tirtos.oem4f                   126     0         0      
       SemaphoreP_tirtos.oem4f             126     0         0      
       SwiP_tirtos.oem4f                   92      0         0      
    +--+-----------------------------------+-------+---------+---------+
       Total:                              714     0         12     
                                                                    
    C:/ti/simplelink_cc13x2_26x2_sdk_3_40_00_02/source/ti/devices/cc13x2_cc26x2/driverlib/bin/ccs/driverlib.lib
       osc.obj                             436     0         28     
       sys_ctrl.obj                        408     0         0      
       setup.obj                           324     0         0      
       chipinfo.obj                        226     0         0      
       aux_sysif.obj                       52      8         0      
       cpu.obj                             30      0         0      
       driverlib_release.obj               0       0         1      
    +--+-----------------------------------+-------+---------+---------+
       Total:                              1476    8         29     
                                                                    
    C:/ti/simplelink_cc13x2_26x2_sdk_3_40_00_02/source/ti/drivers/lib/drivers_cc13x2.aem4f
       UARTCC26XX.oem4f                    2742    108       0      
       PowerCC26X2.oem4f                   2218    84        272    
       PINCC26XX.oem4f                     1518    0         276    
       PowerCC26X2_calibrateRCOSC.oem4f    1400    0         0      
       PWMTimerCC26XX.oem4f                836     36        16     
       GPIOCC26XX.oem4f                    660     64        61     
       GPTimerCC26XX.oem4f                 728     36        0      
       UART.oem4f                          176     36        1      
       List.oem4f                          210     0         0      
       PWM.oem4f                           172     24        1      
       RingBuf.oem4f                       152     0         0      
    +--+-----------------------------------+-------+---------+---------+
       Total:                              10812   388       627    
                                                                    
    C:/ti/simplelink_cc13x2_26x2_sdk_3_40_00_02/source/ti/drivers/rf/lib/rf_multiMode_cc13x2.aem4f
       RFCC26X2_multiMode.c.cc13x2.ccs.o   9388    40        1157   
       rf_patch_cpe_prop.c.cc13x2.ccs.o    98      340       1      
       rfc.c.cc13x2.ccs.o                  302     0         0      
    +--+-----------------------------------+-------+---------+---------+
       Total:                              9788    380       1158   
                                                                    
    C:\Users\scholvat\FYDP\tirtos_builds_CC1352P_2_LAUNCHXL_release_ccs_3_40_00_02\src\sysbios\rom_sysbios.aem4f
       rom_sysbios.obj                     1189    0         136    
    +--+-----------------------------------+-------+---------+---------+
       Total:                              1189    0         136    
                                                                    
    C:\ti\ccs920\ccs\tools\compiler\ti-cgt-arm_18.12.3.LTS\lib\rtsv7M4_T_le_v4SPD16_eabi.lib
       _printfi.c.obj                      4851    0         0      
       fd_add_t2.asm.obj                   438     0         0      
       fd_div_t2.asm.obj                   310     0         0      
       s_scalbn.c.obj                      272     0         0      
       fd_cmp_t2.asm.obj                   268     0         0      
       ctype.c.obj                         0       257       0      
       fd_mul_t2.asm.obj                   252     0         0      
       memcpy_t2.asm.obj                   156     0         0      
       ull_div_t2.asm.obj                  150     0         0      
       memset_t2.asm.obj                   122     0         0      
       ll_div_t2.asm.obj                   110     0         0      
       copy_decompress_lzss.c.obj          104     0         0      
       s_frexp.c.obj                       100     0         0      
       sprintf.c.obj                       98      0         0      
       ltoa.c.obj                          84      0         0      
       atoi.c.obj                          76      0         0      
       cpy_tbl.c.obj                       76      0         0      
       fd_toi_t2.asm.obj                   72      0         0      
       fd_tou_t2.asm.obj                   68      0         0      
       u_divt2.asm.obj                     64      0         0      
       fs_tod_t2.asm.obj                   56      0         0      
       rand.c.obj                          52      0         4      
       i_tofd_t2.asm.obj                   46      0         0      
       strncmp.c.obj                       44      0         0      
       _lock.c.obj                         26      0         8      
       memccpy.c.obj                       28      0         0      
       s_copysign.c.obj                    26      0         0      
       args_main.c.obj                     24      0         0      
       ll_mul_t2.asm.obj                   24      0         0      
       strcmp.c.obj                        24      0         0      
       strchr.c.obj                        22      0         0      
       wcslen.c.obj                        18      0         0      
       copy_decompress_none.c.obj          14      0         0      
       copy_zero_init.c.obj                12      0         0      
       stkdepth_vars.c.obj                 0       0         4      
       div0.asm.obj                        2       0         0      
    +--+-----------------------------------+-------+---------+---------+
       Total:                              8089    257       16     
                                                                    
    C:\ti\simplelink_cc13x2_26x2_sdk_3_40_00_02\kernel\tirtos\packages\ti\targets\arm\rtsarm\lib\auto_init.aem4f
       auto_init.oem4f                     160     0         0      
    +--+-----------------------------------+-------+---------+---------+
       Total:                              160     0         0      
                                                                    
    C:\ti\simplelink_cc13x2_26x2_sdk_3_40_00_02\kernel\tirtos\packages\ti\targets\arm\rtsarm\lib\boot.aem4f
       boot.oem4f                          88      0         0      
    +--+-----------------------------------+-------+---------+---------+
       Total:                              88      0         0      
                                                                    
       Stack:                              0       0         1024   
       Linker Generated:                   456     818       0      
    +--+-----------------------------------+-------+---------+---------+
       Grand Total:                        39040   3634      8976   


LINKER GENERATED COPY TABLES

__TI_cinit_table @ 0000a648 records: 5, size/record: 8, table size: 40
	.data: load addr=0000a338, load size=000002de bytes, run addr=200027e8, run size=0000075a bytes, compression=lzss
	.bss: load addr=0000a628, load size=00000008 bytes, run addr=20000110, run size=000016d2 bytes, compression=zero_init
	.data:xdcRomConstPtr: load addr=0000a630, load size=00000008 bytes, run addr=20000100, run size=00000004 bytes, compression=lzss
	.data:xdcRomExternFuncPtr: load addr=0000a638, load size=00000008 bytes, run addr=20000104, run size=00000004 bytes, compression=lzss
	.data:xdcRomStatePtr: load addr=0000a640, load size=00000008 bytes, run addr=20000108, run size=00000004 bytes, compression=lzss


LINKER GENERATED HANDLER TABLE

__TI_handler_table @ 0000a618 records: 3, size/record: 4, table size: 12
	index: 0, handler: __TI_decompress_lzss
	index: 1, handler: __TI_decompress_none
[...]
1002eb79  ti_sysbios_BIOS_RtsGateProxy_Params__init__S                       
1002eb79  ti_sysbios_gates_GateMutex_Params__init__S                         
1002eb79  ti_sysbios_heaps_HeapMem_Module_GateProxy_Params__init__S          
1002eb85  ti_sysbios_heaps_HeapTrack_Params__init__S                         
1002eb91  ti_sysbios_heaps_HeapTrack_isBlocking__E                           
1002eb9d  ti_sysbios_knl_Clock_Params__init__S                               
1002eba9  ti_sysbios_knl_Clock_getTimerHandle__E                             
1002ebb5  ti_sysbios_knl_Event_Params__init__S                               
1002ebc1  ti_sysbios_knl_Mailbox_Params__init__S                             
1002ebcd  ti_sysbios_knl_Queue_dequeue__E                                    
1002ebd9  ti_sysbios_knl_Queue_enqueue__E                                    
1002ebe5  ti_sysbios_knl_Semaphore_Params__init__S                           
1002ebf1  ti_sysbios_knl_Swi_Params__init__S                                 
1002ebfd  ti_sysbios_knl_Swi_self__E                                         
1002ec09  ti_sysbios_knl_Task_Params__init__S                                
1002ec15  ti_sysbios_hal_Hwi_Instance_finalize__E                            
1002ec1f  ti_sysbios_knl_Event_Instance_init__E                              
1002ec29  ti_sysbios_family_arm_m3_Hwi_doSwiRestore__I                       
1002ec31  ti_sysbios_family_arm_m3_Hwi_startup__E                            
1002ec31  ti_sysbios_hal_Hwi_HwiProxy_startup__E                             
1002ec31  ti_sysbios_hal_Hwi_HwiProxy_startup__E                             
1002ec31  ti_sysbios_hal_Hwi_startup__E                                      
1002ec31  ti_sysbios_hal_Hwi_startup__E                                      
1002ec39  ti_sysbios_knl_Idle_loop__E                                        
1002ec41  ti_sysbios_family_arm_m3_Hwi_doTaskRestore__I                      
1002ec47  HwiP_restore                                                       
1002ec47  ti_sysbios_family_arm_m3_Hwi_restoreFxn__E                         
1002ec4d  ti_sysbios_gates_GateHwi_leave__E                                  
1002ec53  ti_sysbios_gates_GateMutex_Instance_finalize__E                    
1002ec59  ti_sysbios_heaps_HeapMem_isBlocking__E                             
1002ec5f  ti_sysbios_knl_Queue_Instance_init__E                              
1002ec65  ti_sysbios_knl_Queue_elemClear__E                                  
1002ec6b  ti_sysbios_knl_Swi_startup__E                                      
1002ec71  ti_sysbios_knl_Task_enable__E                                      
1002ec77  ti_sysbios_BIOS_RtsGateProxy_enter__E                              
1002ec7b  ti_sysbios_BIOS_RtsGateProxy_leave__E                              
1002ec7f  ti_sysbios_family_arm_cc26xx_Timer_getExpiredTicks__E              
1002ec83  ti_sysbios_family_arm_cc26xx_Timer_getPeriod__E                    
1002ec87  ti_sysbios_family_arm_cc26xx_Timer_setPeriod__E                    
1002ec8b  ti_sysbios_family_arm_m3_Hwi_delete                                
1002ec8f  ti_sysbios_family_arm_m3_TaskSupport_Module__startupDone__S        
1002ec8f  ti_sysbios_knl_Task_SupportProxy_Module__startupDone__S            
1002ec93  ti_sysbios_gates_GateHwi_query__E                                  
1002ec93  xdc_runtime_Main_Module_GateProxy_query__E                         
1002ec93  xdc_runtime_System_Module_GateProxy_query__E                       
1002ec93  xdc_runtime_System_Module_GateProxy_query__E                       
1002ec97  ti_sysbios_gates_GateMutex_delete                                  
1002ec9b  ti_sysbios_BIOS_RtsGateProxy_query__E                              
1002ec9b  ti_sysbios_BIOS_RtsGateProxy_query__E                              
1002ec9b  ti_sysbios_gates_GateMutex_query__E                                
1002ec9b  ti_sysbios_heaps_HeapMem_Module_GateProxy_query__E                 
1002ec9b  ti_sysbios_heaps_HeapMem_Module_GateProxy_query__E                 
1002ec9f  ti_sysbios_hal_Hwi_HwiProxy_create                                 
1002eca3  ti_sysbios_hal_Hwi_HwiProxy_delete                                 
1002eca7  ti_sysbios_hal_Hwi_delete                                          
1002ecab  ti_sysbios_heaps_HeapMem_Module_GateProxy_enter__E                 
1002ecaf  ti_sysbios_heaps_HeapMem_Module_GateProxy_leave__E                 
1002ecb3  ti_sysbios_knl_Clock_TimerProxy_getExpiredTicks__E                 
1002ecb7  ti_sysbios_knl_Clock_TimerProxy_getPeriod__E                       
1002ecbb  ti_sysbios_knl_Clock_delete                                        
1002ecbf  ti_sysbios_knl_Clock_removeI__E                                    
1002ecc3  ti_sysbios_knl_Clock_setTimeout__E                                 
1002ecc7  ti_sysbios_knl_Event_delete                                        
1002eccb  ti_sysbios_knl_Mailbox_delete                                      
1002eccf  ti_sysbios_knl_Queue_delete                                        
1002ecd3  ti_sysbios_knl_Queue_head__E                                       
1002ecd7  ti_sysbios_knl_Queue_next__E                                       
1002ecdb  ti_sysbios_knl_Semaphore_delete                                    
1002ecdf  ti_sysbios_knl_Swi_delete                                          
1002ece3  ti_sysbios_knl_Swi_postInit__I                                     
1002ece7  ti_sysbios_knl_Task_delete                                         
1002eceb  ti_sysbios_knl_Task_startup__E                                     
1002ecf1  xdc_runtime_System_doPrint__I                                      
1002f055  xdc_runtime_Startup_startMods__I                                   
1002f15d  xdc_runtime_Text_putSite__E                                        
1002f1f7  xdc_runtime_Error_policySpin__E                                    
1002f1f9  xdc_runtime_Text_putMod__E                                         
1002f289  xdc_runtime_Memory_alloc__E                                        
1002f2f9  xdc_runtime_Core_createObject__I                                   
1002f367  xdc_runtime_Core_deleteObject__I                                   
1002f3c5  xdc_runtime_Text_putLab__E                                         
1002f421  xdc_runtime_Assert_raise__I                                        
1002f475  xdc_runtime_Startup_exec__E                                        
1002f4c9  xdc_runtime_Core_assignParams__I                                   
1002f511  xdc_runtime_Core_constructObject__I                                
1002f559  xdc_runtime_System_atexit__E                                       
1002f5a1  xdc_runtime_Text_xprintf__I                                        
1002f5e5  xdc_runtime_System_processAtExit__E                                
1002f625  xdc_runtime_System_putchar__I                                      
1002f659  xdc_runtime_Core_assignLabel__I                                    
1002f689  xdc_runtime_Text_printVisFxn__I                                    
1002f6b9  xdc_runtime_System_vprintf__E                                      
1002f6e5  xdc_runtime_Text_cordText__E                                       
1002f711  xdc_runtime_System_abort__E                                        
1002f739  xdc_runtime_Error_raiseX__E                                        
1002f759  xdc_runtime_Registry_findById__E                                   
1002f779  xdc_runtime_Error_check__E                                         
1002f795  xdc_runtime_Memory_valloc__E                                       
1002f7b1  xdc_runtime_System_exit__E                                         
1002f7cd  xdc_runtime_Text_ropeText__E                                       
1002f7e9  xdc_runtime_System_printf__E                                       
1002f803  xdc_runtime_Core_destructObject__I                                 
1002f81b  xdc_runtime_System_abortSpin__E                                    
1002f81d  xdc_runtime_Memory_free__E                                         
1002f831  xdc_runtime_Memory_getStats__E                                     
1002f845  xdc_runtime_SysCallback_abort__E                                   
1002f845  xdc_runtime_System_SupportProxy_abort__E                           
1002f859  xdc_runtime_SysCallback_exit__E                                    
1002f859  xdc_runtime_System_SupportProxy_exit__E                            
1002f86d  xdc_runtime_SysCallback_flush__E                                   
1002f86d  xdc_runtime_System_SupportProxy_flush__E                           
1002f86d  xdc_runtime_System_flush__E                                        
1002f881  xdc_runtime_SysCallback_putch__E                                   
1002f881  xdc_runtime_System_SupportProxy_putch__E                           
1002f895  xdc_runtime_SysCallback_ready__E                                   
1002f895  xdc_runtime_System_SupportProxy_ready__E                           
1002f8a9  xdc_runtime_Memory_getMaxDefaultTypeAlign__E                       
1002f8b9  xdc_runtime_System_vsnprintf__E                                    
1002f8c9  xdc_runtime_Timestamp_SupportProxy_get32__E                        
1002f8c9  xdc_runtime_Timestamp_SupportProxy_get32__E                        
1002f8c9  xdc_runtime_Timestamp_get32__E                                     
1002f8c9  xdc_runtime_Timestamp_get32__E                                     
1002f8d9  xdc_runtime_Memory_calloc__E                                       
1002f8e5  xdc_runtime_Startup_rtsDone__E                                     
1002f8f1  xdc_runtime_Memory_HeapProxy_alloc__E                              
1002f8fb  xdc_runtime_Memory_HeapProxy_free__E                               
1002f905  xdc_runtime_Memory_HeapProxy_getStats__E                           
1002f90f  xdc_runtime_Gate_leaveSystem__E                                    
1002f915  xdc_runtime_System_Module_startup__E                               
1002f91b  xdc_runtime_Gate_enterSystem__E                                    
1002f91f  xdc_runtime_SysCallback_Module__startupDone__S                     
1002f91f  xdc_runtime_System_SupportProxy_Module__startupDone__S             
1002f923  xdc_runtime_System_Module_GateProxy_enter__E                       
1002f927  xdc_runtime_System_Module_GateProxy_leave__E                       
1002f92b  xdc_runtime_System_printf_va__F                                    
1002f92f  xdc_runtime_System_exitSpin__E                                     
1002f931  ti_sysbios_family_arm_m3_Hwi_dispatch__I                           
1002fa11  ti_sysbios_family_arm_m3_Hwi_interruptsAreDisabledButShouldNotBe   
1002fa2d  ti_sysbios_family_arm_m3_TaskSupport_buildTaskStack                
1002fab9  ti_sysbios_family_arm_m3_Hwi_initStacks__E                         
1002fb11  ti_sysbios_family_arm_m3_Hwi_pendSV__I                             
1002fb35  ti_sysbios_family_arm_m3_Hwi_return                                
1002fb39  ti_sysbios_family_arm_m3_Hwi_excHandlerAsm__I                      
1002fb59  ti_sysbios_family_xxx_Hwi_switchAndRunFunc                         
1002fb77  ti_sysbios_family_arm_m3_TaskSupport_swap__E                       
1002fb77  ti_sysbios_knl_Task_SupportProxy_swap__E                           
1002fb77  ti_sysbios_knl_Task_SupportProxy_swap__E                           
1002fb83  ti_sysbios_knl_Task_swapReturn                                     
1002fb8f  ti_sysbios_family_arm_m3_TaskSupport_glue                          
1002fba0  ti_sysbios_knl_Task_Object__PARAMS__C                              
1002fbdc  ti_sysbios_knl_Mailbox_Object__PARAMS__C                           
1002fc10  ti_sysbios_family_arm_m3_Hwi_Object__PARAMS__C                     
1002fc40  ti_sysbios_hal_Hwi_Object__PARAMS__C                               
1002fc6c  ti_sysbios_knl_Swi_Object__PARAMS__C                               
1002fc94  ti_sysbios_heaps_HeapMem_Object__PARAMS__C                         
1002fcb8  ti_sysbios_knl_Clock_Object__PARAMS__C                             
1002fcdc  ti_sysbios_knl_Semaphore_Object__PARAMS__C                         
1002fd00  ti_sysbios_gates_GateHwi_Object__PARAMS__C                         
1002fd18  ti_sysbios_gates_GateMutex_Object__PARAMS__C                       
1002fd30  ti_sysbios_knl_Event_Object__PARAMS__C                             
1002fd48  ti_sysbios_knl_Queue_Object__PARAMS__C                             
1002fd80  ti_sysbios_heaps_HeapTrack_Object__PARAMS__C                       
1002fd9c  ti_sysbios_heaps_HeapTrack_Instance_State_trackQueue__O            
1002fda0  ti_sysbios_heaps_HeapTrack_Module__diagsEnabled__C                 
1002fda4  ti_sysbios_heaps_HeapTrack_Module__diagsIncluded__C                
1002fda8  ti_sysbios_heaps_HeapTrack_Module__diagsMask__C                    
1002fddb  strlen                                                             
20000000  ti_sysbios_family_arm_m3_Hwi_ramVectors                            
20000100  xdcRomConstPtr                                                     
20000104  xdcRomExternFuncPtr                                                
20000108  xdcRomStatePtr                                                     
20000d80  ti_sysbios_knl_Task_Instance_State_0_stack__A                      
20000f80  uartCC26XXObjects                                                  
200010ac  ti_sysbios_family_arm_m3_Hwi_dispatchTable                         
200012c8  pinHandleTable                                                     
200013a8  rxTask                                                             
200013f8  serverTask                                                         
20001448  gptimerCC26XXObjects                                               
20001664  pwmTimerCC26XXObjects                                              
200017cc  ClockP_tickPeriod                                                  
200017d0  PowerCC26XX_swiKey                                                 
200017d4  PowerCC26XX_taskKey                                                
200017d8  pinHandle                                                          
200017dc  proportional_valve_pwm_handle                                      
200017e1  driverlib_release_0_55938                                          
200017e8  __primary_heap_start__                                             
200027e8  PowerCC26X2_module                                                 
200027e8  __primary_heap_end__                                               
200028f8  ROM_stateStruct                                                    
200028f8  ti_sysbios_knl_Clock_Module__state__V                              
20002924  ti_sysbios_family_arm_cc26xx_TimestampProvider_Module__state__V    
20002928  xdc_runtime_Startup_Module__state__V                               
20002930  xdc_runtime_Registry_Module__state__V                              
20002938  ti_sysbios_BIOS_Module__state__V                                   
2000295c  ti_sysbios_knl_Swi_Module__state__V                                
20002978  ti_sysbios_knl_Task_Module__state__V                               
200029bc  xdc_runtime_Memory_Module__state__V                                
200029c0  xdc_runtime_System_Module__state__V                                
200029c8  ti_sysbios_family_arm_m3_Hwi_Module__state__V                      
200029fc  ti_sysbios_family_arm_cc26xx_Timer_Module__state__V                
20002a8c  txPowerTable_slr5kbps2gfsk_0                                       
20002b0e  ti_sysbios_family_arm_m3_Hwi_Module_State_0_excActive__A           
20002b10  ti_sysbios_gates_GateMutex_Object__table__V                        
20002b64  ti_sysbios_knl_Task_Object__table__V                               
20002bb0  ti_sysbios_family_arm_cc26xx_Timer_Object__table__V                
20002c38  RF_cmdPropRadioDivSetup_slr5kbps2gfsk_0                            
20002c68  RF_cmdPropRxAdv_slr5kbps2gfsk_0                                    
20002c98  ti_sysbios_knl_Swi_Module_State_0_readyQ__A                        
20002cc8  ti_sysbios_knl_Swi_Object__table__V                                
20002cf8  ti_sysbios_knl_Task_Module_State_0_readyQ__A                       
20002d28  EasyLink_supportedPhys                                             
20002d4c  pOverrides_slr5kbps2gfsk_0                                         
20002d6c  ti_sysbios_knl_Clock_Object__table__V                              
20002d8c  xdc_runtime_Error_IgnoreBlock                                      
20002dac  gpioCallbackFunctions                                              
20002dc8  gpioPinConfigs                                                     
20002e00  RF_cmdFs_slr5kbps2gfsk_0                                           
20002e18  RF_cmdPropTx_slr5kbps2gfsk_0                                       
20002e30  ti_sysbios_family_arm_m3_Hwi_Object__table__V                      
20002e48  ti_sysbios_heaps_HeapMem_Object__table__V                          
20002e60  pOverrides_slr5kbps2gfsk_0Tx20                                     
20002e74  pOverrides_slr5kbps2gfsk_0TxStd                                    
20002e88  RF_prop_slr5kbps2gfsk_0                                            
20002e98  pinTable                                                           
20002ea4  _lock                                                              
20002ea8  _unlock                                                            
20002eac  pinUpperBound                                                      
20002eb0  pinLowerBound                                                      
20002eb4  ti_sysbios_family_arm_m3_Hwi_Module__root__V                       
20002ebc  ti_sysbios_gates_GateHwi_Module__root__V                           
20002ec4  ti_sysbios_gates_GateMutex_Module__root__V                         
20002ecc  ti_sysbios_hal_Hwi_Module__root__V                                 
20002ed4  ti_sysbios_heaps_HeapMem_Module__root__V                           
20002edc  ti_sysbios_knl_Clock_Module__root__V                               
20002ee4  ti_sysbios_knl_Event_Module__root__V                               
20002eec  ti_sysbios_knl_Mailbox_Module__root__V                             
20002ef4  ti_sysbios_knl_Queue_Module__root__V                               
20002efc  ti_sysbios_knl_Semaphore_Module__root__V                           
20002f04  ti_sysbios_knl_Swi_Module__root__V                                 
20002f0c  ti_sysbios_knl_Task_Module__root__V                                
20002f14  xdc_runtime_System_Module_State_0_atexitHandlers__A                
20002f30  main_func_sp                                                       
20002f34  ti_sysbios_family_arm_m3_Hwi_Module_State_0_excContext__A          
20002f38  ti_sysbios_family_arm_m3_Hwi_Module_State_0_excStack__A            
20002f3c  ti_sysbios_knl_Task_Module_State_0_idleTask__A                     
20013c00  __stack                                                            
20014000  __STACK_END                                                        
e000e000  ti_sysbios_family_arm_m3_Hwi_nvic                                  
ffffffff  __TI_pprof_out_hndl                                                
ffffffff  __TI_prof_data_size                                                
ffffffff  __TI_prof_data_start                                               
ffffffff  __binit__                                                          
ffffffff  __c_args__                                                         
ffffffff  binit                                                              
UNDEFED   SHT$$INIT_ARRAY$$Base                                              
UNDEFED   SHT$$INIT_ARRAY$$Limit                                             

[963 symbols]
